STMicroelectronics Memory Configuration

Name     Origin   Length   Bytes-Used %age-Used Attributes
RAM 0x20000000 0x005000 0x0009b0       12%  rwx     
FLASH 0x8000000 0x010000 0x005688       33%  rx      

     VMA      LMA     Size Align Out     In      Symbol
       0        0        0     1 _estack = ORIGIN(RAM) + LENGTH(RAM)
       0        0        0     1 _Min_Heap_Size = 0x200
       0        0        0     1 _Min_Stack_Size = 0x400
 8000000  8000000      10c     1 .isr_vector
 8000000  8000000        0     1         . = ALIGN(4)
 8000000  8000000      10c     1         CMakeFiles/PowerControl_3OutVer_CMAKE.dir/startup_stm32f103xb.s.obj:(.isr_vector)
 8000000  8000000        0     1                 g_pfnVectors
 800010c  800010c        0     1         . = ALIGN(4)
 800010c  800010c     54cc     4 .text
 800010c  800010c        0     1         . = ALIGN(4)
 800010c  800010c      118     4         C:/Users/Cindy/AppData/Local/stm32cube/bundles/st-arm-clang/21.1.1+st.6/bin/../lib/clang-runtimes/arm-none-eabi/armv7m_soft_nofp_exn_rtti_unaligned_size/lib/libclang_rt.builtins.a(mulsf3.S.obj):(.text)
 800010c  800010c        0     1                 $t
 800010d  800010d      118     1                 __mulsf3
 800010d  800010d      118     1                 __aeabi_fmul
 8000224  8000224      1c4     4         C:/Users/Cindy/AppData/Local/stm32cube/bundles/st-arm-clang/21.1.1+st.6/bin/../lib/clang-runtimes/arm-none-eabi/armv7m_soft_nofp_exn_rtti_unaligned_size/lib/libclang_rt.builtins.a(divsf3.S.obj):(.text)
 8000224  8000224        0     1                 $t
 8000225  8000225      1c0     1                 __divsf3
 8000225  8000225      1c0     1                 __aeabi_fdiv
 80003a4  80003a4        0     1                 $d
 80003e8  80003e8       62     4         C:/Users/Cindy/AppData/Local/stm32cube/bundles/st-arm-clang/21.1.1+st.6/bin/../lib/clang-runtimes/arm-none-eabi/armv7m_soft_nofp_exn_rtti_unaligned_size/lib/libclang_rt.builtins.a(aeabi_fcmp.S.obj):(.text)
 80003e8  80003e8        0     1                 $t
 80003e9  80003e9       12     1                 __aeabi_fcmpeq
 80003fd  80003fd       12     1                 __aeabi_fcmplt
 8000411  8000411       12     1                 __aeabi_fcmple
 8000425  8000425       12     1                 __aeabi_fcmpge
 8000439  8000439       12     1                 __aeabi_fcmpgt
 800044c  800044c       84     4         C:/Users/Cindy/AppData/Local/stm32cube/bundles/st-arm-clang/21.1.1+st.6/bin/../lib/clang-runtimes/arm-none-eabi/armv7m_soft_nofp_exn_rtti_unaligned_size/lib/libclang_rt.builtins.a(comparesf2.S.obj):(.text)
 800044c  800044c        0     1                 $t
 800044d  800044d       36     1                 __eqsf2
 800044d  800044d       36     1                 __lesf2
 800044d  800044d       36     1                 __ltsf2
 800044d  800044d       36     1                 __nesf2
 800044d  800044d       36     1                 __cmpsf2
 8000485  8000485       38     1                 __gtsf2
 8000485  8000485       38     1                 __gesf2
 80004bd  80004bd       14     1                 __unordsf2
 80004bd  80004bd       14     1                 __aeabi_fcmpun
 80004d0  80004d0        2     4         cmake/stm32cubemx/CMakeFiles/STM32_Drivers.dir/__/__/Core/Src/system_stm32f1xx.c.obj:(.text.SystemInit)
 80004d0  80004d0        0     1                 $t
 80004d1  80004d1        2     1                 SystemInit
 80004d4  80004d4       f6     4         cmake/stm32cubemx/CMakeFiles/STM32_Drivers.dir/__/__/Drivers/STM32F1xx_HAL_Driver/Src/stm32f1xx_hal_can.c.obj:(.text.HAL_CAN_Init)
 80004d4  80004d4        0     1                 $t
 80004d5  80004d5       f6     1                 HAL_CAN_Init
 80005cc  80005cc       f6     4         cmake/stm32cubemx/CMakeFiles/STM32_Drivers.dir/__/__/Drivers/STM32F1xx_HAL_Driver/Src/stm32f1xx_hal_can.c.obj:(.text.HAL_CAN_ConfigFilter)
 80005cc  80005cc        0     1                 $t
 80005cd  80005cd       f6     1                 HAL_CAN_ConfigFilter
 80006c4  80006c4       5a     4         cmake/stm32cubemx/CMakeFiles/STM32_Drivers.dir/__/__/Drivers/STM32F1xx_HAL_Driver/Src/stm32f1xx_hal_can.c.obj:(.text.HAL_CAN_Start)
 80006c4  80006c4        0     1                 $t
 80006c5  80006c5       5a     1                 HAL_CAN_Start
 8000720  8000720       a8     4         cmake/stm32cubemx/CMakeFiles/STM32_Drivers.dir/__/__/Drivers/STM32F1xx_HAL_Driver/Src/stm32f1xx_hal_can.c.obj:(.text.HAL_CAN_AddTxMessage)
 8000720  8000720        0     1                 $t
 8000721  8000721       a8     1                 HAL_CAN_AddTxMessage
 80007c8  80007c8       2e     4         cmake/stm32cubemx/CMakeFiles/STM32_Drivers.dir/__/__/Drivers/STM32F1xx_HAL_Driver/Src/stm32f1xx_hal_can.c.obj:(.text.HAL_CAN_ActivateNotification)
 80007c8  80007c8        0     1                 $t
 80007c9  80007c9       2e     1                 HAL_CAN_ActivateNotification
 80007f8  80007f8       26     4         cmake/stm32cubemx/CMakeFiles/STM32_Drivers.dir/__/__/Drivers/STM32F1xx_HAL_Driver/Src/stm32f1xx_hal.c.obj:(.text.HAL_Init)
 80007f8  80007f8        0     1                 $t
 80007f9  80007f9       26     1                 HAL_Init
 8000820  8000820       50     4         cmake/stm32cubemx/CMakeFiles/STM32_Drivers.dir/__/__/Drivers/STM32F1xx_HAL_Driver/Src/stm32f1xx_hal.c.obj:(.text.HAL_InitTick)
 8000820  8000820        0     1                 $t
 8000821  8000821       50     1                 HAL_InitTick
 8000870  8000870       1a     4         cmake/stm32cubemx/CMakeFiles/STM32_Drivers.dir/__/__/Drivers/STM32F1xx_HAL_Driver/Src/stm32f1xx_hal.c.obj:(.text.HAL_IncTick)
 8000870  8000870        0     1                 $t
 8000871  8000871       1a     1                 HAL_IncTick
 800088c  800088c        c     4         cmake/stm32cubemx/CMakeFiles/STM32_Drivers.dir/__/__/Drivers/STM32F1xx_HAL_Driver/Src/stm32f1xx_hal.c.obj:(.text.HAL_GetTick)
 800088c  800088c        0     1                 $t
 800088d  800088d        c     1                 HAL_GetTick
 8000898  8000898       28     4         cmake/stm32cubemx/CMakeFiles/STM32_Drivers.dir/__/__/Drivers/STM32F1xx_HAL_Driver/Src/stm32f1xx_hal.c.obj:(.text.HAL_Delay)
 8000898  8000898        0     1                 $t
 8000899  8000899       28     1                 HAL_Delay
 80008c0  80008c0      34e     4         cmake/stm32cubemx/CMakeFiles/STM32_Drivers.dir/__/__/Drivers/STM32F1xx_HAL_Driver/Src/stm32f1xx_hal_rcc.c.obj:(.text.HAL_RCC_OscConfig)
 80008c0  80008c0        0     1                 $t
 80008c1  80008c1      34e     1                 HAL_RCC_OscConfig
 8000c10  8000c10      19e     4         cmake/stm32cubemx/CMakeFiles/STM32_Drivers.dir/__/__/Drivers/STM32F1xx_HAL_Driver/Src/stm32f1xx_hal_rcc.c.obj:(.text.HAL_RCC_ClockConfig)
 8000c10  8000c10        0     1                 $t
 8000c11  8000c11      19e     1                 HAL_RCC_ClockConfig
 8000db0  8000db0       26     4         cmake/stm32cubemx/CMakeFiles/STM32_Drivers.dir/__/__/Drivers/STM32F1xx_HAL_Driver/Src/stm32f1xx_hal_rcc.c.obj:(.text.HAL_RCC_GetPCLK1Freq)
 8000db0  8000db0        0     1                 $t
 8000db1  8000db1       26     1                 HAL_RCC_GetPCLK1Freq
 8000dd8  8000dd8       26     4         cmake/stm32cubemx/CMakeFiles/STM32_Drivers.dir/__/__/Drivers/STM32F1xx_HAL_Driver/Src/stm32f1xx_hal_rcc.c.obj:(.text.HAL_RCC_GetPCLK2Freq)
 8000dd8  8000dd8        0     1                 $t
 8000dd9  8000dd9       26     1                 HAL_RCC_GetPCLK2Freq
 8000e00  8000e00      22e     4         cmake/stm32cubemx/CMakeFiles/STM32_Drivers.dir/__/__/Drivers/STM32F1xx_HAL_Driver/Src/stm32f1xx_hal_gpio.c.obj:(.text.HAL_GPIO_Init)
 8000e00  8000e00        0     1                 $t
 8000e01  8000e01      22e     1                 HAL_GPIO_Init
 8000e7a  8000e7a        0     1                 $d
 8000e8e  8000e8e        0     1                 $t
 8001030  8001030        c     4         cmake/stm32cubemx/CMakeFiles/STM32_Drivers.dir/__/__/Drivers/STM32F1xx_HAL_Driver/Src/stm32f1xx_hal_gpio.c.obj:(.text.HAL_GPIO_ReadPin)
 8001030  8001030        0     1                 $t
 8001031  8001031        c     1                 HAL_GPIO_ReadPin
 800103c  800103c        a     4         cmake/stm32cubemx/CMakeFiles/STM32_Drivers.dir/__/__/Drivers/STM32F1xx_HAL_Driver/Src/stm32f1xx_hal_gpio.c.obj:(.text.HAL_GPIO_WritePin)
 800103c  800103c        0     1                 $t
 800103d  800103d        a     1                 HAL_GPIO_WritePin
 8001048  8001048       12     4         cmake/stm32cubemx/CMakeFiles/STM32_Drivers.dir/__/__/Drivers/STM32F1xx_HAL_Driver/Src/stm32f1xx_hal_gpio.c.obj:(.text.HAL_GPIO_TogglePin)
 8001048  8001048        0     1                 $t
 8001049  8001049       12     1                 HAL_GPIO_TogglePin
 800105c  800105c       16     4         cmake/stm32cubemx/CMakeFiles/STM32_Drivers.dir/__/__/Drivers/STM32F1xx_HAL_Driver/Src/stm32f1xx_hal_gpio.c.obj:(.text.HAL_GPIO_EXTI_IRQHandler)
 800105c  800105c        0     1                 $t
 800105d  800105d       16     1                 HAL_GPIO_EXTI_IRQHandler
 8001074  8001074       40     4         cmake/stm32cubemx/CMakeFiles/STM32_Drivers.dir/__/__/Drivers/STM32F1xx_HAL_Driver/Src/stm32f1xx_hal_dma.c.obj:(.text.HAL_DMA_Abort)
 8001074  8001074        0     1                 $t
 8001075  8001075       40     1                 HAL_DMA_Abort
 80010b4  80010b4       b8     4         cmake/stm32cubemx/CMakeFiles/STM32_Drivers.dir/__/__/Drivers/STM32F1xx_HAL_Driver/Src/stm32f1xx_hal_dma.c.obj:(.text.HAL_DMA_Abort_IT)
 80010b4  80010b4        0     1                 $t
 80010b5  80010b5       b8     1                 HAL_DMA_Abort_IT
 800116c  800116c       20     4         cmake/stm32cubemx/CMakeFiles/STM32_Drivers.dir/__/__/Drivers/STM32F1xx_HAL_Driver/Src/stm32f1xx_hal_cortex.c.obj:(.text.HAL_NVIC_SetPriorityGrouping)
 800116c  800116c        0     1                 $t
 800116d  800116d       20     1                 HAL_NVIC_SetPriorityGrouping
 800118c  800118c       5c     4         cmake/stm32cubemx/CMakeFiles/STM32_Drivers.dir/__/__/Drivers/STM32F1xx_HAL_Driver/Src/stm32f1xx_hal_cortex.c.obj:(.text.HAL_NVIC_SetPriority)
 800118c  800118c        0     1                 $t
 800118d  800118d       5c     1                 HAL_NVIC_SetPriority
 80011e8  80011e8       20     4         cmake/stm32cubemx/CMakeFiles/STM32_Drivers.dir/__/__/Drivers/STM32F1xx_HAL_Driver/Src/stm32f1xx_hal_cortex.c.obj:(.text.HAL_NVIC_EnableIRQ)
 80011e8  80011e8        0     1                 $t
 80011e9  80011e9       20     1                 HAL_NVIC_EnableIRQ
 8001208  8001208       32     4         cmake/stm32cubemx/CMakeFiles/STM32_Drivers.dir/__/__/Drivers/STM32F1xx_HAL_Driver/Src/stm32f1xx_hal_cortex.c.obj:(.text.HAL_SYSTICK_Config)
 8001208  8001208        0     1                 $t
 8001209  8001209       32     1                 HAL_SYSTICK_Config
 800123c  800123c      170     4         cmake/stm32cubemx/CMakeFiles/STM32_Drivers.dir/__/__/Drivers/STM32F1xx_HAL_Driver/Src/stm32f1xx_hal_i2c.c.obj:(.text.HAL_I2C_Init)
 800123c  800123c        0     1                 $t
 800123d  800123d      170     1                 HAL_I2C_Init
 80013ac  80013ac       8e     4         cmake/stm32cubemx/CMakeFiles/STM32_Drivers.dir/__/__/Drivers/STM32F1xx_HAL_Driver/Src/stm32f1xx_hal_i2c.c.obj:(.text.I2C_WaitOnFlagUntilTimeout)
 80013ac  80013ac        0     1                 $t
 80013ad  80013ad       8e     1                 I2C_WaitOnFlagUntilTimeout
 800143c  800143c       74     4         cmake/stm32cubemx/CMakeFiles/STM32_Drivers.dir/__/__/Drivers/STM32F1xx_HAL_Driver/Src/stm32f1xx_hal_i2c.c.obj:(.text.I2C_WaitOnBTFFlagUntilTimeout)
 800143c  800143c        0     1                 $t
 800143d  800143d       74     1                 I2C_WaitOnBTFFlagUntilTimeout
 80014b0  80014b0      1aa     4         cmake/stm32cubemx/CMakeFiles/STM32_Drivers.dir/__/__/Drivers/STM32F1xx_HAL_Driver/Src/stm32f1xx_hal_i2c.c.obj:(.text.HAL_I2C_Mem_Write)
 80014b0  80014b0        0     1                 $t
 80014b1  80014b1      1aa     1                 HAL_I2C_Mem_Write
 800165c  800165c      1d6     4         cmake/stm32cubemx/CMakeFiles/STM32_Drivers.dir/__/__/Drivers/STM32F1xx_HAL_Driver/Src/stm32f1xx_hal_i2c.c.obj:(.text.I2C_RequestMemoryWrite)
 800165c  800165c        0     1                 $t
 800165d  800165d      1d6     1                 I2C_RequestMemoryWrite
 8001834  8001834      3a6     4         cmake/stm32cubemx/CMakeFiles/STM32_Drivers.dir/__/__/Drivers/STM32F1xx_HAL_Driver/Src/stm32f1xx_hal_i2c.c.obj:(.text.HAL_I2C_Mem_Read)
 8001834  8001834        0     1                 $t
 8001835  8001835      3a6     1                 HAL_I2C_Mem_Read
 8001bdc  8001bdc      258     4         cmake/stm32cubemx/CMakeFiles/STM32_Drivers.dir/__/__/Drivers/STM32F1xx_HAL_Driver/Src/stm32f1xx_hal_i2c.c.obj:(.text.I2C_RequestMemoryRead)
 8001bdc  8001bdc        0     1                 $t
 8001bdd  8001bdd      258     1                 I2C_RequestMemoryRead
 8001e34  8001e34       8a     4         cmake/stm32cubemx/CMakeFiles/STM32_Drivers.dir/__/__/Drivers/STM32F1xx_HAL_Driver/Src/stm32f1xx_hal_i2c.c.obj:(.text.I2C_WaitOnMasterAddressFlagUntilTimeout)
 8001e34  8001e34        0     1                 $t
 8001e35  8001e35       8a     1                 I2C_WaitOnMasterAddressFlagUntilTimeout
 8001ec0  8001ec0       5c     4         cmake/stm32cubemx/CMakeFiles/STM32_Drivers.dir/__/__/Drivers/STM32F1xx_HAL_Driver/Src/stm32f1xx_hal_iwdg.c.obj:(.text.HAL_IWDG_Init)
 8001ec0  8001ec0        0     1                 $t
 8001ec1  8001ec1       5c     1                 HAL_IWDG_Init
 8001f1c  8001f1c        c     4         cmake/stm32cubemx/CMakeFiles/STM32_Drivers.dir/__/__/Drivers/STM32F1xx_HAL_Driver/Src/stm32f1xx_hal_iwdg.c.obj:(.text.HAL_IWDG_Refresh)
 8001f1c  8001f1c        0     1                 $t
 8001f1d  8001f1d        c     1                 HAL_IWDG_Refresh
 8001f28  8001f28       ec     4         cmake/stm32cubemx/CMakeFiles/STM32_Drivers.dir/__/__/Drivers/STM32F1xx_HAL_Driver/Src/stm32f1xx_hal_tim.c.obj:(.text.HAL_TIM_Base_Init)
 8001f28  8001f28        0     1                 $t
 8001f29  8001f29       ec     1                 HAL_TIM_Base_Init
 8002014  8002014       6a     4         cmake/stm32cubemx/CMakeFiles/STM32_Drivers.dir/__/__/Drivers/STM32F1xx_HAL_Driver/Src/stm32f1xx_hal_tim.c.obj:(.text.HAL_TIM_Base_Start_IT)
 8002014  8002014        0     1                 $t
 8002015  8002015       6a     1                 HAL_TIM_Base_Start_IT
 8002080  8002080       ec     4         cmake/stm32cubemx/CMakeFiles/STM32_Drivers.dir/__/__/Drivers/STM32F1xx_HAL_Driver/Src/stm32f1xx_hal_tim.c.obj:(.text.HAL_TIM_PWM_Init)
 8002080  8002080        0     1                 $t
 8002081  8002081       ec     1                 HAL_TIM_PWM_Init
 800216c  800216c       c8     4         cmake/stm32cubemx/CMakeFiles/STM32_Drivers.dir/__/__/Drivers/STM32F1xx_HAL_Driver/Src/stm32f1xx_hal_tim.c.obj:(.text.HAL_TIM_PWM_Start)
 800216c  800216c        0     1                 $t
 800216d  800216d       c8     1                 HAL_TIM_PWM_Start
 8002234  8002234       98     4         cmake/stm32cubemx/CMakeFiles/STM32_Drivers.dir/__/__/Drivers/STM32F1xx_HAL_Driver/Src/stm32f1xx_hal_tim.c.obj:(.text.HAL_TIM_PWM_Stop)
 8002234  8002234        0     1                 $t
 8002235  8002235       98     1                 HAL_TIM_PWM_Stop
 80022cc  80022cc      148     4         cmake/stm32cubemx/CMakeFiles/STM32_Drivers.dir/__/__/Drivers/STM32F1xx_HAL_Driver/Src/stm32f1xx_hal_tim.c.obj:(.text.HAL_TIM_IRQHandler)
 80022cc  80022cc        0     1                 $t
 80022cd  80022cd      148     1                 HAL_TIM_IRQHandler
 8002414  8002414        2     4         cmake/stm32cubemx/CMakeFiles/STM32_Drivers.dir/__/__/Drivers/STM32F1xx_HAL_Driver/Src/stm32f1xx_hal_tim.c.obj:(.text.HAL_TIM_IC_CaptureCallback)
 8002414  8002414        0     1                 $t
 8002415  8002415        2     1                 HAL_TIM_IC_CaptureCallback
 8002418  8002418        2     4         cmake/stm32cubemx/CMakeFiles/STM32_Drivers.dir/__/__/Drivers/STM32F1xx_HAL_Driver/Src/stm32f1xx_hal_tim.c.obj:(.text.HAL_TIM_OC_DelayElapsedCallback)
 8002418  8002418        0     1                 $t
 8002419  8002419        2     1                 HAL_TIM_OC_DelayElapsedCallback
 800241c  800241c        2     4         cmake/stm32cubemx/CMakeFiles/STM32_Drivers.dir/__/__/Drivers/STM32F1xx_HAL_Driver/Src/stm32f1xx_hal_tim.c.obj:(.text.HAL_TIM_PWM_PulseFinishedCallback)
 800241c  800241c        0     1                 $t
 800241d  800241d        2     1                 HAL_TIM_PWM_PulseFinishedCallback
 8002420  8002420        2     4         cmake/stm32cubemx/CMakeFiles/STM32_Drivers.dir/__/__/Drivers/STM32F1xx_HAL_Driver/Src/stm32f1xx_hal_tim.c.obj:(.text.HAL_TIM_TriggerCallback)
 8002420  8002420        0     1                 $t
 8002421  8002421        2     1                 HAL_TIM_TriggerCallback
 8002424  8002424      20a     4         cmake/stm32cubemx/CMakeFiles/STM32_Drivers.dir/__/__/Drivers/STM32F1xx_HAL_Driver/Src/stm32f1xx_hal_tim.c.obj:(.text.HAL_TIM_PWM_ConfigChannel)
 8002424  8002424        0     1                 $t
 8002425  8002425      20a     1                 HAL_TIM_PWM_ConfigChannel
 800244e  800244e        0     1                 $d
 8002452  8002452        0     1                 $t
 8002630  8002630      19c     4         cmake/stm32cubemx/CMakeFiles/STM32_Drivers.dir/__/__/Drivers/STM32F1xx_HAL_Driver/Src/stm32f1xx_hal_tim.c.obj:(.text.HAL_TIM_ConfigClockSource)
 8002630  8002630        0     1                 $t
 8002631  8002631      19c     1                 HAL_TIM_ConfigClockSource
 80027cc  80027cc       1c     4         cmake/stm32cubemx/CMakeFiles/STM32_Drivers.dir/__/__/Drivers/STM32F1xx_HAL_Driver/Src/stm32f1xx_hal_tim.c.obj:(.text.HAL_TIM_GetChannelState)
 80027cc  80027cc        0     1                 $t
 80027cd  80027cd       1c     1                 HAL_TIM_GetChannelState
 80027e8  80027e8       82     4         cmake/stm32cubemx/CMakeFiles/STM32_Drivers.dir/__/__/Drivers/STM32F1xx_HAL_Driver/Src/stm32f1xx_hal_tim_ex.c.obj:(.text.HAL_TIMEx_MasterConfigSynchronization)
 80027e8  80027e8        0     1                 $t
 80027e9  80027e9       82     1                 HAL_TIMEx_MasterConfigSynchronization
 800286c  800286c        2     4         cmake/stm32cubemx/CMakeFiles/STM32_Drivers.dir/__/__/Drivers/STM32F1xx_HAL_Driver/Src/stm32f1xx_hal_tim_ex.c.obj:(.text.HAL_TIMEx_CommutCallback)
 800286c  800286c        0     1                 $t
 800286d  800286d        2     1                 HAL_TIMEx_CommutCallback
 8002870  8002870        2     4         cmake/stm32cubemx/CMakeFiles/STM32_Drivers.dir/__/__/Drivers/STM32F1xx_HAL_Driver/Src/stm32f1xx_hal_tim_ex.c.obj:(.text.HAL_TIMEx_BreakCallback)
 8002870  8002870        0     1                 $t
 8002871  8002871        2     1                 HAL_TIMEx_BreakCallback
 8002874  8002874       5e     4         cmake/stm32cubemx/CMakeFiles/STM32_Drivers.dir/__/__/Drivers/STM32F1xx_HAL_Driver/Src/stm32f1xx_hal_uart.c.obj:(.text.HAL_UART_Init)
 8002874  8002874        0     1                 $t
 8002875  8002875       5e     1                 HAL_UART_Init
 80028d4  80028d4       96     4         cmake/stm32cubemx/CMakeFiles/STM32_Drivers.dir/__/__/Drivers/STM32F1xx_HAL_Driver/Src/stm32f1xx_hal_uart.c.obj:(.text.UART_SetConfig)
 80028d4  80028d4        0     1                 $t
 80028d5  80028d5       96     1                 UART_SetConfig
 800296c  800296c       b0     4         cmake/stm32cubemx/CMakeFiles/STM32_Drivers.dir/__/__/Drivers/STM32F1xx_HAL_Driver/Src/stm32f1xx_hal_uart.c.obj:(.text.HAL_UARTEx_ReceiveToIdle_IT)
 800296c  800296c        0     1                 $t
 800296d  800296d       b0     1                 HAL_UARTEx_ReceiveToIdle_IT
 8002a1c  8002a1c      334     4         cmake/stm32cubemx/CMakeFiles/STM32_Drivers.dir/__/__/Drivers/STM32F1xx_HAL_Driver/Src/stm32f1xx_hal_uart.c.obj:(.text.HAL_UART_IRQHandler)
 8002a1c  8002a1c        0     1                 $t
 8002a1d  8002a1d      334     1                 HAL_UART_IRQHandler
 8002d50  8002d50       ce     4         cmake/stm32cubemx/CMakeFiles/STM32_Drivers.dir/__/__/Drivers/STM32F1xx_HAL_Driver/Src/stm32f1xx_hal_uart.c.obj:(.text.UART_Receive_IT)
 8002d50  8002d50        0     1                 $t
 8002d51  8002d51       ce     1                 UART_Receive_IT
 8002e20  8002e20        e     4         cmake/stm32cubemx/CMakeFiles/STM32_Drivers.dir/__/__/Drivers/STM32F1xx_HAL_Driver/Src/stm32f1xx_hal_uart.c.obj:(.text.UART_DMAAbortOnError)
 8002e20  8002e20        0     1                 $t
 8002e21  8002e21        e     1                 UART_DMAAbortOnError
 8002e30  8002e30        2     4         cmake/stm32cubemx/CMakeFiles/STM32_Drivers.dir/__/__/Drivers/STM32F1xx_HAL_Driver/Src/stm32f1xx_hal_uart.c.obj:(.text.HAL_UART_ErrorCallback)
 8002e30  8002e30        0     1                 $t
 8002e31  8002e31        2     1                 HAL_UART_ErrorCallback
 8002e34  8002e34        2     4         cmake/stm32cubemx/CMakeFiles/STM32_Drivers.dir/__/__/Drivers/STM32F1xx_HAL_Driver/Src/stm32f1xx_hal_uart.c.obj:(.text.HAL_UART_TxCpltCallback)
 8002e34  8002e34        0     1                 $t
 8002e35  8002e35        2     1                 HAL_UART_TxCpltCallback
 8002e38  8002e38        2     4         cmake/stm32cubemx/CMakeFiles/STM32_Drivers.dir/__/__/Drivers/STM32F1xx_HAL_Driver/Src/stm32f1xx_hal_uart.c.obj:(.text.HAL_UART_RxCpltCallback)
 8002e38  8002e38        0     1                 $t
 8002e39  8002e39        2     1                 HAL_UART_RxCpltCallback
 8002e3c  8002e3c      286     4         CMakeFiles/PowerControl_3OutVer_CMAKE.dir/Core/Src/main.c.obj:(.text.main)
 8002e3c  8002e3c        0     1                 $t
 8002e3d  8002e3d      286     1                 main
 80030c4  80030c4        6     4         CMakeFiles/PowerControl_3OutVer_CMAKE.dir/Core/Src/main.c.obj:(.text.Error_Handler)
 80030c4  80030c4        0     1                 $t
 80030c5  80030c5        6     1                 Error_Handler
 80030cc  80030cc       f0     4         CMakeFiles/PowerControl_3OutVer_CMAKE.dir/Core/Src/gpio.c.obj:(.text.MX_GPIO_Init)
 80030cc  80030cc        0     1                 $t
 80030cd  80030cd       f0     1                 MX_GPIO_Init
 80031bc  80031bc       40     4         CMakeFiles/PowerControl_3OutVer_CMAKE.dir/Core/Src/can.c.obj:(.text.MX_CAN_Init)
 80031bc  80031bc        0     1                 $t
 80031bd  80031bd       40     1                 MX_CAN_Init
 80031fc  80031fc       a0     4         CMakeFiles/PowerControl_3OutVer_CMAKE.dir/Core/Src/can.c.obj:(.text.HAL_CAN_MspInit)
 80031fc  80031fc        0     1                 $t
 80031fd  80031fd       a0     1                 HAL_CAN_MspInit
 800329c  800329c       42     4         CMakeFiles/PowerControl_3OutVer_CMAKE.dir/Core/Src/i2c.c.obj:(.text.MX_I2C1_Init)
 800329c  800329c        0     1                 $t
 800329d  800329d       42     1                 MX_I2C1_Init
 80032e0  80032e0       6a     4         CMakeFiles/PowerControl_3OutVer_CMAKE.dir/Core/Src/i2c.c.obj:(.text.HAL_I2C_MspInit)
 80032e0  80032e0        0     1                 $t
 80032e1  80032e1       6a     1                 HAL_I2C_MspInit
 800334c  800334c       2e     4         CMakeFiles/PowerControl_3OutVer_CMAKE.dir/Core/Src/iwdg.c.obj:(.text.MX_IWDG_Init)
 800334c  800334c        0     1                 $t
 800334d  800334d       2e     1                 MX_IWDG_Init
 800337c  800337c       88     4         CMakeFiles/PowerControl_3OutVer_CMAKE.dir/Core/Src/tim.c.obj:(.text.MX_TIM1_Init)
 800337c  800337c        0     1                 $t
 800337d  800337d       88     1                 MX_TIM1_Init
 8003404  8003404       c4     4         CMakeFiles/PowerControl_3OutVer_CMAKE.dir/Core/Src/tim.c.obj:(.text.MX_TIM2_Init)
 8003404  8003404        0     1                 $t
 8003405  8003405       c4     1                 MX_TIM2_Init
 80034c8  80034c8       86     4         CMakeFiles/PowerControl_3OutVer_CMAKE.dir/Core/Src/tim.c.obj:(.text.MX_TIM3_Init)
 80034c8  80034c8        0     1                 $t
 80034c9  80034c9       86     1                 MX_TIM3_Init
 8003550  8003550       84     4         CMakeFiles/PowerControl_3OutVer_CMAKE.dir/Core/Src/tim.c.obj:(.text.MX_TIM4_Init)
 8003550  8003550        0     1                 $t
 8003551  8003551       84     1                 MX_TIM4_Init
 80035d4  80035d4       ae     4         CMakeFiles/PowerControl_3OutVer_CMAKE.dir/Core/Src/tim.c.obj:(.text.HAL_TIM_Base_MspInit)
 80035d4  80035d4        0     1                 $t
 80035d5  80035d5       ae     1                 HAL_TIM_Base_MspInit
 8003684  8003684       2a     4         CMakeFiles/PowerControl_3OutVer_CMAKE.dir/Core/Src/tim.c.obj:(.text.HAL_TIM_PWM_MspInit)
 8003684  8003684        0     1                 $t
 8003685  8003685       2a     1                 HAL_TIM_PWM_MspInit
 80036b0  80036b0       3c     4         CMakeFiles/PowerControl_3OutVer_CMAKE.dir/Core/Src/usart.c.obj:(.text.MX_USART2_UART_Init)
 80036b0  80036b0        0     1                 $t
 80036b1  80036b1       3c     1                 MX_USART2_UART_Init
 80036ec  80036ec       8c     4         CMakeFiles/PowerControl_3OutVer_CMAKE.dir/Core/Src/usart.c.obj:(.text.HAL_UART_MspInit)
 80036ec  80036ec        0     1                 $t
 80036ed  80036ed       8c     1                 HAL_UART_MspInit
 8003778  8003778        2     4         CMakeFiles/PowerControl_3OutVer_CMAKE.dir/Core/Src/stm32f1xx_it.c.obj:(.text.NMI_Handler)
 8003778  8003778        0     1                 $t
 8003779  8003779        2     1                 NMI_Handler
 800377c  800377c        2     4         CMakeFiles/PowerControl_3OutVer_CMAKE.dir/Core/Src/stm32f1xx_it.c.obj:(.text.HardFault_Handler)
 800377c  800377c        0     1                 $t
 800377d  800377d        2     1                 HardFault_Handler
 8003780  8003780        2     4         CMakeFiles/PowerControl_3OutVer_CMAKE.dir/Core/Src/stm32f1xx_it.c.obj:(.text.MemManage_Handler)
 8003780  8003780        0     1                 $t
 8003781  8003781        2     1                 MemManage_Handler
 8003784  8003784        2     4         CMakeFiles/PowerControl_3OutVer_CMAKE.dir/Core/Src/stm32f1xx_it.c.obj:(.text.BusFault_Handler)
 8003784  8003784        0     1                 $t
 8003785  8003785        2     1                 BusFault_Handler
 8003788  8003788        2     4         CMakeFiles/PowerControl_3OutVer_CMAKE.dir/Core/Src/stm32f1xx_it.c.obj:(.text.UsageFault_Handler)
 8003788  8003788        0     1                 $t
 8003789  8003789        2     1                 UsageFault_Handler
 800378c  800378c        2     4         CMakeFiles/PowerControl_3OutVer_CMAKE.dir/Core/Src/stm32f1xx_it.c.obj:(.text.SVC_Handler)
 800378c  800378c        0     1                 $t
 800378d  800378d        2     1                 SVC_Handler
 8003790  8003790        2     4         CMakeFiles/PowerControl_3OutVer_CMAKE.dir/Core/Src/stm32f1xx_it.c.obj:(.text.DebugMon_Handler)
 8003790  8003790        0     1                 $t
 8003791  8003791        2     1                 DebugMon_Handler
 8003794  8003794        2     4         CMakeFiles/PowerControl_3OutVer_CMAKE.dir/Core/Src/stm32f1xx_it.c.obj:(.text.PendSV_Handler)
 8003794  8003794        0     1                 $t
 8003795  8003795        2     1                 PendSV_Handler
 8003798  8003798        4     4         CMakeFiles/PowerControl_3OutVer_CMAKE.dir/Core/Src/stm32f1xx_it.c.obj:(.text.SysTick_Handler)
 8003798  8003798        0     1                 $t
 8003799  8003799        4     1                 SysTick_Handler
 800379c  800379c        6     4         CMakeFiles/PowerControl_3OutVer_CMAKE.dir/Core/Src/stm32f1xx_it.c.obj:(.text.EXTI3_IRQHandler)
 800379c  800379c        0     1                 $t
 800379d  800379d        6     1                 EXTI3_IRQHandler
 80037a4  80037a4        6     4         CMakeFiles/PowerControl_3OutVer_CMAKE.dir/Core/Src/stm32f1xx_it.c.obj:(.text.EXTI4_IRQHandler)
 80037a4  80037a4        0     1                 $t
 80037a5  80037a5        6     1                 EXTI4_IRQHandler
 80037ac  80037ac        6     4         CMakeFiles/PowerControl_3OutVer_CMAKE.dir/Core/Src/stm32f1xx_it.c.obj:(.text.EXTI9_5_IRQHandler)
 80037ac  80037ac        0     1                 $t
 80037ad  80037ad        6     1                 EXTI9_5_IRQHandler
 80037b4  80037b4        c     4         CMakeFiles/PowerControl_3OutVer_CMAKE.dir/Core/Src/stm32f1xx_it.c.obj:(.text.TIM1_UP_IRQHandler)
 80037b4  80037b4        0     1                 $t
 80037b5  80037b5        c     1                 TIM1_UP_IRQHandler
 80037c0  80037c0        c     4         CMakeFiles/PowerControl_3OutVer_CMAKE.dir/Core/Src/stm32f1xx_it.c.obj:(.text.TIM3_IRQHandler)
 80037c0  80037c0        0     1                 $t
 80037c1  80037c1        c     1                 TIM3_IRQHandler
 80037cc  80037cc        c     4         CMakeFiles/PowerControl_3OutVer_CMAKE.dir/Core/Src/stm32f1xx_it.c.obj:(.text.TIM4_IRQHandler)
 80037cc  80037cc        0     1                 $t
 80037cd  80037cd        c     1                 TIM4_IRQHandler
 80037d8  80037d8        c     4         CMakeFiles/PowerControl_3OutVer_CMAKE.dir/Core/Src/stm32f1xx_it.c.obj:(.text.USART2_IRQHandler)
 80037d8  80037d8        0     1                 $t
 80037d9  80037d9        c     1                 USART2_IRQHandler
 80037e4  80037e4       4a     4         CMakeFiles/PowerControl_3OutVer_CMAKE.dir/Core/Src/stm32f1xx_hal_msp.c.obj:(.text.HAL_MspInit)
 80037e4  80037e4        0     1                 $t
 80037e5  80037e5       4a     1                 HAL_MspInit
 8003830  8003830        c     4         CMakeFiles/PowerControl_3OutVer_CMAKE.dir/Core/Src/syscalls.c.obj:(.text.starm_putc)
 8003830  8003830        0     1                 $t
 8003831  8003831        c     1                 starm_putc
 800383c  800383c        c     4         CMakeFiles/PowerControl_3OutVer_CMAKE.dir/Core/Src/syscalls.c.obj:(.text.starm_getc)
 800383c  800383c        0     1                 $t
 800383d  800383d        c     1                 starm_getc
 8003848  8003848       48     4         CMakeFiles/PowerControl_3OutVer_CMAKE.dir/startup_stm32f103xb.s.obj:(.text.Reset_Handler)
 8003848  8003848        0     1                 $t
 8003849  8003849       34     1                 Reset_Handler
 8003856  8003856        0     1                 CopyDataInit
 800385c  800385c        0     1                 LoopCopyDataInit
 800386a  800386a        0     1                 FillZerobss
 800386e  800386e        0     1                 LoopFillZerobss
 800387c  800387c        0     1                 $d
 8003890  8003890        2     1         CMakeFiles/PowerControl_3OutVer_CMAKE.dir/startup_stm32f103xb.s.obj:(.text.Default_Handler)
 8003890  8003890        0     1                 Infinite_Loop
 8003890  8003890        0     1                 $t
 8003890  8003890        2     1                 Default_Handler
 8003891  8003891        2     1                 WWDG_IRQHandler
 8003891  8003891        2     1                 PVD_IRQHandler
 8003891  8003891        2     1                 TAMPER_IRQHandler
 8003891  8003891        2     1                 RTC_IRQHandler
 8003891  8003891        2     1                 FLASH_IRQHandler
 8003891  8003891        2     1                 RCC_IRQHandler
 8003891  8003891        2     1                 EXTI0_IRQHandler
 8003891  8003891        2     1                 EXTI1_IRQHandler
 8003891  8003891        2     1                 EXTI2_IRQHandler
 8003891  8003891        2     1                 DMA1_Channel1_IRQHandler
 8003891  8003891        2     1                 DMA1_Channel2_IRQHandler
 8003891  8003891        2     1                 DMA1_Channel3_IRQHandler
 8003891  8003891        2     1                 DMA1_Channel4_IRQHandler
 8003891  8003891        2     1                 DMA1_Channel5_IRQHandler
 8003891  8003891        2     1                 DMA1_Channel6_IRQHandler
 8003891  8003891        2     1                 DMA1_Channel7_IRQHandler
 8003891  8003891        2     1                 ADC1_2_IRQHandler
 8003891  8003891        2     1                 USB_HP_CAN1_TX_IRQHandler
 8003891  8003891        2     1                 USB_LP_CAN1_RX0_IRQHandler
 8003891  8003891        2     1                 CAN1_RX1_IRQHandler
 8003891  8003891        2     1                 CAN1_SCE_IRQHandler
 8003891  8003891        2     1                 TIM1_BRK_IRQHandler
 8003891  8003891        2     1                 TIM1_TRG_COM_IRQHandler
 8003891  8003891        2     1                 TIM1_CC_IRQHandler
 8003891  8003891        2     1                 TIM2_IRQHandler
 8003891  8003891        2     1                 I2C1_EV_IRQHandler
 8003891  8003891        2     1                 I2C1_ER_IRQHandler
 8003891  8003891        2     1                 I2C2_EV_IRQHandler
 8003891  8003891        2     1                 I2C2_ER_IRQHandler
 8003891  8003891        2     1                 SPI1_IRQHandler
 8003891  8003891        2     1                 SPI2_IRQHandler
 8003891  8003891        2     1                 USART1_IRQHandler
 8003891  8003891        2     1                 USART3_IRQHandler
 8003891  8003891        2     1                 EXTI15_10_IRQHandler
 8003891  8003891        2     1                 RTC_Alarm_IRQHandler
 8003891  8003891        2     1                 USBWakeUp_IRQHandler
 8003894  8003894       6a     4         CMakeFiles/PowerControl_3OutVer_CMAKE.dir/Application/Button/Button.c.obj:(.text.Button_Init)
 8003894  8003894        0     1                 $t
 8003895  8003895       6a     1                 Button_Init
 8003900  8003900      25a     4         CMakeFiles/PowerControl_3OutVer_CMAKE.dir/Application/Button/Button.c.obj:(.text.HAL_GPIO_EXTI_Callback)
 8003900  8003900        0     1                 $t
 8003901  8003901      25a     1                 HAL_GPIO_EXTI_Callback
 8003b5c  8003b5c       4e     4         CMakeFiles/PowerControl_3OutVer_CMAKE.dir/Application/LED/LED.c.obj:(.text.LED_Init)
 8003b5c  8003b5c        0     1                 $t
 8003b5d  8003b5d       4e     1                 LED_Init
 8003bac  8003bac      2de     4         CMakeFiles/PowerControl_3OutVer_CMAKE.dir/Application/LED/LED.c.obj:(.text.LED_Switch)
 8003bac  8003bac        0     1                 $t
 8003bad  8003bad      2de     1                 LED_Switch
 8003bbe  8003bbe        0     1                 $d
 8003bc4  8003bc4        0     1                 $t
 8003bd0  8003bd0        0     1                 $d
 8003bdc  8003bdc        0     1                 $t
 8003c18  8003c18        0     1                 $d
 8003c20  8003c20        0     1                 $t
 8003c44  8003c44        0     1                 $d
 8003c4a  8003c4a        0     1                 $t
 8003cc2  8003cc2        0     1                 $d
 8003cc8  8003cc8        0     1                 $t
 8003d04  8003d04        0     1                 $d
 8003d08  8003d08        0     1                 $t
 8003e8c  8003e8c       48     4         CMakeFiles/PowerControl_3OutVer_CMAKE.dir/Application/INA3221/INA3221.c.obj:(.text.Init_Power_Read)
 8003e8c  8003e8c        0     1                 $t
 8003e8d  8003e8d       48     1                 Init_Power_Read
 8003ed4  8003ed4       e4     4         CMakeFiles/PowerControl_3OutVer_CMAKE.dir/Application/INA3221/INA3221.c.obj:(.text.INA3221_Init)
 8003ed4  8003ed4        0     1                 $t
 8003ed5  8003ed5       e4     1                 INA3221_Init
 8003fb8  8003fb8      168     4         CMakeFiles/PowerControl_3OutVer_CMAKE.dir/Application/INA3221/INA3221.c.obj:(.text.Power_Read_Loop)
 8003fb8  8003fb8        0     1                 $t
 8003fb9  8003fb9      168     1                 Power_Read_Loop
 8003fe0  8003fe0        0     1                 $d
 8003fe4  8003fe4        0     1                 $t
 8004120  8004120      10c     4         CMakeFiles/PowerControl_3OutVer_CMAKE.dir/Application/INA3221/INA3221.c.obj:(.text.Power_Voltage_Control_Loop)
 8004120  8004120        0     1                 $t
 8004121  8004121      10c     1                 Power_Voltage_Control_Loop
 800422c  800422c       70     4         CMakeFiles/PowerControl_3OutVer_CMAKE.dir/Application/INA3221/INA3221.c.obj:(.text.Power_Current_Control_Loop)
 800422c  800422c        0     1                 $t
 800422d  800422d       70     1                 Power_Current_Control_Loop
 800429c  800429c      1e8     4         CMakeFiles/PowerControl_3OutVer_CMAKE.dir/Application/INA3221/INA3221.c.obj:(.text.Median_Filter)
 800429c  800429c        0     1                 $t
 800429d  800429d      1e8     1                 Median_Filter
 8004484  8004484       26     4         CMakeFiles/PowerControl_3OutVer_CMAKE.dir/Application/Power/Power.c.obj:(.text.Init_Power_Control)
 8004484  8004484        0     1                 $t
 8004485  8004485       26     1                 Init_Power_Control
 80044ac  80044ac       38     4         CMakeFiles/PowerControl_3OutVer_CMAKE.dir/Application/Power/Power.c.obj:(.text.Power_Init)
 80044ac  80044ac        0     1                 $t
 80044ad  80044ad       38     1                 Power_Init
 80044e4  80044e4      140     4         CMakeFiles/PowerControl_3OutVer_CMAKE.dir/Application/Power/Power.c.obj:(.text.Power_Switch)
 80044e4  80044e4        0     1                 $t
 80044e5  80044e5      140     1                 Power_Switch
 8004624  8004624        6     4         CMakeFiles/PowerControl_3OutVer_CMAKE.dir/Application/Power/Power.c.obj:(.text.Power_Read_Channel_State)
 8004624  8004624        0     1                 $t
 8004625  8004625        6     1                 Power_Read_Channel_State
 800462c  800462c        c     4         CMakeFiles/PowerControl_3OutVer_CMAKE.dir/Application/Message/Message.c.obj:(.text.Send_Period_Init)
 800462c  800462c        0     1                 $t
 800462d  800462d        c     1                 Send_Period_Init
 8004638  8004638       32     4         CMakeFiles/PowerControl_3OutVer_CMAKE.dir/Application/Message/Message.c.obj:(.text.Send_CAN_Message)
 8004638  8004638        0     1                 $t
 8004639  8004639       32     1                 Send_CAN_Message
 800466c  800466c       56     4         CMakeFiles/PowerControl_3OutVer_CMAKE.dir/Application/Message/Message.c.obj:(.text.CAN_Connect_Init)
 800466c  800466c        0     1                 $t
 800466d  800466d       56     1                 CAN_Connect_Init
 80046c4  80046c4       1c     4         CMakeFiles/PowerControl_3OutVer_CMAKE.dir/Application/BUZZER/Buzzer.c.obj:(.text.Buzzer_Init)
 80046c4  80046c4        0     1                 $t
 80046c5  80046c5       1c     1                 Buzzer_Init
 80046e0  80046e0       d4     4         CMakeFiles/PowerControl_3OutVer_CMAKE.dir/Application/BUZZER/Buzzer.c.obj:(.text.Buzzer_Switch)
 80046e0  80046e0        0     1                 $t
 80046e1  80046e1       d4     1                 Buzzer_Switch
 80047b4  80047b4       16     4         CMakeFiles/PowerControl_3OutVer_CMAKE.dir/Application/Debug/Log.c.obj:(.text.Log_Init)
 80047b4  80047b4        0     1                 $t
 80047b5  80047b5       16     1                 Log_Init
 80047cc  80047cc       8e     4         CMakeFiles/PowerControl_3OutVer_CMAKE.dir/Application/Debug/Log.c.obj:(.text.Log_Check)
 80047cc  80047cc        0     1                 $t
 80047cd  80047cd       8e     1                 Log_Check
 8004826  8004826        0     1                 $d
 800482c  800482c        0     1                 $t
 800485c  800485c      136     4         CMakeFiles/PowerControl_3OutVer_CMAKE.dir/Application/Debug/Log.c.obj:(.text.Log_printf)
 800485c  800485c        0     1                 $t
 800485d  800485d      136     1                 Log_printf
 8004994  8004994       14     4         CMakeFiles/PowerControl_3OutVer_CMAKE.dir/Application/Debug/Log.c.obj:(.text.__io_putchar)
 8004994  8004994        0     1                 $t
 8004995  8004995       14     1                 __io_putchar
 80049a8  80049a8       3e     4         CMakeFiles/PowerControl_3OutVer_CMAKE.dir/Application/Debug/Log.c.obj:(.text.HAL_UARTEx_RxEventCallback)
 80049a8  80049a8        0     1                 $t
 80049a9  80049a9       3e     1                 HAL_UARTEx_RxEventCallback
 80049e8  80049e8      2e8     4         CMakeFiles/PowerControl_3OutVer_CMAKE.dir/Core/Src/CallBack.c.obj:(.text.HAL_TIM_PeriodElapsedCallback)
 80049e8  80049e8        0     1                 $t
 80049e9  80049e9      2e8     1                 HAL_TIM_PeriodElapsedCallback
 8004cd0  8004cd0      1d8     2         C:/Users/Cindy/AppData/Local/stm32cube/bundles/st-arm-clang/21.1.1+st.6/bin/../lib/clang-runtimes/arm-none-eabi/armv7m_soft_nofp_exn_rtti_unaligned_size/lib/libclang_rt.builtins.a(addsf3.c.obj):(.text.__addsf3)
 8004cd0  8004cd0        0     1                 $t
 8004cd1  8004cd1      1d8     1                 __addsf3
 8004cd1  8004cd1      1d8     1                 __aeabi_fadd
 8004ea8  8004ea8        c     4         C:/Users/Cindy/AppData/Local/stm32cube/bundles/st-arm-clang/21.1.1+st.6/bin/../lib/clang-runtimes/arm-none-eabi/armv7m_soft_nofp_exn_rtti_unaligned_size/lib/libclang_rt.builtins.a(fp_mode.c.obj):(.text.__fe_getround)
 8004ea8  8004ea8        0     1                 $t
 8004ea9  8004ea9        c     1                 __fe_getround
 8004eb0  8004eb0        0     1                 $d
 8004eb4  8004eb4        4     2         C:/Users/Cindy/AppData/Local/stm32cube/bundles/st-arm-clang/21.1.1+st.6/bin/../lib/clang-runtimes/arm-none-eabi/armv7m_soft_nofp_exn_rtti_unaligned_size/lib/libclang_rt.builtins.a(fp_mode.c.obj):(.text.__fe_raise_inexact)
 8004eb4  8004eb4        0     1                 $t
 8004eb5  8004eb5        4     1                 __fe_raise_inexact
 8004eb8  8004eb8       3c     2         C:/Users/Cindy/AppData/Local/stm32cube/bundles/st-arm-clang/21.1.1+st.6/bin/../lib/clang-runtimes/arm-none-eabi/armv7m_soft_nofp_exn_rtti_unaligned_size/lib/libclang_rt.builtins.a(fixsfsi.c.obj):(.text.__fixsfsi)
 8004eb8  8004eb8        0     1                 $t
 8004eb9  8004eb9       3c     1                 __fixsfsi
 8004eb9  8004eb9       3c     1                 __aeabi_f2iz
 8004ef4  8004ef4       4a     2         C:/Users/Cindy/AppData/Local/stm32cube/bundles/st-arm-clang/21.1.1+st.6/bin/../lib/clang-runtimes/arm-none-eabi/armv7m_soft_nofp_exn_rtti_unaligned_size/lib/libclang_rt.builtins.a(floatunsisf.c.obj):(.text.__floatunsisf)
 8004ef4  8004ef4        0     1                 $t
 8004ef5  8004ef5       4a     1                 __floatunsisf
 8004ef5  8004ef5       4a     1                 __aeabi_ui2f
 8004f3e  8004f3e       38     2         C:/Users/Cindy/AppData/Local/stm32cube/bundles/st-arm-clang/21.1.1+st.6/bin/../lib/clang-runtimes/arm-none-eabi/armv7m_soft_nofp_exn_rtti_unaligned_size/lib/libclang_rt.builtins.a(fnan2.c.obj):(.text.__compiler_rt_fnan2)
 8004f3e  8004f3e        0     1                 $t
 8004f3f  8004f3f       38     1                 __compiler_rt_fnan2
 8004f76  8004f76       3c     2         C:/Users/Cindy/AppData/Local/stm32cube/bundles/st-arm-clang/21.1.1+st.6/bin/../lib/clang-runtimes/arm-none-eabi/armv7m_soft_nofp_exn_rtti_unaligned_size/lib/libclang_rt.builtins.a(fnorm2.c.obj):(.text.__compiler_rt_fnorm2)
 8004f76  8004f76        0     1                 $t
 8004f77  8004f77       3c     1                 __compiler_rt_fnorm2
 8004fb2  8004fb2       5c     2         C:/Users/Cindy/AppData/Local/stm32cube/bundles/st-arm-clang/21.1.1+st.6/bin/../lib/clang-runtimes/arm-none-eabi/armv7m_soft_nofp_exn_rtti_unaligned_size/lib/libclang_rt.builtins.a(funder.c.obj):(.text.__compiler_rt_funder)
 8004fb2  8004fb2        0     1                 $t
 8004fb3  8004fb3       5c     1                 __compiler_rt_funder
 800500e  800500e        8     2         C:/Users/Cindy/AppData/Local/stm32cube/bundles/st-arm-clang/21.1.1+st.6/bin/../lib/clang-runtimes/arm-none-eabi/armv7m_soft_nofp_exn_rtti_unaligned_size/lib/libc.a(bzero.c.o):(.text.bzero)
 800500e  800500e        0     1                 $t
 800500f  800500f        8     1                 bzero
 800500f  800500f        8     1                 __aeabi_memclr4
 800500f  800500f        8     1                 __aeabi_memclr8
 800500f  800500f        8     1                 __aeabi_memclr
 8005016  8005016        e     2         C:/Users/Cindy/AppData/Local/stm32cube/bundles/st-arm-clang/21.1.1+st.6/bin/../lib/clang-runtimes/arm-none-eabi/armv7m_soft_nofp_exn_rtti_unaligned_size/lib/libc.a(memset.c.o):(.text.memset)
 8005016  8005016        0     1                 $t
 8005017  8005017        e     1                 memset
 8005024  8005024       1c     4         C:/Users/Cindy/AppData/Local/stm32cube/bundles/st-arm-clang/21.1.1+st.6/bin/../lib/clang-runtimes/arm-none-eabi/armv7m_soft_nofp_exn_rtti_unaligned_size/lib/libc.a(libc_misc_init.c.o):(.text.__libc_init_array)
 8005024  8005024        0     1                 $t
 8005025  8005025       1c     1                 __libc_init_array
 8005038  8005038        0     1                 $d
 8005040  8005040       10     4         C:/Users/Cindy/AppData/Local/stm32cube/bundles/st-arm-clang/21.1.1+st.6/bin/../lib/clang-runtimes/arm-none-eabi/armv7m_soft_nofp_exn_rtti_unaligned_size/lib/libc.a(libc_picolib_machine_arm_read_tp.S.o):(.text._initial_set_tls)
 8005040  8005040        0     1                 $t
 8005041  8005041        6     1                 _initial_set_tls
 8005048  8005048        0     1                 $d
 8005050  8005050       14     4         C:/Users/Cindy/AppData/Local/stm32cube/bundles/st-arm-clang/21.1.1+st.6/bin/../lib/clang-runtimes/arm-none-eabi/armv7m_soft_nofp_exn_rtti_unaligned_size/lib/libc.a(libc_picolib_machine_arm_set_tls.c.o):(.text._set_tls)
 8005050  8005050        0     1                 $t
 8005051  8005051       14     1                 _set_tls
 800505c  800505c        0     1                 $d
 8005064  8005064       24     4         C:/Users/Cindy/AppData/Local/stm32cube/bundles/st-arm-clang/21.1.1+st.6/bin/../lib/clang-runtimes/arm-none-eabi/armv7m_soft_nofp_exn_rtti_unaligned_size/lib/libc.a(libc_tinystdio_printf.c.o):(.text.printf)
 8005064  8005064        0     1                 $t
 8005065  8005065       24     1                 printf
 8005084  8005084        0     1                 $d
 8005088  8005088       44     4         C:/Users/Cindy/AppData/Local/stm32cube/bundles/st-arm-clang/21.1.1+st.6/bin/../lib/clang-runtimes/arm-none-eabi/armv7m_soft_nofp_exn_rtti_unaligned_size/lib/libc.a(libc_tinystdio_puts.c.o):(.text.puts)
 8005088  8005088        0     1                 $t
 8005089  8005089       44     1                 puts
 80050c8  80050c8        0     1                 $d
 80050cc  80050cc       18     2         C:/Users/Cindy/AppData/Local/stm32cube/bundles/st-arm-clang/21.1.1+st.6/bin/../lib/clang-runtimes/arm-none-eabi/armv7m_soft_nofp_exn_rtti_unaligned_size/lib/libc.a(libc_string_strnlen.c.o):(.text.strnlen)
 80050cc  80050cc        0     1                 $t
 80050cd  80050cd       18     1                 strnlen
 80050e4  80050e4      4c4     4         C:/Users/Cindy/AppData/Local/stm32cube/bundles/st-arm-clang/21.1.1+st.6/bin/../lib/clang-runtimes/arm-none-eabi/armv7m_soft_nofp_exn_rtti_unaligned_size/lib/libc.a(libc_tinystdio_vfiprintf.c.o):(.text.__i_vfprintf)
 80050e4  80050e4        0     1                 $t
 80050e5  80050e5      4c4     1                 __i_vfprintf
 800515a  800515a        0     1                 $d
 8005164  8005164        0     1                 $t
 80052bc  80052bc        0     1                 $d
 80052c4  80052c4        0     1                 $t
 80055a0  80055a0        0     1                 $d
 80055a8  80055a8       28     2         C:/Users/Cindy/AppData/Local/stm32cube/bundles/st-arm-clang/21.1.1+st.6/bin/../lib/clang-runtimes/arm-none-eabi/armv7m_soft_nofp_exn_rtti_unaligned_size/lib/libc.a(libc_tinystdio_vfiprintf.c.o):(.text.__ultoa_invert)
 80055a8  80055a8        0     1                 $t
 80055a9  80055a9       28     1                 __ultoa_invert
 80055d0  80055d0        8     2         C:/Users/Cindy/AppData/Local/stm32cube/bundles/st-arm-clang/21.1.1+st.6/bin/../lib/clang-runtimes/arm-none-eabi/armv7m_soft_nofp_exn_rtti_unaligned_size/lib/libc.a(libc_tinystdio_vfiprintf.c.o):(.text.OUTLINED_FUNCTION_0)
 80055d0  80055d0        0     1                 $t
 80055d1  80055d1        8     1                 OUTLINED_FUNCTION_0
 80055d8  80055d8        0     1         . = ALIGN(4)
 80055d8  80055d8        0     1         _etext = .
 80055d8  80055d8       80     4 .rodata
 80055d8  80055d8        0     1         . = ALIGN(4)
 80055d8  80055d8       10     1         cmake/stm32cubemx/CMakeFiles/STM32_Drivers.dir/__/__/Core/Src/system_stm32f1xx.c.obj:(.rodata.AHBPrescTable)
 80055d8  80055d8       10     1                 AHBPrescTable
 80055e8  80055e8        8     1         cmake/stm32cubemx/CMakeFiles/STM32_Drivers.dir/__/__/Core/Src/system_stm32f1xx.c.obj:(.rodata.APBPrescTable)
 80055e8  80055e8        8     1                 APBPrescTable
 80055f0  80055f0       10     1         <internal>:(.rodata.cst16)
 8005600  8005600        2     1         cmake/stm32cubemx/CMakeFiles/STM32_Drivers.dir/__/__/Drivers/STM32F1xx_HAL_Driver/Src/stm32f1xx_hal_rcc.c.obj:(.rodata.HAL_RCC_GetSysClockFreq.aPredivFactorTable)
 8005600  8005600        2     1                 HAL_RCC_GetSysClockFreq.aPredivFactorTable
 8005604  8005604        4     4         CMakeFiles/PowerControl_3OutVer_CMAKE.dir/Core/Src/syscalls.c.obj:(.rodata.stdin)
 8005604  8005604        4     1                 stdin
 8005604  8005604        4     1                 stdout
 8005604  8005604        4     1                 stderr
 8005608  8005608        6     1         CMakeFiles/PowerControl_3OutVer_CMAKE.dir/Application/INA3221/INA3221.c.obj:(.rodata..L__const.Search_Channel_To_Read.Channel_Map)
 8005608  8005608        6     1                 .L__const.Search_Channel_To_Read.Channel_Map
 800560e  800560e       4a     1         <internal>:(.rodata.str1.1)
 8005658  8005658        0     1         . = ALIGN(4)
 8005658  8005658        0     1 .ARM.extab
 8005658  8005658        0     1         . = ALIGN(4)
 8005658  8005658        0     1         . = ALIGN(4)
 8005658  8005658       10     4 .ARM
 8005658  8005658        0     1         . = ALIGN(4)
 8005658  8005658        0     1         __exidx_start = .
 8005658  8005658       10     4         <internal>:(.ARM.exidx)
 8005668  8005668        0     1         __exidx_end = .
 8005668  8005668        0     1         . = ALIGN(4)
 8005668  8005668        4     4 .preinit_array
 8005668  8005668        0     1         . = ALIGN(4)
 8005668  8005668        4     4         C:/Users/Cindy/AppData/Local/stm32cube/bundles/st-arm-clang/21.1.1+st.6/bin/../lib/clang-runtimes/arm-none-eabi/armv7m_soft_nofp_exn_rtti_unaligned_size/lib/libc.a(libc_picolib_machine_arm_read_tp.S.o):(.preinit_array)
 800566c  800566c        0     1         . = ALIGN(4)
 800566c  800566c        0     1 .init_array
 800566c  800566c        0     1         . = ALIGN(4)
 800566c  800566c        0     1         . = ALIGN(4)
 800566c  800566c        0     1 .fini_array
 800566c  800566c        0     1         . = ALIGN(4)
 800566c  800566c        0     1         . = ALIGN(4)
 800566c  800566c        0     1 _sidata = LOADADDR(.data)
20000000  800566c       1c     4 .data
20000000  800566c        0     1         . = ALIGN(4)
20000000  800566c        0     1         _sdata = .
20000000  800566c        4     4         cmake/stm32cubemx/CMakeFiles/STM32_Drivers.dir/__/__/Core/Src/system_stm32f1xx.c.obj:(.data.SystemCoreClock)
20000000  800566c        4     1                 SystemCoreClock
20000004  8005670        4     4         cmake/stm32cubemx/CMakeFiles/STM32_Drivers.dir/__/__/Drivers/STM32F1xx_HAL_Driver/Src/stm32f1xx_hal.c.obj:(.data.uwTickPrio)
20000004  8005670        4     1                 uwTickPrio
20000008  8005674        1     1         cmake/stm32cubemx/CMakeFiles/STM32_Drivers.dir/__/__/Drivers/STM32F1xx_HAL_Driver/Src/stm32f1xx_hal.c.obj:(.data.uwTickFreq)
20000008  8005674        1     1                 uwTickFreq
2000000c  8005678       10     4         CMakeFiles/PowerControl_3OutVer_CMAKE.dir/Core/Src/syscalls.c.obj:(.data.__stdio)
2000000c  8005678       10     1                 __stdio
2000001c  8005688        0     1         . = ALIGN(4)
2000001c  8005688        0     4 .tdata
2000001c  8005688        0     1         . = ALIGN(4)
2000001c  8005688        0     1         _edata = .
2000001c  8005688        0     1 PROVIDE( __tdata_start = ADDR(.tdata) )
2000001c 2000001c        0     4 .tbss
2000001c 2000001c        0     1         _sbss = .
2000001c 2000001c        0     1         __bss_start__ = _sbss
2000001c 2000001c        0     1         . = ALIGN(4)
2000001c 2000001c        0     1 PROVIDE( __tls_base = __tdata_start )
2000001c 2000001c        0     1 PROVIDE( __tls_align = MAX(ALIGNOF(.tdata), ALIGNOF(.tbss)) )
2000001c 2000001c        0     1 PROVIDE( __arm32_tls_tcb_offset = MAX(8, __tls_align) )
2000001c 2000001c      394     4 .bss
2000001c 2000001c        4     4         cmake/stm32cubemx/CMakeFiles/STM32_Drivers.dir/__/__/Drivers/STM32F1xx_HAL_Driver/Src/stm32f1xx_hal.c.obj:(.bss.uwTick)
2000001c 2000001c        4     1                 uwTick
20000020 20000020       10     4         CMakeFiles/PowerControl_3OutVer_CMAKE.dir/Core/Src/main.c.obj:(.bss.power)
20000020 20000020       10     1                 power
20000030 20000030       3c     4         CMakeFiles/PowerControl_3OutVer_CMAKE.dir/Core/Src/main.c.obj:(.bss.power_read)
20000030 20000030       3c     1                 power_read
2000006c 2000006c        1     1         CMakeFiles/PowerControl_3OutVer_CMAKE.dir/Core/Src/main.c.obj:(.bss.Ina3221_State)
2000006c 2000006c        1     1                 Ina3221_State
20000070 20000070       28     4         CMakeFiles/PowerControl_3OutVer_CMAKE.dir/Core/Src/can.c.obj:(.bss.hcan)
20000070 20000070       28     1                 hcan
20000098 20000098       54     4         CMakeFiles/PowerControl_3OutVer_CMAKE.dir/Core/Src/i2c.c.obj:(.bss.hi2c1)
20000098 20000098       54     1                 hi2c1
200000ec 200000ec        c     4         CMakeFiles/PowerControl_3OutVer_CMAKE.dir/Core/Src/iwdg.c.obj:(.bss.hiwdg)
200000ec 200000ec        c     1                 hiwdg
200000f8 200000f8       48     4         CMakeFiles/PowerControl_3OutVer_CMAKE.dir/Core/Src/tim.c.obj:(.bss.htim1)
200000f8 200000f8       48     1                 htim1
20000140 20000140       48     4         CMakeFiles/PowerControl_3OutVer_CMAKE.dir/Core/Src/tim.c.obj:(.bss.htim2)
20000140 20000140       48     1                 htim2
20000188 20000188       48     4         CMakeFiles/PowerControl_3OutVer_CMAKE.dir/Core/Src/tim.c.obj:(.bss.htim3)
20000188 20000188       48     1                 htim3
200001d0 200001d0       48     4         CMakeFiles/PowerControl_3OutVer_CMAKE.dir/Core/Src/tim.c.obj:(.bss.htim4)
200001d0 200001d0       48     1                 htim4
20000218 20000218       48     4         CMakeFiles/PowerControl_3OutVer_CMAKE.dir/Core/Src/usart.c.obj:(.bss.huart2)
20000218 20000218       48     1                 huart2
20000260 20000260        1     1         CMakeFiles/PowerControl_3OutVer_CMAKE.dir/Application/Button/Button.c.obj:(.bss.button_1_state)
20000260 20000260        1     1                 button_1_state
20000262 20000262        2     2         CMakeFiles/PowerControl_3OutVer_CMAKE.dir/Application/Button/Button.c.obj:(.bss.button_1_counter)
20000262 20000262        2     1                 button_1_counter
20000264 20000264        1     1         CMakeFiles/PowerControl_3OutVer_CMAKE.dir/Application/Button/Button.c.obj:(.bss.button_1_counter_state)
20000264 20000264        1     1                 button_1_counter_state
20000265 20000265        1     1         CMakeFiles/PowerControl_3OutVer_CMAKE.dir/Application/Button/Button.c.obj:(.bss.button_2_state)
20000265 20000265        1     1                 button_2_state
20000266 20000266        2     2         CMakeFiles/PowerControl_3OutVer_CMAKE.dir/Application/Button/Button.c.obj:(.bss.button_2_counter)
20000266 20000266        2     1                 button_2_counter
20000268 20000268        1     1         CMakeFiles/PowerControl_3OutVer_CMAKE.dir/Application/Button/Button.c.obj:(.bss.button_2_counter_state)
20000268 20000268        1     1                 button_2_counter_state
20000269 20000269        1     1         CMakeFiles/PowerControl_3OutVer_CMAKE.dir/Application/Button/Button.c.obj:(.bss.button_3_state)
20000269 20000269        1     1                 button_3_state
2000026a 2000026a        2     2         CMakeFiles/PowerControl_3OutVer_CMAKE.dir/Application/Button/Button.c.obj:(.bss.button_3_counter)
2000026a 2000026a        2     1                 button_3_counter
2000026c 2000026c        1     1         CMakeFiles/PowerControl_3OutVer_CMAKE.dir/Application/Button/Button.c.obj:(.bss.button_3_counter_state)
2000026c 2000026c        1     1                 button_3_counter_state
20000270 20000270        4     4         CMakeFiles/PowerControl_3OutVer_CMAKE.dir/Application/LED/LED.c.obj:(.bss.flow_tick_1)
20000270 20000270        4     1                 flow_tick_1
20000274 20000274        1     1         CMakeFiles/PowerControl_3OutVer_CMAKE.dir/Application/LED/LED.c.obj:(.bss.flow_step_1)
20000274 20000274        1     1                 flow_step_1
20000278 20000278        4     4         CMakeFiles/PowerControl_3OutVer_CMAKE.dir/Application/LED/LED.c.obj:(.bss.flow_tick_2)
20000278 20000278        4     1                 flow_tick_2
2000027c 2000027c        1     1         CMakeFiles/PowerControl_3OutVer_CMAKE.dir/Application/LED/LED.c.obj:(.bss.flow_step_2)
2000027c 2000027c        1     1                 flow_step_2
20000280 20000280        4     4         CMakeFiles/PowerControl_3OutVer_CMAKE.dir/Application/LED/LED.c.obj:(.bss.flow_tick_3)
20000280 20000280        4     1                 flow_tick_3
20000284 20000284        1     1         CMakeFiles/PowerControl_3OutVer_CMAKE.dir/Application/LED/LED.c.obj:(.bss.flow_step_3)
20000284 20000284        1     1                 flow_step_3
20000285 20000285        1     1         CMakeFiles/PowerControl_3OutVer_CMAKE.dir/Application/INA3221/INA3221.c.obj:(.bss.ina3221_state)
20000285 20000285        1     1                 ina3221_state
20000288 20000288       84     4         CMakeFiles/PowerControl_3OutVer_CMAKE.dir/Application/INA3221/INA3221.c.obj:(.bss.Median_Filter.voltage_buffer)
20000288 20000288       84     1                 Median_Filter.voltage_buffer
2000030c 2000030c       84     4         CMakeFiles/PowerControl_3OutVer_CMAKE.dir/Application/INA3221/INA3221.c.obj:(.bss.Median_Filter.current_buffer)
2000030c 2000030c       84     1                 Median_Filter.current_buffer
20000390 20000390        1     1         CMakeFiles/PowerControl_3OutVer_CMAKE.dir/Application/INA3221/INA3221.c.obj:(.bss.Median_Filter.buffer_index)
20000390 20000390        1     1                 Median_Filter.buffer_index
20000394 20000394       14     4         CMakeFiles/PowerControl_3OutVer_CMAKE.dir/Application/Debug/Log.c.obj:(.bss.log_buffer)
20000394 20000394       14     1                 log_buffer
200003a8 200003a8        1     1         CMakeFiles/PowerControl_3OutVer_CMAKE.dir/Application/Debug/Log.c.obj:(.bss.Log_State)
200003a8 200003a8        1     1                 Log_State
200003a9 200003a9        1     1         CMakeFiles/PowerControl_3OutVer_CMAKE.dir/Application/Debug/Log.c.obj:(.bss.Log_Mutex_State)
200003a9 200003a9        1     1                 Log_Mutex_State
200003aa 200003aa        1     1         C:/Users/Cindy/AppData/Local/stm32cube/bundles/st-arm-clang/21.1.1+st.6/bin/../lib/clang-runtimes/arm-none-eabi/armv7m_soft_nofp_exn_rtti_unaligned_size/lib/libclang_rt.builtins.a(fp_mode.c.obj):(.bss.__arm_fe_default_rmode)
200003aa 200003aa        1     1                 __arm_fe_default_rmode
200003ac 200003ac        4     4         C:/Users/Cindy/AppData/Local/stm32cube/bundles/st-arm-clang/21.1.1+st.6/bin/../lib/clang-runtimes/arm-none-eabi/armv7m_soft_nofp_exn_rtti_unaligned_size/lib/libc.a(libc_picolib_machine_arm_tls.c.o):(.bss.__tls)
200003ac 200003ac        4     1                 __tls
200003b0 200003b0        0     1         . = ALIGN(4)
200003b0 200003b0        0     1         _ebss = .
200003b0 200003b0        0     1         __bss_end__ = _ebss
200003b0 200003b0      600     1 ._user_heap_stack
200003b0 200003b0        0     1         . = ALIGN(8)
200003b0 200003b0        0     1         PROVIDE ( _end = . )
200003b0 200003b0      200     1         . = . + _Min_Heap_Size
200005b0 200005b0      400     1         . = . + _Min_Stack_Size
200009b0 200009b0        0     1         . = ALIGN(8)
       0        0     823f     1 .debug_loclists
       0        0       7b     1         cmake/stm32cubemx/CMakeFiles/STM32_Drivers.dir/__/__/Core/Src/system_stm32f1xx.c.obj:(.debug_loclists)
      7b       7b      580     1         cmake/stm32cubemx/CMakeFiles/STM32_Drivers.dir/__/__/Drivers/STM32F1xx_HAL_Driver/Src/stm32f1xx_hal_can.c.obj:(.debug_loclists)
     5fb      5fb       85     1         cmake/stm32cubemx/CMakeFiles/STM32_Drivers.dir/__/__/Drivers/STM32F1xx_HAL_Driver/Src/stm32f1xx_hal.c.obj:(.debug_loclists)
     680      680      25f     1         cmake/stm32cubemx/CMakeFiles/STM32_Drivers.dir/__/__/Drivers/STM32F1xx_HAL_Driver/Src/stm32f1xx_hal_rcc.c.obj:(.debug_loclists)
     8df      8df      240     1         cmake/stm32cubemx/CMakeFiles/STM32_Drivers.dir/__/__/Drivers/STM32F1xx_HAL_Driver/Src/stm32f1xx_hal_rcc_ex.c.obj:(.debug_loclists)
     b1f      b1f      23d     1         cmake/stm32cubemx/CMakeFiles/STM32_Drivers.dir/__/__/Drivers/STM32F1xx_HAL_Driver/Src/stm32f1xx_hal_gpio.c.obj:(.debug_loclists)
     d5c      d5c      311     1         cmake/stm32cubemx/CMakeFiles/STM32_Drivers.dir/__/__/Drivers/STM32F1xx_HAL_Driver/Src/stm32f1xx_hal_dma.c.obj:(.debug_loclists)
    106d     106d      16b     1         cmake/stm32cubemx/CMakeFiles/STM32_Drivers.dir/__/__/Drivers/STM32F1xx_HAL_Driver/Src/stm32f1xx_hal_cortex.c.obj:(.debug_loclists)
    11d8     11d8       56     1         cmake/stm32cubemx/CMakeFiles/STM32_Drivers.dir/__/__/Drivers/STM32F1xx_HAL_Driver/Src/stm32f1xx_hal_pwr.c.obj:(.debug_loclists)
    122e     122e      1a2     1         cmake/stm32cubemx/CMakeFiles/STM32_Drivers.dir/__/__/Drivers/STM32F1xx_HAL_Driver/Src/stm32f1xx_hal_flash.c.obj:(.debug_loclists)
    13d0     13d0      36d     1         cmake/stm32cubemx/CMakeFiles/STM32_Drivers.dir/__/__/Drivers/STM32F1xx_HAL_Driver/Src/stm32f1xx_hal_flash_ex.c.obj:(.debug_loclists)
    173d     173d      1cc     1         cmake/stm32cubemx/CMakeFiles/STM32_Drivers.dir/__/__/Drivers/STM32F1xx_HAL_Driver/Src/stm32f1xx_hal_exti.c.obj:(.debug_loclists)
    1909     1909     1d3a     1         cmake/stm32cubemx/CMakeFiles/STM32_Drivers.dir/__/__/Drivers/STM32F1xx_HAL_Driver/Src/stm32f1xx_hal_i2c.c.obj:(.debug_loclists)
    3643     3643       42     1         cmake/stm32cubemx/CMakeFiles/STM32_Drivers.dir/__/__/Drivers/STM32F1xx_HAL_Driver/Src/stm32f1xx_hal_iwdg.c.obj:(.debug_loclists)
    3685     3685     2692     1         cmake/stm32cubemx/CMakeFiles/STM32_Drivers.dir/__/__/Drivers/STM32F1xx_HAL_Driver/Src/stm32f1xx_hal_tim.c.obj:(.debug_loclists)
    5d17     5d17      aee     1         cmake/stm32cubemx/CMakeFiles/STM32_Drivers.dir/__/__/Drivers/STM32F1xx_HAL_Driver/Src/stm32f1xx_hal_tim_ex.c.obj:(.debug_loclists)
    6805     6805      e30     1         cmake/stm32cubemx/CMakeFiles/STM32_Drivers.dir/__/__/Drivers/STM32F1xx_HAL_Driver/Src/stm32f1xx_hal_uart.c.obj:(.debug_loclists)
    7635     7635       5d     1         CMakeFiles/PowerControl_3OutVer_CMAKE.dir/Core/Src/main.c.obj:(.debug_loclists)
    7692     7692       56     1         CMakeFiles/PowerControl_3OutVer_CMAKE.dir/Core/Src/can.c.obj:(.debug_loclists)
    76e8     76e8       31     1         CMakeFiles/PowerControl_3OutVer_CMAKE.dir/Core/Src/i2c.c.obj:(.debug_loclists)
    7719     7719       86     1         CMakeFiles/PowerControl_3OutVer_CMAKE.dir/Core/Src/tim.c.obj:(.debug_loclists)
    779f     779f       32     1         CMakeFiles/PowerControl_3OutVer_CMAKE.dir/Core/Src/usart.c.obj:(.debug_loclists)
    77d1     77d1       1b     1         CMakeFiles/PowerControl_3OutVer_CMAKE.dir/Core/Src/stm32f1xx_hal_msp.c.obj:(.debug_loclists)
    77ec     77ec       25     1         CMakeFiles/PowerControl_3OutVer_CMAKE.dir/Core/Src/sysmem.c.obj:(.debug_loclists)
    7811     7811      25b     1         CMakeFiles/PowerControl_3OutVer_CMAKE.dir/Core/Src/syscalls.c.obj:(.debug_loclists)
    7a6c     7a6c       6a     1         CMakeFiles/PowerControl_3OutVer_CMAKE.dir/Application/Button/Button.c.obj:(.debug_loclists)
    7ad6     7ad6      188     1         CMakeFiles/PowerControl_3OutVer_CMAKE.dir/Application/LED/LED.c.obj:(.debug_loclists)
    7c5e     7c5e      333     1         CMakeFiles/PowerControl_3OutVer_CMAKE.dir/Application/INA3221/INA3221.c.obj:(.debug_loclists)
    7f91     7f91       79     1         CMakeFiles/PowerControl_3OutVer_CMAKE.dir/Application/Power/Power.c.obj:(.debug_loclists)
    800a     800a       9a     1         CMakeFiles/PowerControl_3OutVer_CMAKE.dir/Application/Message/Message.c.obj:(.debug_loclists)
    80a4     80a4       2b     1         CMakeFiles/PowerControl_3OutVer_CMAKE.dir/Application/BUZZER/Buzzer.c.obj:(.debug_loclists)
    80cf     80cf       8b     1         CMakeFiles/PowerControl_3OutVer_CMAKE.dir/Application/Debug/Log.c.obj:(.debug_loclists)
    815a     815a       e5     1         CMakeFiles/PowerControl_3OutVer_CMAKE.dir/Core/Src/CallBack.c.obj:(.debug_loclists)
       0        0     3944     1 .debug_abbrev
       0        0       f0     1         cmake/stm32cubemx/CMakeFiles/STM32_Drivers.dir/__/__/Core/Src/system_stm32f1xx.c.obj:(.debug_abbrev)
      f0       f0       bf     1         cmake/stm32cubemx/CMakeFiles/STM32_Drivers.dir/__/__/Drivers/STM32F1xx_HAL_Driver/Src/stm32f1xx_hal_gpio_ex.c.obj:(.debug_abbrev)
     1af      1af      1d3     1         cmake/stm32cubemx/CMakeFiles/STM32_Drivers.dir/__/__/Drivers/STM32F1xx_HAL_Driver/Src/stm32f1xx_hal_can.c.obj:(.debug_abbrev)
     382      382      177     1         cmake/stm32cubemx/CMakeFiles/STM32_Drivers.dir/__/__/Drivers/STM32F1xx_HAL_Driver/Src/stm32f1xx_hal.c.obj:(.debug_abbrev)
     4f9      4f9      247     1         cmake/stm32cubemx/CMakeFiles/STM32_Drivers.dir/__/__/Drivers/STM32F1xx_HAL_Driver/Src/stm32f1xx_hal_rcc.c.obj:(.debug_abbrev)
     740      740      164     1         cmake/stm32cubemx/CMakeFiles/STM32_Drivers.dir/__/__/Drivers/STM32F1xx_HAL_Driver/Src/stm32f1xx_hal_rcc_ex.c.obj:(.debug_abbrev)
     8a4      8a4      16a     1         cmake/stm32cubemx/CMakeFiles/STM32_Drivers.dir/__/__/Drivers/STM32F1xx_HAL_Driver/Src/stm32f1xx_hal_gpio.c.obj:(.debug_abbrev)
     a0e      a0e      1a9     1         cmake/stm32cubemx/CMakeFiles/STM32_Drivers.dir/__/__/Drivers/STM32F1xx_HAL_Driver/Src/stm32f1xx_hal_dma.c.obj:(.debug_abbrev)
     bb7      bb7      2b9     1         cmake/stm32cubemx/CMakeFiles/STM32_Drivers.dir/__/__/Drivers/STM32F1xx_HAL_Driver/Src/stm32f1xx_hal_cortex.c.obj:(.debug_abbrev)
     e70      e70      17a     1         cmake/stm32cubemx/CMakeFiles/STM32_Drivers.dir/__/__/Drivers/STM32F1xx_HAL_Driver/Src/stm32f1xx_hal_pwr.c.obj:(.debug_abbrev)
     fea      fea      1f9     1         cmake/stm32cubemx/CMakeFiles/STM32_Drivers.dir/__/__/Drivers/STM32F1xx_HAL_Driver/Src/stm32f1xx_hal_flash.c.obj:(.debug_abbrev)
    11e3     11e3      203     1         cmake/stm32cubemx/CMakeFiles/STM32_Drivers.dir/__/__/Drivers/STM32F1xx_HAL_Driver/Src/stm32f1xx_hal_flash_ex.c.obj:(.debug_abbrev)
    13e6     13e6      172     1         cmake/stm32cubemx/CMakeFiles/STM32_Drivers.dir/__/__/Drivers/STM32F1xx_HAL_Driver/Src/stm32f1xx_hal_exti.c.obj:(.debug_abbrev)
    1558     1558      269     1         cmake/stm32cubemx/CMakeFiles/STM32_Drivers.dir/__/__/Drivers/STM32F1xx_HAL_Driver/Src/stm32f1xx_hal_i2c.c.obj:(.debug_abbrev)
    17c1     17c1       d6     1         cmake/stm32cubemx/CMakeFiles/STM32_Drivers.dir/__/__/Drivers/STM32F1xx_HAL_Driver/Src/stm32f1xx_hal_iwdg.c.obj:(.debug_abbrev)
    1897     1897      2e0     1         cmake/stm32cubemx/CMakeFiles/STM32_Drivers.dir/__/__/Drivers/STM32F1xx_HAL_Driver/Src/stm32f1xx_hal_tim.c.obj:(.debug_abbrev)
    1b77     1b77      204     1         cmake/stm32cubemx/CMakeFiles/STM32_Drivers.dir/__/__/Drivers/STM32F1xx_HAL_Driver/Src/stm32f1xx_hal_tim_ex.c.obj:(.debug_abbrev)
    1d7b     1d7b      232     1         cmake/stm32cubemx/CMakeFiles/STM32_Drivers.dir/__/__/Drivers/STM32F1xx_HAL_Driver/Src/stm32f1xx_hal_uart.c.obj:(.debug_abbrev)
    1fad     1fad      1b6     1         CMakeFiles/PowerControl_3OutVer_CMAKE.dir/Core/Src/main.c.obj:(.debug_abbrev)
    2163     2163       d6     1         CMakeFiles/PowerControl_3OutVer_CMAKE.dir/Core/Src/gpio.c.obj:(.debug_abbrev)
    2239     2239      172     1         CMakeFiles/PowerControl_3OutVer_CMAKE.dir/Core/Src/can.c.obj:(.debug_abbrev)
    23ab     23ab      13f     1         CMakeFiles/PowerControl_3OutVer_CMAKE.dir/Core/Src/i2c.c.obj:(.debug_abbrev)
    24ea     24ea       db     1         CMakeFiles/PowerControl_3OutVer_CMAKE.dir/Core/Src/iwdg.c.obj:(.debug_abbrev)
    25c5     25c5      220     1         CMakeFiles/PowerControl_3OutVer_CMAKE.dir/Core/Src/tim.c.obj:(.debug_abbrev)
    27e5     27e5      14f     1         CMakeFiles/PowerControl_3OutVer_CMAKE.dir/Core/Src/usart.c.obj:(.debug_abbrev)
    2934     2934      16b     1         CMakeFiles/PowerControl_3OutVer_CMAKE.dir/Core/Src/stm32f1xx_it.c.obj:(.debug_abbrev)
    2a9f     2a9f       c1     1         CMakeFiles/PowerControl_3OutVer_CMAKE.dir/Core/Src/stm32f1xx_hal_msp.c.obj:(.debug_abbrev)
    2b60     2b60       99     1         CMakeFiles/PowerControl_3OutVer_CMAKE.dir/Core/Src/sysmem.c.obj:(.debug_abbrev)
    2bf9     2bf9      1c6     1         CMakeFiles/PowerControl_3OutVer_CMAKE.dir/Core/Src/syscalls.c.obj:(.debug_abbrev)
    2dbf     2dbf       1f     1         CMakeFiles/PowerControl_3OutVer_CMAKE.dir/startup_stm32f103xb.s.obj:(.debug_abbrev)
    2dde     2dde      192     1         CMakeFiles/PowerControl_3OutVer_CMAKE.dir/Application/Button/Button.c.obj:(.debug_abbrev)
    2f70     2f70       eb     1         CMakeFiles/PowerControl_3OutVer_CMAKE.dir/Application/LED/LED.c.obj:(.debug_abbrev)
    305b     305b      20b     1         CMakeFiles/PowerControl_3OutVer_CMAKE.dir/Application/INA3221/INA3221.c.obj:(.debug_abbrev)
    3266     3266      105     1         CMakeFiles/PowerControl_3OutVer_CMAKE.dir/Application/Power/Power.c.obj:(.debug_abbrev)
    336b     336b      15b     1         CMakeFiles/PowerControl_3OutVer_CMAKE.dir/Application/Message/Message.c.obj:(.debug_abbrev)
    34c6     34c6      128     1         CMakeFiles/PowerControl_3OutVer_CMAKE.dir/Application/BUZZER/Buzzer.c.obj:(.debug_abbrev)
    35ee     35ee      1fa     1         CMakeFiles/PowerControl_3OutVer_CMAKE.dir/Application/Debug/Log.c.obj:(.debug_abbrev)
    37e8     37e8      15c     1         CMakeFiles/PowerControl_3OutVer_CMAKE.dir/Core/Src/CallBack.c.obj:(.debug_abbrev)
       0        0    11677     1 .debug_info
       0        0      154     1         cmake/stm32cubemx/CMakeFiles/STM32_Drivers.dir/__/__/Core/Src/system_stm32f1xx.c.obj:(.debug_info)
     154      154       cd     1         cmake/stm32cubemx/CMakeFiles/STM32_Drivers.dir/__/__/Drivers/STM32F1xx_HAL_Driver/Src/stm32f1xx_hal_gpio_ex.c.obj:(.debug_info)
     221      221      a3e     1         cmake/stm32cubemx/CMakeFiles/STM32_Drivers.dir/__/__/Drivers/STM32F1xx_HAL_Driver/Src/stm32f1xx_hal_can.c.obj:(.debug_info)
     c5f      c5f      444     1         cmake/stm32cubemx/CMakeFiles/STM32_Drivers.dir/__/__/Drivers/STM32F1xx_HAL_Driver/Src/stm32f1xx_hal.c.obj:(.debug_info)
    10a3     10a3      5b8     1         cmake/stm32cubemx/CMakeFiles/STM32_Drivers.dir/__/__/Drivers/STM32F1xx_HAL_Driver/Src/stm32f1xx_hal_rcc.c.obj:(.debug_info)
    165b     165b      26e     1         cmake/stm32cubemx/CMakeFiles/STM32_Drivers.dir/__/__/Drivers/STM32F1xx_HAL_Driver/Src/stm32f1xx_hal_rcc_ex.c.obj:(.debug_info)
    18c9     18c9      3f6     1         cmake/stm32cubemx/CMakeFiles/STM32_Drivers.dir/__/__/Drivers/STM32F1xx_HAL_Driver/Src/stm32f1xx_hal_gpio.c.obj:(.debug_info)
    1cbf     1cbf      4c1     1         cmake/stm32cubemx/CMakeFiles/STM32_Drivers.dir/__/__/Drivers/STM32F1xx_HAL_Driver/Src/stm32f1xx_hal_dma.c.obj:(.debug_info)
    2180     2180      80d     1         cmake/stm32cubemx/CMakeFiles/STM32_Drivers.dir/__/__/Drivers/STM32F1xx_HAL_Driver/Src/stm32f1xx_hal_cortex.c.obj:(.debug_info)
    298d     298d      42a     1         cmake/stm32cubemx/CMakeFiles/STM32_Drivers.dir/__/__/Drivers/STM32F1xx_HAL_Driver/Src/stm32f1xx_hal_pwr.c.obj:(.debug_info)
    2db7     2db7      3b3     1         cmake/stm32cubemx/CMakeFiles/STM32_Drivers.dir/__/__/Drivers/STM32F1xx_HAL_Driver/Src/stm32f1xx_hal_flash.c.obj:(.debug_info)
    316a     316a      5ad     1         cmake/stm32cubemx/CMakeFiles/STM32_Drivers.dir/__/__/Drivers/STM32F1xx_HAL_Driver/Src/stm32f1xx_hal_flash_ex.c.obj:(.debug_info)
    3717     3717      35a     1         cmake/stm32cubemx/CMakeFiles/STM32_Drivers.dir/__/__/Drivers/STM32F1xx_HAL_Driver/Src/stm32f1xx_hal_exti.c.obj:(.debug_info)
    3a71     3a71     226c     1         cmake/stm32cubemx/CMakeFiles/STM32_Drivers.dir/__/__/Drivers/STM32F1xx_HAL_Driver/Src/stm32f1xx_hal_i2c.c.obj:(.debug_info)
    5cdd     5cdd      121     1         cmake/stm32cubemx/CMakeFiles/STM32_Drivers.dir/__/__/Drivers/STM32F1xx_HAL_Driver/Src/stm32f1xx_hal_iwdg.c.obj:(.debug_info)
    5dfe     5dfe     2a18     1         cmake/stm32cubemx/CMakeFiles/STM32_Drivers.dir/__/__/Drivers/STM32F1xx_HAL_Driver/Src/stm32f1xx_hal_tim.c.obj:(.debug_info)
    8816     8816      f98     1         cmake/stm32cubemx/CMakeFiles/STM32_Drivers.dir/__/__/Drivers/STM32F1xx_HAL_Driver/Src/stm32f1xx_hal_tim_ex.c.obj:(.debug_info)
    97ae     97ae     2393     1         cmake/stm32cubemx/CMakeFiles/STM32_Drivers.dir/__/__/Drivers/STM32F1xx_HAL_Driver/Src/stm32f1xx_hal_uart.c.obj:(.debug_info)
    bb41     bb41      590     1         CMakeFiles/PowerControl_3OutVer_CMAKE.dir/Core/Src/main.c.obj:(.debug_info)
    c0d1     c0d1      259     1         CMakeFiles/PowerControl_3OutVer_CMAKE.dir/Core/Src/gpio.c.obj:(.debug_info)
    c32a     c32a      503     1         CMakeFiles/PowerControl_3OutVer_CMAKE.dir/Core/Src/can.c.obj:(.debug_info)
    c82d     c82d      55d     1         CMakeFiles/PowerControl_3OutVer_CMAKE.dir/Core/Src/i2c.c.obj:(.debug_info)
    cd8a     cd8a       f1     1         CMakeFiles/PowerControl_3OutVer_CMAKE.dir/Core/Src/iwdg.c.obj:(.debug_info)
    ce7b     ce7b      86d     1         CMakeFiles/PowerControl_3OutVer_CMAKE.dir/Core/Src/tim.c.obj:(.debug_info)
    d6e8     d6e8      5de     1         CMakeFiles/PowerControl_3OutVer_CMAKE.dir/Core/Src/usart.c.obj:(.debug_info)
    dcc6     dcc6      6d8     1         CMakeFiles/PowerControl_3OutVer_CMAKE.dir/Core/Src/stm32f1xx_it.c.obj:(.debug_info)
    e39e     e39e      14f     1         CMakeFiles/PowerControl_3OutVer_CMAKE.dir/Core/Src/stm32f1xx_hal_msp.c.obj:(.debug_info)
    e4ed     e4ed       ae     1         CMakeFiles/PowerControl_3OutVer_CMAKE.dir/Core/Src/sysmem.c.obj:(.debug_info)
    e59b     e59b      573     1         CMakeFiles/PowerControl_3OutVer_CMAKE.dir/Core/Src/syscalls.c.obj:(.debug_info)
    eb0e     eb0e      197     1         CMakeFiles/PowerControl_3OutVer_CMAKE.dir/startup_stm32f103xb.s.obj:(.debug_info)
    eca5     eca5      63a     1         CMakeFiles/PowerControl_3OutVer_CMAKE.dir/Application/Button/Button.c.obj:(.debug_info)
    f2df     f2df      1f4     1         CMakeFiles/PowerControl_3OutVer_CMAKE.dir/Application/LED/LED.c.obj:(.debug_info)
    f4d3     f4d3      65d     1         CMakeFiles/PowerControl_3OutVer_CMAKE.dir/Application/INA3221/INA3221.c.obj:(.debug_info)
    fb30     fb30      25f     1         CMakeFiles/PowerControl_3OutVer_CMAKE.dir/Application/Power/Power.c.obj:(.debug_info)
    fd8f     fd8f      57c     1         CMakeFiles/PowerControl_3OutVer_CMAKE.dir/Application/Message/Message.c.obj:(.debug_info)
   1030b    1030b      48d     1         CMakeFiles/PowerControl_3OutVer_CMAKE.dir/Application/BUZZER/Buzzer.c.obj:(.debug_info)
   10798    10798      7ca     1         CMakeFiles/PowerControl_3OutVer_CMAKE.dir/Application/Debug/Log.c.obj:(.debug_info)
   10f62    10f62      715     1         CMakeFiles/PowerControl_3OutVer_CMAKE.dir/Core/Src/CallBack.c.obj:(.debug_info)
       0        0     1091     1 .debug_rnglists
       0        0       18     1         cmake/stm32cubemx/CMakeFiles/STM32_Drivers.dir/__/__/Core/Src/system_stm32f1xx.c.obj:(.debug_rnglists)
      18       18       1a     1         cmake/stm32cubemx/CMakeFiles/STM32_Drivers.dir/__/__/Drivers/STM32F1xx_HAL_Driver/Src/stm32f1xx_hal_gpio_ex.c.obj:(.debug_rnglists)
      32       32       8f     1         cmake/stm32cubemx/CMakeFiles/STM32_Drivers.dir/__/__/Drivers/STM32F1xx_HAL_Driver/Src/stm32f1xx_hal_can.c.obj:(.debug_rnglists)
      c1       c1       5c     1         cmake/stm32cubemx/CMakeFiles/STM32_Drivers.dir/__/__/Drivers/STM32F1xx_HAL_Driver/Src/stm32f1xx_hal.c.obj:(.debug_rnglists)
     11d      11d       65     1         cmake/stm32cubemx/CMakeFiles/STM32_Drivers.dir/__/__/Drivers/STM32F1xx_HAL_Driver/Src/stm32f1xx_hal_rcc.c.obj:(.debug_rnglists)
     182      182       2c     1         cmake/stm32cubemx/CMakeFiles/STM32_Drivers.dir/__/__/Drivers/STM32F1xx_HAL_Driver/Src/stm32f1xx_hal_rcc_ex.c.obj:(.debug_rnglists)
     1ae      1ae       41     1         cmake/stm32cubemx/CMakeFiles/STM32_Drivers.dir/__/__/Drivers/STM32F1xx_HAL_Driver/Src/stm32f1xx_hal_gpio.c.obj:(.debug_rnglists)
     1ef      1ef       58     1         cmake/stm32cubemx/CMakeFiles/STM32_Drivers.dir/__/__/Drivers/STM32F1xx_HAL_Driver/Src/stm32f1xx_hal_dma.c.obj:(.debug_rnglists)
     247      247       75     1         cmake/stm32cubemx/CMakeFiles/STM32_Drivers.dir/__/__/Drivers/STM32F1xx_HAL_Driver/Src/stm32f1xx_hal_cortex.c.obj:(.debug_rnglists)
     2bc      2bc       48     1         cmake/stm32cubemx/CMakeFiles/STM32_Drivers.dir/__/__/Drivers/STM32F1xx_HAL_Driver/Src/stm32f1xx_hal_pwr.c.obj:(.debug_rnglists)
     304      304       5b     1         cmake/stm32cubemx/CMakeFiles/STM32_Drivers.dir/__/__/Drivers/STM32F1xx_HAL_Driver/Src/stm32f1xx_hal_flash.c.obj:(.debug_rnglists)
     35f      35f       39     1         cmake/stm32cubemx/CMakeFiles/STM32_Drivers.dir/__/__/Drivers/STM32F1xx_HAL_Driver/Src/stm32f1xx_hal_flash_ex.c.obj:(.debug_rnglists)
     398      398       2f     1         cmake/stm32cubemx/CMakeFiles/STM32_Drivers.dir/__/__/Drivers/STM32F1xx_HAL_Driver/Src/stm32f1xx_hal_exti.c.obj:(.debug_rnglists)
     3c7      3c7      3d4     1         cmake/stm32cubemx/CMakeFiles/STM32_Drivers.dir/__/__/Drivers/STM32F1xx_HAL_Driver/Src/stm32f1xx_hal_i2c.c.obj:(.debug_rnglists)
     79b      79b       17     1         cmake/stm32cubemx/CMakeFiles/STM32_Drivers.dir/__/__/Drivers/STM32F1xx_HAL_Driver/Src/stm32f1xx_hal_iwdg.c.obj:(.debug_rnglists)
[...]
    219c     219c      264     1         CMakeFiles/PowerControl_3OutVer_CMAKE.dir/Core/Src/main.c.obj:(.debug_str_offsets)
    2400     2400      178     1         CMakeFiles/PowerControl_3OutVer_CMAKE.dir/Core/Src/gpio.c.obj:(.debug_str_offsets)
    2578     2578      1d4     1         CMakeFiles/PowerControl_3OutVer_CMAKE.dir/Core/Src/can.c.obj:(.debug_str_offsets)
    274c     274c      21c     1         CMakeFiles/PowerControl_3OutVer_CMAKE.dir/Core/Src/i2c.c.obj:(.debug_str_offsets)
    2968     2968       6c     1         CMakeFiles/PowerControl_3OutVer_CMAKE.dir/Core/Src/iwdg.c.obj:(.debug_str_offsets)
    29d4     29d4      388     1         CMakeFiles/PowerControl_3OutVer_CMAKE.dir/Core/Src/tim.c.obj:(.debug_str_offsets)
    2d5c     2d5c      2d4     1         CMakeFiles/PowerControl_3OutVer_CMAKE.dir/Core/Src/usart.c.obj:(.debug_str_offsets)
    3030     3030      294     1         CMakeFiles/PowerControl_3OutVer_CMAKE.dir/Core/Src/stm32f1xx_it.c.obj:(.debug_str_offsets)
    32c4     32c4       70     1         CMakeFiles/PowerControl_3OutVer_CMAKE.dir/Core/Src/stm32f1xx_hal_msp.c.obj:(.debug_str_offsets)
    3334     3334       4c     1         CMakeFiles/PowerControl_3OutVer_CMAKE.dir/Core/Src/sysmem.c.obj:(.debug_str_offsets)
    3380     3380      1d0     1         CMakeFiles/PowerControl_3OutVer_CMAKE.dir/Core/Src/syscalls.c.obj:(.debug_str_offsets)
    3550     3550      294     1         CMakeFiles/PowerControl_3OutVer_CMAKE.dir/Application/Button/Button.c.obj:(.debug_str_offsets)
    37e4     37e4       d0     1         CMakeFiles/PowerControl_3OutVer_CMAKE.dir/Application/LED/LED.c.obj:(.debug_str_offsets)
    38b4     38b4      208     1         CMakeFiles/PowerControl_3OutVer_CMAKE.dir/Application/INA3221/INA3221.c.obj:(.debug_str_offsets)
    3abc     3abc      120     1         CMakeFiles/PowerControl_3OutVer_CMAKE.dir/Application/Power/Power.c.obj:(.debug_str_offsets)
    3bdc     3bdc      244     1         CMakeFiles/PowerControl_3OutVer_CMAKE.dir/Application/Message/Message.c.obj:(.debug_str_offsets)
    3e20     3e20      1d4     1         CMakeFiles/PowerControl_3OutVer_CMAKE.dir/Application/BUZZER/Buzzer.c.obj:(.debug_str_offsets)
    3ff4     3ff4      2f0     1         CMakeFiles/PowerControl_3OutVer_CMAKE.dir/Application/Debug/Log.c.obj:(.debug_str_offsets)
    42e4     42e4      2f8     1         CMakeFiles/PowerControl_3OutVer_CMAKE.dir/Core/Src/CallBack.c.obj:(.debug_str_offsets)
       0        0     6b14     1 .debug_str
       0        0     6b14     1         <internal>:(.debug_str)
       0        0     1294     1 .debug_addr
       0        0       1c     1         cmake/stm32cubemx/CMakeFiles/STM32_Drivers.dir/__/__/Core/Src/system_stm32f1xx.c.obj:(.debug_addr)
      1c       1c       14     1         cmake/stm32cubemx/CMakeFiles/STM32_Drivers.dir/__/__/Drivers/STM32F1xx_HAL_Driver/Src/stm32f1xx_hal_gpio_ex.c.obj:(.debug_addr)
      30       30       a0     1         cmake/stm32cubemx/CMakeFiles/STM32_Drivers.dir/__/__/Drivers/STM32F1xx_HAL_Driver/Src/stm32f1xx_hal_can.c.obj:(.debug_addr)
      d0       d0       78     1         cmake/stm32cubemx/CMakeFiles/STM32_Drivers.dir/__/__/Drivers/STM32F1xx_HAL_Driver/Src/stm32f1xx_hal.c.obj:(.debug_addr)
     148      148       54     1         cmake/stm32cubemx/CMakeFiles/STM32_Drivers.dir/__/__/Drivers/STM32F1xx_HAL_Driver/Src/stm32f1xx_hal_rcc.c.obj:(.debug_addr)
     19c      19c       20     1         cmake/stm32cubemx/CMakeFiles/STM32_Drivers.dir/__/__/Drivers/STM32F1xx_HAL_Driver/Src/stm32f1xx_hal_rcc_ex.c.obj:(.debug_addr)
     1bc      1bc       2c     1         cmake/stm32cubemx/CMakeFiles/STM32_Drivers.dir/__/__/Drivers/STM32F1xx_HAL_Driver/Src/stm32f1xx_hal_gpio.c.obj:(.debug_addr)
     1e8      1e8       3c     1         cmake/stm32cubemx/CMakeFiles/STM32_Drivers.dir/__/__/Drivers/STM32F1xx_HAL_Driver/Src/stm32f1xx_hal_dma.c.obj:(.debug_addr)
     224      224       6c     1         cmake/stm32cubemx/CMakeFiles/STM32_Drivers.dir/__/__/Drivers/STM32F1xx_HAL_Driver/Src/stm32f1xx_hal_cortex.c.obj:(.debug_addr)
     290      290       50     1         cmake/stm32cubemx/CMakeFiles/STM32_Drivers.dir/__/__/Drivers/STM32F1xx_HAL_Driver/Src/stm32f1xx_hal_pwr.c.obj:(.debug_addr)
     2e0      2e0       48     1         cmake/stm32cubemx/CMakeFiles/STM32_Drivers.dir/__/__/Drivers/STM32F1xx_HAL_Driver/Src/stm32f1xx_hal_flash.c.obj:(.debug_addr)
     328      328       58     1         cmake/stm32cubemx/CMakeFiles/STM32_Drivers.dir/__/__/Drivers/STM32F1xx_HAL_Driver/Src/stm32f1xx_hal_flash_ex.c.obj:(.debug_addr)
     380      380       30     1         cmake/stm32cubemx/CMakeFiles/STM32_Drivers.dir/__/__/Drivers/STM32F1xx_HAL_Driver/Src/stm32f1xx_hal_exti.c.obj:(.debug_addr)
     3b0      3b0      2e4     1         cmake/stm32cubemx/CMakeFiles/STM32_Drivers.dir/__/__/Drivers/STM32F1xx_HAL_Driver/Src/stm32f1xx_hal_i2c.c.obj:(.debug_addr)
     694      694       10     1         cmake/stm32cubemx/CMakeFiles/STM32_Drivers.dir/__/__/Drivers/STM32F1xx_HAL_Driver/Src/stm32f1xx_hal_iwdg.c.obj:(.debug_addr)
     6a4      6a4      2a4     1         cmake/stm32cubemx/CMakeFiles/STM32_Drivers.dir/__/__/Drivers/STM32F1xx_HAL_Driver/Src/stm32f1xx_hal_tim.c.obj:(.debug_addr)
     948      948       ec     1         cmake/stm32cubemx/CMakeFiles/STM32_Drivers.dir/__/__/Drivers/STM32F1xx_HAL_Driver/Src/stm32f1xx_hal_tim_ex.c.obj:(.debug_addr)
     a34      a34      4b8     1         cmake/stm32cubemx/CMakeFiles/STM32_Drivers.dir/__/__/Drivers/STM32F1xx_HAL_Driver/Src/stm32f1xx_hal_uart.c.obj:(.debug_addr)
     eec      eec       38     1         CMakeFiles/PowerControl_3OutVer_CMAKE.dir/Core/Src/main.c.obj:(.debug_addr)
     f24      f24       10     1         CMakeFiles/PowerControl_3OutVer_CMAKE.dir/Core/Src/gpio.c.obj:(.debug_addr)
     f34      f34       2c     1         CMakeFiles/PowerControl_3OutVer_CMAKE.dir/Core/Src/can.c.obj:(.debug_addr)
     f60      f60       24     1         CMakeFiles/PowerControl_3OutVer_CMAKE.dir/Core/Src/i2c.c.obj:(.debug_addr)
     f84      f84       14     1         CMakeFiles/PowerControl_3OutVer_CMAKE.dir/Core/Src/iwdg.c.obj:(.debug_addr)
     f98      f98       5c     1         CMakeFiles/PowerControl_3OutVer_CMAKE.dir/Core/Src/tim.c.obj:(.debug_addr)
     ff4      ff4       24     1         CMakeFiles/PowerControl_3OutVer_CMAKE.dir/Core/Src/usart.c.obj:(.debug_addr)
    1018     1018       64     1         CMakeFiles/PowerControl_3OutVer_CMAKE.dir/Core/Src/stm32f1xx_it.c.obj:(.debug_addr)
    107c     107c       18     1         CMakeFiles/PowerControl_3OutVer_CMAKE.dir/Core/Src/stm32f1xx_hal_msp.c.obj:(.debug_addr)
    1094     1094       10     1         CMakeFiles/PowerControl_3OutVer_CMAKE.dir/Core/Src/sysmem.c.obj:(.debug_addr)
    10a4     10a4       68     1         CMakeFiles/PowerControl_3OutVer_CMAKE.dir/Core/Src/syscalls.c.obj:(.debug_addr)
    110c     110c       3c     1         CMakeFiles/PowerControl_3OutVer_CMAKE.dir/Application/Button/Button.c.obj:(.debug_addr)
    1148     1148       50     1         CMakeFiles/PowerControl_3OutVer_CMAKE.dir/Application/LED/LED.c.obj:(.debug_addr)
    1198     1198       64     1         CMakeFiles/PowerControl_3OutVer_CMAKE.dir/Application/INA3221/INA3221.c.obj:(.debug_addr)
    11fc     11fc       18     1         CMakeFiles/PowerControl_3OutVer_CMAKE.dir/Application/Power/Power.c.obj:(.debug_addr)
    1214     1214       18     1         CMakeFiles/PowerControl_3OutVer_CMAKE.dir/Application/Message/Message.c.obj:(.debug_addr)
    122c     122c       18     1         CMakeFiles/PowerControl_3OutVer_CMAKE.dir/Application/BUZZER/Buzzer.c.obj:(.debug_addr)
    1244     1244       40     1         CMakeFiles/PowerControl_3OutVer_CMAKE.dir/Application/Debug/Log.c.obj:(.debug_addr)
    1284     1284       10     1         CMakeFiles/PowerControl_3OutVer_CMAKE.dir/Core/Src/CallBack.c.obj:(.debug_addr)
       0        0       92     1 .comment
       0        0       92     1         <internal>:(.comment)
       0        0       45     1 .ARM.attributes
       0        0       45     1         <internal>:(.ARM.attributes)
       0        0     318c     4 .debug_frame
       0        0       3c     4         cmake/stm32cubemx/CMakeFiles/STM32_Drivers.dir/__/__/Core/Src/system_stm32f1xx.c.obj:(.debug_frame)
      3c       3c       44     4         cmake/stm32cubemx/CMakeFiles/STM32_Drivers.dir/__/__/Drivers/STM32F1xx_HAL_Driver/Src/stm32f1xx_hal_gpio_ex.c.obj:(.debug_frame)
      80       80      2d0     4         cmake/stm32cubemx/CMakeFiles/STM32_Drivers.dir/__/__/Drivers/STM32F1xx_HAL_Driver/Src/stm32f1xx_hal_can.c.obj:(.debug_frame)
     350      350      1d8     4         cmake/stm32cubemx/CMakeFiles/STM32_Drivers.dir/__/__/Drivers/STM32F1xx_HAL_Driver/Src/stm32f1xx_hal.c.obj:(.debug_frame)
     528      528      148     4         cmake/stm32cubemx/CMakeFiles/STM32_Drivers.dir/__/__/Drivers/STM32F1xx_HAL_Driver/Src/stm32f1xx_hal_rcc.c.obj:(.debug_frame)
     670      670       64     4         cmake/stm32cubemx/CMakeFiles/STM32_Drivers.dir/__/__/Drivers/STM32F1xx_HAL_Driver/Src/stm32f1xx_hal_rcc_ex.c.obj:(.debug_frame)
     6d4      6d4       c8     4         cmake/stm32cubemx/CMakeFiles/STM32_Drivers.dir/__/__/Drivers/STM32F1xx_HAL_Driver/Src/stm32f1xx_hal_gpio.c.obj:(.debug_frame)
     79c      79c      134     4         cmake/stm32cubemx/CMakeFiles/STM32_Drivers.dir/__/__/Drivers/STM32F1xx_HAL_Driver/Src/stm32f1xx_hal_dma.c.obj:(.debug_frame)
     8d0      8d0      12c     4         cmake/stm32cubemx/CMakeFiles/STM32_Drivers.dir/__/__/Drivers/STM32F1xx_HAL_Driver/Src/stm32f1xx_hal_cortex.c.obj:(.debug_frame)
     9fc      9fc      148     4         cmake/stm32cubemx/CMakeFiles/STM32_Drivers.dir/__/__/Drivers/STM32F1xx_HAL_Driver/Src/stm32f1xx_hal_pwr.c.obj:(.debug_frame)
     b44      b44      118     4         cmake/stm32cubemx/CMakeFiles/STM32_Drivers.dir/__/__/Drivers/STM32F1xx_HAL_Driver/Src/stm32f1xx_hal_flash.c.obj:(.debug_frame)
     c5c      c5c       bc     4         cmake/stm32cubemx/CMakeFiles/STM32_Drivers.dir/__/__/Drivers/STM32F1xx_HAL_Driver/Src/stm32f1xx_hal_flash_ex.c.obj:(.debug_frame)
     d18      d18       cc     4         cmake/stm32cubemx/CMakeFiles/STM32_Drivers.dir/__/__/Drivers/STM32F1xx_HAL_Driver/Src/stm32f1xx_hal_exti.c.obj:(.debug_frame)
     de4      de4      6fc     4         cmake/stm32cubemx/CMakeFiles/STM32_Drivers.dir/__/__/Drivers/STM32F1xx_HAL_Driver/Src/stm32f1xx_hal_i2c.c.obj:(.debug_frame)
    14e0     14e0       40     4         cmake/stm32cubemx/CMakeFiles/STM32_Drivers.dir/__/__/Drivers/STM32F1xx_HAL_Driver/Src/stm32f1xx_hal_iwdg.c.obj:(.debug_frame)
    1520     1520      9e4     4         cmake/stm32cubemx/CMakeFiles/STM32_Drivers.dir/__/__/Drivers/STM32F1xx_HAL_Driver/Src/stm32f1xx_hal_tim.c.obj:(.debug_frame)
    1f04     1f04      408     4         cmake/stm32cubemx/CMakeFiles/STM32_Drivers.dir/__/__/Drivers/STM32F1xx_HAL_Driver/Src/stm32f1xx_hal_tim_ex.c.obj:(.debug_frame)
    230c     230c      4ec     4         cmake/stm32cubemx/CMakeFiles/STM32_Drivers.dir/__/__/Drivers/STM32F1xx_HAL_Driver/Src/stm32f1xx_hal_uart.c.obj:(.debug_frame)
    27f8     27f8       58     4         CMakeFiles/PowerControl_3OutVer_CMAKE.dir/Core/Src/main.c.obj:(.debug_frame)
    2850     2850       3c     4         CMakeFiles/PowerControl_3OutVer_CMAKE.dir/Core/Src/gpio.c.obj:(.debug_frame)
    288c     288c       5c     4         CMakeFiles/PowerControl_3OutVer_CMAKE.dir/Core/Src/can.c.obj:(.debug_frame)
    28e8     28e8       64     4         CMakeFiles/PowerControl_3OutVer_CMAKE.dir/Core/Src/i2c.c.obj:(.debug_frame)
    294c     294c       2c     4         CMakeFiles/PowerControl_3OutVer_CMAKE.dir/Core/Src/iwdg.c.obj:(.debug_frame)
    2978     2978       f4     4         CMakeFiles/PowerControl_3OutVer_CMAKE.dir/Core/Src/tim.c.obj:(.debug_frame)
    2a6c     2a6c       64     4         CMakeFiles/PowerControl_3OutVer_CMAKE.dir/Core/Src/usart.c.obj:(.debug_frame)
    2ad0     2ad0      114     4         CMakeFiles/PowerControl_3OutVer_CMAKE.dir/Core/Src/stm32f1xx_it.c.obj:(.debug_frame)
    2be4     2be4       30     4         CMakeFiles/PowerControl_3OutVer_CMAKE.dir/Core/Src/stm32f1xx_hal_msp.c.obj:(.debug_frame)
    2c14     2c14       30     4         CMakeFiles/PowerControl_3OutVer_CMAKE.dir/Core/Src/sysmem.c.obj:(.debug_frame)
    2c44     2c44      1b4     4         CMakeFiles/PowerControl_3OutVer_CMAKE.dir/Core/Src/syscalls.c.obj:(.debug_frame)
    2df8     2df8       3c     4         CMakeFiles/PowerControl_3OutVer_CMAKE.dir/Application/Button/Button.c.obj:(.debug_frame)
    2e34     2e34       50     4         CMakeFiles/PowerControl_3OutVer_CMAKE.dir/Application/LED/LED.c.obj:(.debug_frame)
    2e84     2e84       ec     4         CMakeFiles/PowerControl_3OutVer_CMAKE.dir/Application/INA3221/INA3221.c.obj:(.debug_frame)
    2f70     2f70       74     4         CMakeFiles/PowerControl_3OutVer_CMAKE.dir/Application/Power/Power.c.obj:(.debug_frame)
    2fe4     2fe4       60     4         CMakeFiles/PowerControl_3OutVer_CMAKE.dir/Application/Message/Message.c.obj:(.debug_frame)
    3044     3044       40     4         CMakeFiles/PowerControl_3OutVer_CMAKE.dir/Application/BUZZER/Buzzer.c.obj:(.debug_frame)
    3084     3084       98     4         CMakeFiles/PowerControl_3OutVer_CMAKE.dir/Application/Debug/Log.c.obj:(.debug_frame)
    311c     311c       3c     4         CMakeFiles/PowerControl_3OutVer_CMAKE.dir/Core/Src/CallBack.c.obj:(.debug_frame)
    3158     3158       34     4         C:/Users/Cindy/AppData/Local/stm32cube/bundles/st-arm-clang/21.1.1+st.6/bin/../lib/clang-runtimes/arm-none-eabi/armv7m_soft_nofp_exn_rtti_unaligned_size/lib/libc.a(libc_picolib_machine_arm_read_tp.S.o):(.debug_frame)
       0        0    11171     1 .debug_line
       0        0      14e     1         cmake/stm32cubemx/CMakeFiles/STM32_Drivers.dir/__/__/Core/Src/system_stm32f1xx.c.obj:(.debug_line)
     14e      14e       ee     1         cmake/stm32cubemx/CMakeFiles/STM32_Drivers.dir/__/__/Drivers/STM32F1xx_HAL_Driver/Src/stm32f1xx_hal_gpio_ex.c.obj:(.debug_line)
     23c      23c      c15     1         cmake/stm32cubemx/CMakeFiles/STM32_Drivers.dir/__/__/Drivers/STM32F1xx_HAL_Driver/Src/stm32f1xx_hal_can.c.obj:(.debug_line)
     e51      e51      349     1         cmake/stm32cubemx/CMakeFiles/STM32_Drivers.dir/__/__/Drivers/STM32F1xx_HAL_Driver/Src/stm32f1xx_hal.c.obj:(.debug_line)
    119a     119a      93c     1         cmake/stm32cubemx/CMakeFiles/STM32_Drivers.dir/__/__/Drivers/STM32F1xx_HAL_Driver/Src/stm32f1xx_hal_rcc.c.obj:(.debug_line)
    1ad6     1ad6      329     1         cmake/stm32cubemx/CMakeFiles/STM32_Drivers.dir/__/__/Drivers/STM32F1xx_HAL_Driver/Src/stm32f1xx_hal_rcc_ex.c.obj:(.debug_line)
    1dff     1dff      3ab     1         cmake/stm32cubemx/CMakeFiles/STM32_Drivers.dir/__/__/Drivers/STM32F1xx_HAL_Driver/Src/stm32f1xx_hal_gpio.c.obj:(.debug_line)
    21aa     21aa      8a0     1         cmake/stm32cubemx/CMakeFiles/STM32_Drivers.dir/__/__/Drivers/STM32F1xx_HAL_Driver/Src/stm32f1xx_hal_dma.c.obj:(.debug_line)
    2a4a     2a4a      3cb     1         cmake/stm32cubemx/CMakeFiles/STM32_Drivers.dir/__/__/Drivers/STM32F1xx_HAL_Driver/Src/stm32f1xx_hal_cortex.c.obj:(.debug_line)
    2e15     2e15      2c9     1         cmake/stm32cubemx/CMakeFiles/STM32_Drivers.dir/__/__/Drivers/STM32F1xx_HAL_Driver/Src/stm32f1xx_hal_pwr.c.obj:(.debug_line)
    30de     30de      513     1         cmake/stm32cubemx/CMakeFiles/STM32_Drivers.dir/__/__/Drivers/STM32F1xx_HAL_Driver/Src/stm32f1xx_hal_flash.c.obj:(.debug_line)
    35f1     35f1      510     1         cmake/stm32cubemx/CMakeFiles/STM32_Drivers.dir/__/__/Drivers/STM32F1xx_HAL_Driver/Src/stm32f1xx_hal_flash_ex.c.obj:(.debug_line)
    3b01     3b01      3a9     1         cmake/stm32cubemx/CMakeFiles/STM32_Drivers.dir/__/__/Drivers/STM32F1xx_HAL_Driver/Src/stm32f1xx_hal_exti.c.obj:(.debug_line)
    3eaa     3eaa     3a2a     1         cmake/stm32cubemx/CMakeFiles/STM32_Drivers.dir/__/__/Drivers/STM32F1xx_HAL_Driver/Src/stm32f1xx_hal_i2c.c.obj:(.debug_line)
    78d4     78d4      164     1         cmake/stm32cubemx/CMakeFiles/STM32_Drivers.dir/__/__/Drivers/STM32F1xx_HAL_Driver/Src/stm32f1xx_hal_iwdg.c.obj:(.debug_line)
    7a38     7a38     356f     1         cmake/stm32cubemx/CMakeFiles/STM32_Drivers.dir/__/__/Drivers/STM32F1xx_HAL_Driver/Src/stm32f1xx_hal_tim.c.obj:(.debug_line)
    afa7     afa7     1182     1         cmake/stm32cubemx/CMakeFiles/STM32_Drivers.dir/__/__/Drivers/STM32F1xx_HAL_Driver/Src/stm32f1xx_hal_tim_ex.c.obj:(.debug_line)
    c129     c129     21ac     1         cmake/stm32cubemx/CMakeFiles/STM32_Drivers.dir/__/__/Drivers/STM32F1xx_HAL_Driver/Src/stm32f1xx_hal_uart.c.obj:(.debug_line)
    e2d5     e2d5      42c     1         CMakeFiles/PowerControl_3OutVer_CMAKE.dir/Core/Src/main.c.obj:(.debug_line)
    e701     e701      119     1         CMakeFiles/PowerControl_3OutVer_CMAKE.dir/Core/Src/gpio.c.obj:(.debug_line)
    e81a     e81a      1db     1         CMakeFiles/PowerControl_3OutVer_CMAKE.dir/Core/Src/can.c.obj:(.debug_line)
    e9f5     e9f5      1bb     1         CMakeFiles/PowerControl_3OutVer_CMAKE.dir/Core/Src/i2c.c.obj:(.debug_line)
    ebb0     ebb0      10f     1         CMakeFiles/PowerControl_3OutVer_CMAKE.dir/Core/Src/iwdg.c.obj:(.debug_line)
    ecbf     ecbf      453     1         CMakeFiles/PowerControl_3OutVer_CMAKE.dir/Core/Src/tim.c.obj:(.debug_line)
    f112     f112      1e8     1         CMakeFiles/PowerControl_3OutVer_CMAKE.dir/Core/Src/usart.c.obj:(.debug_line)
    f2fa     f2fa      27f     1         CMakeFiles/PowerControl_3OutVer_CMAKE.dir/Core/Src/stm32f1xx_it.c.obj:(.debug_line)
    f579     f579       d4     1         CMakeFiles/PowerControl_3OutVer_CMAKE.dir/Core/Src/stm32f1xx_hal_msp.c.obj:(.debug_line)
    f64d     f64d       f7     1         CMakeFiles/PowerControl_3OutVer_CMAKE.dir/Core/Src/sysmem.c.obj:(.debug_line)
    f744     f744      357     1         CMakeFiles/PowerControl_3OutVer_CMAKE.dir/Core/Src/syscalls.c.obj:(.debug_line)
    fa9b     fa9b       6a     1         CMakeFiles/PowerControl_3OutVer_CMAKE.dir/startup_stm32f103xb.s.obj:(.debug_line)
    fb05     fb05      301     1         CMakeFiles/PowerControl_3OutVer_CMAKE.dir/Application/Button/Button.c.obj:(.debug_line)
    fe06     fe06      2a2     1         CMakeFiles/PowerControl_3OutVer_CMAKE.dir/Application/LED/LED.c.obj:(.debug_line)
   100a8    100a8      5b2     1         CMakeFiles/PowerControl_3OutVer_CMAKE.dir/Application/INA3221/INA3221.c.obj:(.debug_line)
   1065a    1065a      23b     1         CMakeFiles/PowerControl_3OutVer_CMAKE.dir/Application/Power/Power.c.obj:(.debug_line)
   10895    10895      18d     1         CMakeFiles/PowerControl_3OutVer_CMAKE.dir/Application/Message/Message.c.obj:(.debug_line)
   10a22    10a22      15f     1         CMakeFiles/PowerControl_3OutVer_CMAKE.dir/Application/BUZZER/Buzzer.c.obj:(.debug_line)
   10b81    10b81      2f3     1         CMakeFiles/PowerControl_3OutVer_CMAKE.dir/Application/Debug/Log.c.obj:(.debug_line)
   10e74    10e74      2fd     1         CMakeFiles/PowerControl_3OutVer_CMAKE.dir/Core/Src/CallBack.c.obj:(.debug_line)
       0        0     197e     1 .debug_line_str
       0        0     197e     1         <internal>:(.debug_line_str)
       0        0       28     1 .debug_aranges
       0        0       28     1         CMakeFiles/PowerControl_3OutVer_CMAKE.dir/startup_stm32f103xb.s.obj:(.debug_aranges)
       0        0     2210     4 .symtab
       0        0     2210     4         <internal>:(.symtab)
       0        0      14b     1 .shstrtab
       0        0      14b     1         <internal>:(.shstrtab)
       0        0     1820     1 .strtab
       0        0     1820     1         <internal>:(.strtab)
