STMicroelectronics Memory Configuration

Name     Origin   Length   Bytes-Used %age-Used Attributes
RAM 0x20000000 0x005000 0x0009d0       12%  rwx     
FLASH 0x8000000 0x010000 0x005880       34%  rx      

     VMA      LMA     Size Align Out     In      Symbol
       0        0        0     1 _estack = ORIGIN(RAM) + LENGTH(RAM)
       0        0        0     1 _Min_Heap_Size = 0x200
       0        0        0     1 _Min_Stack_Size = 0x400
 8000000  8000000      10c     1 .isr_vector
 8000000  8000000        0     1         . = ALIGN(4)
 8000000  8000000      10c     1         CMakeFiles/PowerControl_3OutVer_CMAKE.dir/startup_stm32f103xb.s.obj:(.isr_vector)
 8000000  8000000        0     1                 g_pfnVectors
 800010c  800010c        0     1         . = ALIGN(4)
 800010c  800010c     56c4     4 .text
 800010c  800010c        0     1         . = ALIGN(4)
 800010c  800010c      118     4         C:/Users/Cindy/AppData/Local/stm32cube/bundles/st-arm-clang/21.1.1+st.6/bin/../lib/clang-runtimes/arm-none-eabi/armv7m_soft_nofp_exn_rtti_unaligned_size/lib/libclang_rt.builtins.a(mulsf3.S.obj):(.text)
 800010c  800010c        0     1                 $t
 800010d  800010d      118     1                 __mulsf3
 800010d  800010d      118     1                 __aeabi_fmul
 8000224  8000224      1c4     4         C:/Users/Cindy/AppData/Local/stm32cube/bundles/st-arm-clang/21.1.1+st.6/bin/../lib/clang-runtimes/arm-none-eabi/armv7m_soft_nofp_exn_rtti_unaligned_size/lib/libclang_rt.builtins.a(divsf3.S.obj):(.text)
 8000224  8000224        0     1                 $t
 8000225  8000225      1c0     1                 __divsf3
 8000225  8000225      1c0     1                 __aeabi_fdiv
 80003a4  80003a4        0     1                 $d
 80003e8  80003e8       62     4         C:/Users/Cindy/AppData/Local/stm32cube/bundles/st-arm-clang/21.1.1+st.6/bin/../lib/clang-runtimes/arm-none-eabi/armv7m_soft_nofp_exn_rtti_unaligned_size/lib/libclang_rt.builtins.a(aeabi_fcmp.S.obj):(.text)
 80003e8  80003e8        0     1                 $t
 80003e9  80003e9       12     1                 __aeabi_fcmpeq
 80003fd  80003fd       12     1                 __aeabi_fcmplt
 8000411  8000411       12     1                 __aeabi_fcmple
 8000425  8000425       12     1                 __aeabi_fcmpge
 8000439  8000439       12     1                 __aeabi_fcmpgt
 800044c  800044c       84     4         C:/Users/Cindy/AppData/Local/stm32cube/bundles/st-arm-clang/21.1.1+st.6/bin/../lib/clang-runtimes/arm-none-eabi/armv7m_soft_nofp_exn_rtti_unaligned_size/lib/libclang_rt.builtins.a(comparesf2.S.obj):(.text)
 800044c  800044c        0     1                 $t
 800044d  800044d       36     1                 __eqsf2
 800044d  800044d       36     1                 __lesf2
 800044d  800044d       36     1                 __ltsf2
 800044d  800044d       36     1                 __nesf2
 800044d  800044d       36     1                 __cmpsf2
 8000485  8000485       38     1                 __gtsf2
 8000485  8000485       38     1                 __gesf2
 80004bd  80004bd       14     1                 __unordsf2
 80004bd  80004bd       14     1                 __aeabi_fcmpun
 80004d0  80004d0        2     4         cmake/stm32cubemx/CMakeFiles/STM32_Drivers.dir/__/__/Core/Src/system_stm32f1xx.c.obj:(.text.SystemInit)
 80004d0  80004d0        0     1                 $t
 80004d1  80004d1        2     1                 SystemInit
 80004d4  80004d4       f6     4         cmake/stm32cubemx/CMakeFiles/STM32_Drivers.dir/__/__/Drivers/STM32F1xx_HAL_Driver/Src/stm32f1xx_hal_can.c.obj:(.text.HAL_CAN_Init)
 80004d4  80004d4        0     1                 $t
 80004d5  80004d5       f6     1                 HAL_CAN_Init
 80005cc  80005cc       f6     4         cmake/stm32cubemx/CMakeFiles/STM32_Drivers.dir/__/__/Drivers/STM32F1xx_HAL_Driver/Src/stm32f1xx_hal_can.c.obj:(.text.HAL_CAN_ConfigFilter)
 80005cc  80005cc        0     1                 $t
 80005cd  80005cd       f6     1                 HAL_CAN_ConfigFilter
 80006c4  80006c4       5a     4         cmake/stm32cubemx/CMakeFiles/STM32_Drivers.dir/__/__/Drivers/STM32F1xx_HAL_Driver/Src/stm32f1xx_hal_can.c.obj:(.text.HAL_CAN_Start)
 80006c4  80006c4        0     1                 $t
 80006c5  80006c5       5a     1                 HAL_CAN_Start
 8000720  8000720       a8     4         cmake/stm32cubemx/CMakeFiles/STM32_Drivers.dir/__/__/Drivers/STM32F1xx_HAL_Driver/Src/stm32f1xx_hal_can.c.obj:(.text.HAL_CAN_AddTxMessage)
 8000720  8000720        0     1                 $t
 8000721  8000721       a8     1                 HAL_CAN_AddTxMessage
 80007c8  80007c8       2e     4         cmake/stm32cubemx/CMakeFiles/STM32_Drivers.dir/__/__/Drivers/STM32F1xx_HAL_Driver/Src/stm32f1xx_hal_can.c.obj:(.text.HAL_CAN_ActivateNotification)
 80007c8  80007c8        0     1                 $t
 80007c9  80007c9       2e     1                 HAL_CAN_ActivateNotification
 80007f8  80007f8       26     4         cmake/stm32cubemx/CMakeFiles/STM32_Drivers.dir/__/__/Drivers/STM32F1xx_HAL_Driver/Src/stm32f1xx_hal.c.obj:(.text.HAL_Init)
 80007f8  80007f8        0     1                 $t
 80007f9  80007f9       26     1                 HAL_Init
 8000820  8000820       50     4         cmake/stm32cubemx/CMakeFiles/STM32_Drivers.dir/__/__/Drivers/STM32F1xx_HAL_Driver/Src/stm32f1xx_hal.c.obj:(.text.HAL_InitTick)
 8000820  8000820        0     1                 $t
 8000821  8000821       50     1                 HAL_InitTick
 8000870  8000870       1a     4         cmake/stm32cubemx/CMakeFiles/STM32_Drivers.dir/__/__/Drivers/STM32F1xx_HAL_Driver/Src/stm32f1xx_hal.c.obj:(.text.HAL_IncTick)
 8000870  8000870        0     1                 $t
 8000871  8000871       1a     1                 HAL_IncTick
 800088c  800088c        c     4         cmake/stm32cubemx/CMakeFiles/STM32_Drivers.dir/__/__/Drivers/STM32F1xx_HAL_Driver/Src/stm32f1xx_hal.c.obj:(.text.HAL_GetTick)
 800088c  800088c        0     1                 $t
 800088d  800088d        c     1                 HAL_GetTick
 8000898  8000898       28     4         cmake/stm32cubemx/CMakeFiles/STM32_Drivers.dir/__/__/Drivers/STM32F1xx_HAL_Driver/Src/stm32f1xx_hal.c.obj:(.text.HAL_Delay)
 8000898  8000898        0     1                 $t
 8000899  8000899       28     1                 HAL_Delay
 80008c0  80008c0      34e     4         cmake/stm32cubemx/CMakeFiles/STM32_Drivers.dir/__/__/Drivers/STM32F1xx_HAL_Driver/Src/stm32f1xx_hal_rcc.c.obj:(.text.HAL_RCC_OscConfig)
 80008c0  80008c0        0     1                 $t
 80008c1  80008c1      34e     1                 HAL_RCC_OscConfig
 8000c10  8000c10      19e     4         cmake/stm32cubemx/CMakeFiles/STM32_Drivers.dir/__/__/Drivers/STM32F1xx_HAL_Driver/Src/stm32f1xx_hal_rcc.c.obj:(.text.HAL_RCC_ClockConfig)
 8000c10  8000c10        0     1                 $t
 8000c11  8000c11      19e     1                 HAL_RCC_ClockConfig
 8000db0  8000db0       26     4         cmake/stm32cubemx/CMakeFiles/STM32_Drivers.dir/__/__/Drivers/STM32F1xx_HAL_Driver/Src/stm32f1xx_hal_rcc.c.obj:(.text.HAL_RCC_GetPCLK1Freq)
 8000db0  8000db0        0     1                 $t
 8000db1  8000db1       26     1                 HAL_RCC_GetPCLK1Freq
 8000dd8  8000dd8       26     4         cmake/stm32cubemx/CMakeFiles/STM32_Drivers.dir/__/__/Drivers/STM32F1xx_HAL_Driver/Src/stm32f1xx_hal_rcc.c.obj:(.text.HAL_RCC_GetPCLK2Freq)
 8000dd8  8000dd8        0     1                 $t
 8000dd9  8000dd9       26     1                 HAL_RCC_GetPCLK2Freq
 8000e00  8000e00      22e     4         cmake/stm32cubemx/CMakeFiles/STM32_Drivers.dir/__/__/Drivers/STM32F1xx_HAL_Driver/Src/stm32f1xx_hal_gpio.c.obj:(.text.HAL_GPIO_Init)
 8000e00  8000e00        0     1                 $t
 8000e01  8000e01      22e     1                 HAL_GPIO_Init
 8000e7a  8000e7a        0     1                 $d
 8000e8e  8000e8e        0     1                 $t
 8001030  8001030        c     4         cmake/stm32cubemx/CMakeFiles/STM32_Drivers.dir/__/__/Drivers/STM32F1xx_HAL_Driver/Src/stm32f1xx_hal_gpio.c.obj:(.text.HAL_GPIO_ReadPin)
 8001030  8001030        0     1                 $t
 8001031  8001031        c     1                 HAL_GPIO_ReadPin
 800103c  800103c        a     4         cmake/stm32cubemx/CMakeFiles/STM32_Drivers.dir/__/__/Drivers/STM32F1xx_HAL_Driver/Src/stm32f1xx_hal_gpio.c.obj:(.text.HAL_GPIO_WritePin)
 800103c  800103c        0     1                 $t
 800103d  800103d        a     1                 HAL_GPIO_WritePin
 8001048  8001048       12     4         cmake/stm32cubemx/CMakeFiles/STM32_Drivers.dir/__/__/Drivers/STM32F1xx_HAL_Driver/Src/stm32f1xx_hal_gpio.c.obj:(.text.HAL_GPIO_TogglePin)
 8001048  8001048        0     1                 $t
 8001049  8001049       12     1                 HAL_GPIO_TogglePin
 800105c  800105c       16     4         cmake/stm32cubemx/CMakeFiles/STM32_Drivers.dir/__/__/Drivers/STM32F1xx_HAL_Driver/Src/stm32f1xx_hal_gpio.c.obj:(.text.HAL_GPIO_EXTI_IRQHandler)
 800105c  800105c        0     1                 $t
 800105d  800105d       16     1                 HAL_GPIO_EXTI_IRQHandler
 8001074  8001074       40     4         cmake/stm32cubemx/CMakeFiles/STM32_Drivers.dir/__/__/Drivers/STM32F1xx_HAL_Driver/Src/stm32f1xx_hal_dma.c.obj:(.text.HAL_DMA_Abort)
 8001074  8001074        0     1                 $t
 8001075  8001075       40     1                 HAL_DMA_Abort
 80010b4  80010b4       b8     4         cmake/stm32cubemx/CMakeFiles/STM32_Drivers.dir/__/__/Drivers/STM32F1xx_HAL_Driver/Src/stm32f1xx_hal_dma.c.obj:(.text.HAL_DMA_Abort_IT)
 80010b4  80010b4        0     1                 $t
 80010b5  80010b5       b8     1                 HAL_DMA_Abort_IT
 800116c  800116c       20     4         cmake/stm32cubemx/CMakeFiles/STM32_Drivers.dir/__/__/Drivers/STM32F1xx_HAL_Driver/Src/stm32f1xx_hal_cortex.c.obj:(.text.HAL_NVIC_SetPriorityGrouping)
 800116c  800116c        0     1                 $t
 800116d  800116d       20     1                 HAL_NVIC_SetPriorityGrouping
 800118c  800118c       5c     4         cmake/stm32cubemx/CMakeFiles/STM32_Drivers.dir/__/__/Drivers/STM32F1xx_HAL_Driver/Src/stm32f1xx_hal_cortex.c.obj:(.text.HAL_NVIC_SetPriority)
 800118c  800118c        0     1                 $t
 800118d  800118d       5c     1                 HAL_NVIC_SetPriority
 80011e8  80011e8       20     4         cmake/stm32cubemx/CMakeFiles/STM32_Drivers.dir/__/__/Drivers/STM32F1xx_HAL_Driver/Src/stm32f1xx_hal_cortex.c.obj:(.text.HAL_NVIC_EnableIRQ)
 80011e8  80011e8        0     1                 $t
 80011e9  80011e9       20     1                 HAL_NVIC_EnableIRQ
 8001208  8001208       32     4         cmake/stm32cubemx/CMakeFiles/STM32_Drivers.dir/__/__/Drivers/STM32F1xx_HAL_Driver/Src/stm32f1xx_hal_cortex.c.obj:(.text.HAL_SYSTICK_Config)
 8001208  8001208        0     1                 $t
 8001209  8001209       32     1                 HAL_SYSTICK_Config
 800123c  800123c      170     4         cmake/stm32cubemx/CMakeFiles/STM32_Drivers.dir/__/__/Drivers/STM32F1xx_HAL_Driver/Src/stm32f1xx_hal_i2c.c.obj:(.text.HAL_I2C_Init)
 800123c  800123c        0     1                 $t
 800123d  800123d      170     1                 HAL_I2C_Init
 80013ac  80013ac       8e     4         cmake/stm32cubemx/CMakeFiles/STM32_Drivers.dir/__/__/Drivers/STM32F1xx_HAL_Driver/Src/stm32f1xx_hal_i2c.c.obj:(.text.I2C_WaitOnFlagUntilTimeout)
 80013ac  80013ac        0     1                 $t
 80013ad  80013ad       8e     1                 I2C_WaitOnFlagUntilTimeout
 800143c  800143c       74     4         cmake/stm32cubemx/CMakeFiles/STM32_Drivers.dir/__/__/Drivers/STM32F1xx_HAL_Driver/Src/stm32f1xx_hal_i2c.c.obj:(.text.I2C_WaitOnBTFFlagUntilTimeout)
 800143c  800143c        0     1                 $t
 800143d  800143d       74     1                 I2C_WaitOnBTFFlagUntilTimeout
 80014b0  80014b0      1aa     4         cmake/stm32cubemx/CMakeFiles/STM32_Drivers.dir/__/__/Drivers/STM32F1xx_HAL_Driver/Src/stm32f1xx_hal_i2c.c.obj:(.text.HAL_I2C_Mem_Write)
 80014b0  80014b0        0     1                 $t
 80014b1  80014b1      1aa     1                 HAL_I2C_Mem_Write
 800165c  800165c      1d6     4         cmake/stm32cubemx/CMakeFiles/STM32_Drivers.dir/__/__/Drivers/STM32F1xx_HAL_Driver/Src/stm32f1xx_hal_i2c.c.obj:(.text.I2C_RequestMemoryWrite)
 800165c  800165c        0     1                 $t
 800165d  800165d      1d6     1                 I2C_RequestMemoryWrite
 8001834  8001834      3a6     4         cmake/stm32cubemx/CMakeFiles/STM32_Drivers.dir/__/__/Drivers/STM32F1xx_HAL_Driver/Src/stm32f1xx_hal_i2c.c.obj:(.text.HAL_I2C_Mem_Read)
 8001834  8001834        0     1                 $t
 8001835  8001835      3a6     1                 HAL_I2C_Mem_Read
 8001bdc  8001bdc      258     4         cmake/stm32cubemx/CMakeFiles/STM32_Drivers.dir/__/__/Drivers/STM32F1xx_HAL_Driver/Src/stm32f1xx_hal_i2c.c.obj:(.text.I2C_RequestMemoryRead)
 8001bdc  8001bdc        0     1                 $t
 8001bdd  8001bdd      258     1                 I2C_RequestMemoryRead
 8001e34  8001e34       8a     4         cmake/stm32cubemx/CMakeFiles/STM32_Drivers.dir/__/__/Drivers/STM32F1xx_HAL_Driver/Src/stm32f1xx_hal_i2c.c.obj:(.text.I2C_WaitOnMasterAddressFlagUntilTimeout)
 8001e34  8001e34        0     1                 $t
 8001e35  8001e35       8a     1                 I2C_WaitOnMasterAddressFlagUntilTimeout
 8001ec0  8001ec0       5c     4         cmake/stm32cubemx/CMakeFiles/STM32_Drivers.dir/__/__/Drivers/STM32F1xx_HAL_Driver/Src/stm32f1xx_hal_iwdg.c.obj:(.text.HAL_IWDG_Init)
 8001ec0  8001ec0        0     1                 $t
 8001ec1  8001ec1       5c     1                 HAL_IWDG_Init
 8001f1c  8001f1c        c     4         cmake/stm32cubemx/CMakeFiles/STM32_Drivers.dir/__/__/Drivers/STM32F1xx_HAL_Driver/Src/stm32f1xx_hal_iwdg.c.obj:(.text.HAL_IWDG_Refresh)
 8001f1c  8001f1c        0     1                 $t
 8001f1d  8001f1d        c     1                 HAL_IWDG_Refresh
 8001f28  8001f28       ec     4         cmake/stm32cubemx/CMakeFiles/STM32_Drivers.dir/__/__/Drivers/STM32F1xx_HAL_Driver/Src/stm32f1xx_hal_tim.c.obj:(.text.HAL_TIM_Base_Init)
 8001f28  8001f28        0     1                 $t
 8001f29  8001f29       ec     1                 HAL_TIM_Base_Init
 8002014  8002014       6a     4         cmake/stm32cubemx/CMakeFiles/STM32_Drivers.dir/__/__/Drivers/STM32F1xx_HAL_Driver/Src/stm32f1xx_hal_tim.c.obj:(.text.HAL_TIM_Base_Start_IT)
 8002014  8002014        0     1                 $t
 8002015  8002015       6a     1                 HAL_TIM_Base_Start_IT
 8002080  8002080       ec     4         cmake/stm32cubemx/CMakeFiles/STM32_Drivers.dir/__/__/Drivers/STM32F1xx_HAL_Driver/Src/stm32f1xx_hal_tim.c.obj:(.text.HAL_TIM_PWM_Init)
 8002080  8002080        0     1                 $t
 8002081  8002081       ec     1                 HAL_TIM_PWM_Init
 800216c  800216c       c8     4         cmake/stm32cubemx/CMakeFiles/STM32_Drivers.dir/__/__/Drivers/STM32F1xx_HAL_Driver/Src/stm32f1xx_hal_tim.c.obj:(.text.HAL_TIM_PWM_Start)
 800216c  800216c        0     1                 $t
 800216d  800216d       c8     1                 HAL_TIM_PWM_Start
 8002234  8002234       98     4         cmake/stm32cubemx/CMakeFiles/STM32_Drivers.dir/__/__/Drivers/STM32F1xx_HAL_Driver/Src/stm32f1xx_hal_tim.c.obj:(.text.HAL_TIM_PWM_Stop)
 8002234  8002234        0     1                 $t
 8002235  8002235       98     1                 HAL_TIM_PWM_Stop
 80022cc  80022cc      148     4         cmake/stm32cubemx/CMakeFiles/STM32_Drivers.dir/__/__/Drivers/STM32F1xx_HAL_Driver/Src/stm32f1xx_hal_tim.c.obj:(.text.HAL_TIM_IRQHandler)
 80022cc  80022cc        0     1                 $t
 80022cd  80022cd      148     1                 HAL_TIM_IRQHandler
 8002414  8002414        2     4         cmake/stm32cubemx/CMakeFiles/STM32_Drivers.dir/__/__/Drivers/STM32F1xx_HAL_Driver/Src/stm32f1xx_hal_tim.c.obj:(.text.HAL_TIM_IC_CaptureCallback)
 8002414  8002414        0     1                 $t
 8002415  8002415        2     1                 HAL_TIM_IC_CaptureCallback
 8002418  8002418        2     4         cmake/stm32cubemx/CMakeFiles/STM32_Drivers.dir/__/__/Drivers/STM32F1xx_HAL_Driver/Src/stm32f1xx_hal_tim.c.obj:(.text.HAL_TIM_OC_DelayElapsedCallback)
 8002418  8002418        0     1                 $t
 8002419  8002419        2     1                 HAL_TIM_OC_DelayElapsedCallback
 800241c  800241c        2     4         cmake/stm32cubemx/CMakeFiles/STM32_Drivers.dir/__/__/Drivers/STM32F1xx_HAL_Driver/Src/stm32f1xx_hal_tim.c.obj:(.text.HAL_TIM_PWM_PulseFinishedCallback)
 800241c  800241c        0     1                 $t
 800241d  800241d        2     1                 HAL_TIM_PWM_PulseFinishedCallback
 8002420  8002420        2     4         cmake/stm32cubemx/CMakeFiles/STM32_Drivers.dir/__/__/Drivers/STM32F1xx_HAL_Driver/Src/stm32f1xx_hal_tim.c.obj:(.text.HAL_TIM_TriggerCallback)
 8002420  8002420        0     1                 $t
 8002421  8002421        2     1                 HAL_TIM_TriggerCallback
 8002424  8002424      20a     4         cmake/stm32cubemx/CMakeFiles/STM32_Drivers.dir/__/__/Drivers/STM32F1xx_HAL_Driver/Src/stm32f1xx_hal_tim.c.obj:(.text.HAL_TIM_PWM_ConfigChannel)
 8002424  8002424        0     1                 $t
 8002425  8002425      20a     1                 HAL_TIM_PWM_ConfigChannel
 800244e  800244e        0     1                 $d
 8002452  8002452        0     1                 $t
 8002630  8002630      19c     4         cmake/stm32cubemx/CMakeFiles/STM32_Drivers.dir/__/__/Drivers/STM32F1xx_HAL_Driver/Src/stm32f1xx_hal_tim.c.obj:(.text.HAL_TIM_ConfigClockSource)
 8002630  8002630        0     1                 $t
 8002631  8002631      19c     1                 HAL_TIM_ConfigClockSource
 80027cc  80027cc       1c     4         cmake/stm32cubemx/CMakeFiles/STM32_Drivers.dir/__/__/Drivers/STM32F1xx_HAL_Driver/Src/stm32f1xx_hal_tim.c.obj:(.text.HAL_TIM_GetChannelState)
 80027cc  80027cc        0     1                 $t
 80027cd  80027cd       1c     1                 HAL_TIM_GetChannelState
 80027e8  80027e8       82     4         cmake/stm32cubemx/CMakeFiles/STM32_Drivers.dir/__/__/Drivers/STM32F1xx_HAL_Driver/Src/stm32f1xx_hal_tim_ex.c.obj:(.text.HAL_TIMEx_MasterConfigSynchronization)
 80027e8  80027e8        0     1                 $t
 80027e9  80027e9       82     1                 HAL_TIMEx_MasterConfigSynchronization
 800286c  800286c        2     4         cmake/stm32cubemx/CMakeFiles/STM32_Drivers.dir/__/__/Drivers/STM32F1xx_HAL_Driver/Src/stm32f1xx_hal_tim_ex.c.obj:(.text.HAL_TIMEx_CommutCallback)
 800286c  800286c        0     1                 $t
 800286d  800286d        2     1                 HAL_TIMEx_CommutCallback
 8002870  8002870        2     4         cmake/stm32cubemx/CMakeFiles/STM32_Drivers.dir/__/__/Drivers/STM32F1xx_HAL_Driver/Src/stm32f1xx_hal_tim_ex.c.obj:(.text.HAL_TIMEx_BreakCallback)
 8002870  8002870        0     1                 $t
 8002871  8002871        2     1                 HAL_TIMEx_BreakCallback
 8002874  8002874       5e     4         cmake/stm32cubemx/CMakeFiles/STM32_Drivers.dir/__/__/Drivers/STM32F1xx_HAL_Driver/Src/stm32f1xx_hal_uart.c.obj:(.text.HAL_UART_Init)
 8002874  8002874        0     1                 $t
 8002875  8002875       5e     1                 HAL_UART_Init
 80028d4  80028d4       96     4         cmake/stm32cubemx/CMakeFiles/STM32_Drivers.dir/__/__/Drivers/STM32F1xx_HAL_Driver/Src/stm32f1xx_hal_uart.c.obj:(.text.UART_SetConfig)
 80028d4  80028d4        0     1                 $t
 80028d5  80028d5       96     1                 UART_SetConfig
 800296c  800296c       b0     4         cmake/stm32cubemx/CMakeFiles/STM32_Drivers.dir/__/__/Drivers/STM32F1xx_HAL_Driver/Src/stm32f1xx_hal_uart.c.obj:(.text.HAL_UARTEx_ReceiveToIdle_IT)
 800296c  800296c        0     1                 $t
 800296d  800296d       b0     1                 HAL_UARTEx_ReceiveToIdle_IT
 8002a1c  8002a1c      334     4         cmake/stm32cubemx/CMakeFiles/STM32_Drivers.dir/__/__/Drivers/STM32F1xx_HAL_Driver/Src/stm32f1xx_hal_uart.c.obj:(.text.HAL_UART_IRQHandler)
 8002a1c  8002a1c        0     1                 $t
 8002a1d  8002a1d      334     1                 HAL_UART_IRQHandler
 8002d50  8002d50       ce     4         cmake/stm32cubemx/CMakeFiles/STM32_Drivers.dir/__/__/Drivers/STM32F1xx_HAL_Driver/Src/stm32f1xx_hal_uart.c.obj:(.text.UART_Receive_IT)
 8002d50  8002d50        0     1                 $t
 8002d51  8002d51       ce     1                 UART_Receive_IT
 8002e20  8002e20        e     4         cmake/stm32cubemx/CMakeFiles/STM32_Drivers.dir/__/__/Drivers/STM32F1xx_HAL_Driver/Src/stm32f1xx_hal_uart.c.obj:(.text.UART_DMAAbortOnError)
 8002e20  8002e20        0     1                 $t
 8002e21  8002e21        e     1                 UART_DMAAbortOnError
 8002e30  8002e30        2     4         cmake/stm32cubemx/CMakeFiles/STM32_Drivers.dir/__/__/Drivers/STM32F1xx_HAL_Driver/Src/stm32f1xx_hal_uart.c.obj:(.text.HAL_UART_ErrorCallback)
 8002e30  8002e30        0     1                 $t
 8002e31  8002e31        2     1                 HAL_UART_ErrorCallback
 8002e34  8002e34        2     4         cmake/stm32cubemx/CMakeFiles/STM32_Drivers.dir/__/__/Drivers/STM32F1xx_HAL_Driver/Src/stm32f1xx_hal_uart.c.obj:(.text.HAL_UART_TxCpltCallback)
 8002e34  8002e34        0     1                 $t
 8002e35  8002e35        2     1                 HAL_UART_TxCpltCallback
 8002e38  8002e38        2     4         cmake/stm32cubemx/CMakeFiles/STM32_Drivers.dir/__/__/Drivers/STM32F1xx_HAL_Driver/Src/stm32f1xx_hal_uart.c.obj:(.text.HAL_UART_RxCpltCallback)
 8002e38  8002e38        0     1                 $t
 8002e39  8002e39        2     1                 HAL_UART_RxCpltCallback
 8002e3c  8002e3c      28e     4         CMakeFiles/PowerControl_3OutVer_CMAKE.dir/Core/Src/main.c.obj:(.text.main)
 8002e3c  8002e3c        0     1                 $t
 8002e3d  8002e3d      28e     1                 main
 80030cc  80030cc        6     4         CMakeFiles/PowerControl_3OutVer_CMAKE.dir/Core/Src/main.c.obj:(.text.Error_Handler)
 80030cc  80030cc        0     1                 $t
 80030cd  80030cd        6     1                 Error_Handler
 80030d4  80030d4       f0     4         CMakeFiles/PowerControl_3OutVer_CMAKE.dir/Core/Src/gpio.c.obj:(.text.MX_GPIO_Init)
 80030d4  80030d4        0     1                 $t
 80030d5  80030d5       f0     1                 MX_GPIO_Init
 80031c4  80031c4       40     4         CMakeFiles/PowerControl_3OutVer_CMAKE.dir/Core/Src/can.c.obj:(.text.MX_CAN_Init)
 80031c4  80031c4        0     1                 $t
 80031c5  80031c5       40     1                 MX_CAN_Init
 8003204  8003204       a0     4         CMakeFiles/PowerControl_3OutVer_CMAKE.dir/Core/Src/can.c.obj:(.text.HAL_CAN_MspInit)
 8003204  8003204        0     1                 $t
 8003205  8003205       a0     1                 HAL_CAN_MspInit
 80032a4  80032a4       42     4         CMakeFiles/PowerControl_3OutVer_CMAKE.dir/Core/Src/i2c.c.obj:(.text.MX_I2C1_Init)
 80032a4  80032a4        0     1                 $t
 80032a5  80032a5       42     1                 MX_I2C1_Init
 80032e8  80032e8       6a     4         CMakeFiles/PowerControl_3OutVer_CMAKE.dir/Core/Src/i2c.c.obj:(.text.HAL_I2C_MspInit)
 80032e8  80032e8        0     1                 $t
 80032e9  80032e9       6a     1                 HAL_I2C_MspInit
 8003354  8003354       2e     4         CMakeFiles/PowerControl_3OutVer_CMAKE.dir/Core/Src/iwdg.c.obj:(.text.MX_IWDG_Init)
 8003354  8003354        0     1                 $t
 8003355  8003355       2e     1                 MX_IWDG_Init
 8003384  8003384       88     4         CMakeFiles/PowerControl_3OutVer_CMAKE.dir/Core/Src/tim.c.obj:(.text.MX_TIM1_Init)
 8003384  8003384        0     1                 $t
 8003385  8003385       88     1                 MX_TIM1_Init
 800340c  800340c       c4     4         CMakeFiles/PowerControl_3OutVer_CMAKE.dir/Core/Src/tim.c.obj:(.text.MX_TIM2_Init)
 800340c  800340c        0     1                 $t
 800340d  800340d       c4     1                 MX_TIM2_Init
 80034d0  80034d0       86     4         CMakeFiles/PowerControl_3OutVer_CMAKE.dir/Core/Src/tim.c.obj:(.text.MX_TIM3_Init)
 80034d0  80034d0        0     1                 $t
 80034d1  80034d1       86     1                 MX_TIM3_Init
 8003558  8003558       84     4         CMakeFiles/PowerControl_3OutVer_CMAKE.dir/Core/Src/tim.c.obj:(.text.MX_TIM4_Init)
 8003558  8003558        0     1                 $t
 8003559  8003559       84     1                 MX_TIM4_Init
 80035dc  80035dc       ae     4         CMakeFiles/PowerControl_3OutVer_CMAKE.dir/Core/Src/tim.c.obj:(.text.HAL_TIM_Base_MspInit)
 80035dc  80035dc        0     1                 $t
 80035dd  80035dd       ae     1                 HAL_TIM_Base_MspInit
 800368c  800368c       2a     4         CMakeFiles/PowerControl_3OutVer_CMAKE.dir/Core/Src/tim.c.obj:(.text.HAL_TIM_PWM_MspInit)
 800368c  800368c        0     1                 $t
 800368d  800368d       2a     1                 HAL_TIM_PWM_MspInit
 80036b8  80036b8       3c     4         CMakeFiles/PowerControl_3OutVer_CMAKE.dir/Core/Src/usart.c.obj:(.text.MX_USART2_UART_Init)
 80036b8  80036b8        0     1                 $t
 80036b9  80036b9       3c     1                 MX_USART2_UART_Init
 80036f4  80036f4       8c     4         CMakeFiles/PowerControl_3OutVer_CMAKE.dir/Core/Src/usart.c.obj:(.text.HAL_UART_MspInit)
 80036f4  80036f4        0     1                 $t
 80036f5  80036f5       8c     1                 HAL_UART_MspInit
 8003780  8003780        2     4         CMakeFiles/PowerControl_3OutVer_CMAKE.dir/Core/Src/stm32f1xx_it.c.obj:(.text.NMI_Handler)
 8003780  8003780        0     1                 $t
 8003781  8003781        2     1                 NMI_Handler
 8003784  8003784        2     4         CMakeFiles/PowerControl_3OutVer_CMAKE.dir/Core/Src/stm32f1xx_it.c.obj:(.text.HardFault_Handler)
 8003784  8003784        0     1                 $t
 8003785  8003785        2     1                 HardFault_Handler
 8003788  8003788        2     4         CMakeFiles/PowerControl_3OutVer_CMAKE.dir/Core/Src/stm32f1xx_it.c.obj:(.text.MemManage_Handler)
 8003788  8003788        0     1                 $t
 8003789  8003789        2     1                 MemManage_Handler
 800378c  800378c        2     4         CMakeFiles/PowerControl_3OutVer_CMAKE.dir/Core/Src/stm32f1xx_it.c.obj:(.text.BusFault_Handler)
 800378c  800378c        0     1                 $t
 800378d  800378d        2     1                 BusFault_Handler
 8003790  8003790        2     4         CMakeFiles/PowerControl_3OutVer_CMAKE.dir/Core/Src/stm32f1xx_it.c.obj:(.text.UsageFault_Handler)
 8003790  8003790        0     1                 $t
 8003791  8003791        2     1                 UsageFault_Handler
 8003794  8003794        2     4         CMakeFiles/PowerControl_3OutVer_CMAKE.dir/Core/Src/stm32f1xx_it.c.obj:(.text.SVC_Handler)
 8003794  8003794        0     1                 $t
 8003795  8003795        2     1                 SVC_Handler
 8003798  8003798        2     4         CMakeFiles/PowerControl_3OutVer_CMAKE.dir/Core/Src/stm32f1xx_it.c.obj:(.text.DebugMon_Handler)
 8003798  8003798        0     1                 $t
 8003799  8003799        2     1                 DebugMon_Handler
 800379c  800379c        2     4         CMakeFiles/PowerControl_3OutVer_CMAKE.dir/Core/Src/stm32f1xx_it.c.obj:(.text.PendSV_Handler)
 800379c  800379c        0     1                 $t
 800379d  800379d        2     1                 PendSV_Handler
 80037a0  80037a0        4     4         CMakeFiles/PowerControl_3OutVer_CMAKE.dir/Core/Src/stm32f1xx_it.c.obj:(.text.SysTick_Handler)
 80037a0  80037a0        0     1                 $t
 80037a1  80037a1        4     1                 SysTick_Handler
 80037a4  80037a4        6     4         CMakeFiles/PowerControl_3OutVer_CMAKE.dir/Core/Src/stm32f1xx_it.c.obj:(.text.EXTI3_IRQHandler)
 80037a4  80037a4        0     1                 $t
 80037a5  80037a5        6     1                 EXTI3_IRQHandler
 80037ac  80037ac        6     4         CMakeFiles/PowerControl_3OutVer_CMAKE.dir/Core/Src/stm32f1xx_it.c.obj:(.text.EXTI4_IRQHandler)
 80037ac  80037ac        0     1                 $t
 80037ad  80037ad        6     1                 EXTI4_IRQHandler
 80037b4  80037b4        6     4         CMakeFiles/PowerControl_3OutVer_CMAKE.dir/Core/Src/stm32f1xx_it.c.obj:(.text.EXTI9_5_IRQHandler)
 80037b4  80037b4        0     1                 $t
 80037b5  80037b5        6     1                 EXTI9_5_IRQHandler
 80037bc  80037bc        c     4         CMakeFiles/PowerControl_3OutVer_CMAKE.dir/Core/Src/stm32f1xx_it.c.obj:(.text.TIM1_UP_IRQHandler)
 80037bc  80037bc        0     1                 $t
 80037bd  80037bd        c     1                 TIM1_UP_IRQHandler
 80037c8  80037c8        c     4         CMakeFiles/PowerControl_3OutVer_CMAKE.dir/Core/Src/stm32f1xx_it.c.obj:(.text.TIM3_IRQHandler)
 80037c8  80037c8        0     1                 $t
 80037c9  80037c9        c     1                 TIM3_IRQHandler
 80037d4  80037d4        c     4         CMakeFiles/PowerControl_3OutVer_CMAKE.dir/Core/Src/stm32f1xx_it.c.obj:(.text.TIM4_IRQHandler)
 80037d4  80037d4        0     1                 $t
 80037d5  80037d5        c     1                 TIM4_IRQHandler
 80037e0  80037e0        c     4         CMakeFiles/PowerControl_3OutVer_CMAKE.dir/Core/Src/stm32f1xx_it.c.obj:(.text.USART2_IRQHandler)
 80037e0  80037e0        0     1                 $t
 80037e1  80037e1        c     1                 USART2_IRQHandler
 80037ec  80037ec       4a     4         CMakeFiles/PowerControl_3OutVer_CMAKE.dir/Core/Src/stm32f1xx_hal_msp.c.obj:(.text.HAL_MspInit)
 80037ec  80037ec        0     1                 $t
 80037ed  80037ed       4a     1                 HAL_MspInit
 8003838  8003838        c     4         CMakeFiles/PowerControl_3OutVer_CMAKE.dir/Core/Src/syscalls.c.obj:(.text.starm_putc)
 8003838  8003838        0     1                 $t
 8003839  8003839        c     1                 starm_putc
 8003844  8003844        c     4         CMakeFiles/PowerControl_3OutVer_CMAKE.dir/Core/Src/syscalls.c.obj:(.text.starm_getc)
 8003844  8003844        0     1                 $t
 8003845  8003845        c     1                 starm_getc
 8003850  8003850       48     4         CMakeFiles/PowerControl_3OutVer_CMAKE.dir/startup_stm32f103xb.s.obj:(.text.Reset_Handler)
 8003850  8003850        0     1                 $t
 8003851  8003851       34     1                 Reset_Handler
 800385e  800385e        0     1                 CopyDataInit
 8003864  8003864        0     1                 LoopCopyDataInit
 8003872  8003872        0     1                 FillZerobss
 8003876  8003876        0     1                 LoopFillZerobss
 8003884  8003884        0     1                 $d
 8003898  8003898        2     1         CMakeFiles/PowerControl_3OutVer_CMAKE.dir/startup_stm32f103xb.s.obj:(.text.Default_Handler)
 8003898  8003898        0     1                 Infinite_Loop
 8003898  8003898        0     1                 $t
 8003898  8003898        2     1                 Default_Handler
 8003899  8003899        2     1                 WWDG_IRQHandler
 8003899  8003899        2     1                 PVD_IRQHandler
 8003899  8003899        2     1                 TAMPER_IRQHandler
 8003899  8003899        2     1                 RTC_IRQHandler
 8003899  8003899        2     1                 FLASH_IRQHandler
 8003899  8003899        2     1                 RCC_IRQHandler
 8003899  8003899        2     1                 EXTI0_IRQHandler
 8003899  8003899        2     1                 EXTI1_IRQHandler
 8003899  8003899        2     1                 EXTI2_IRQHandler
 8003899  8003899        2     1                 DMA1_Channel1_IRQHandler
 8003899  8003899        2     1                 DMA1_Channel2_IRQHandler
 8003899  8003899        2     1                 DMA1_Channel3_IRQHandler
 8003899  8003899        2     1                 DMA1_Channel4_IRQHandler
 8003899  8003899        2     1                 DMA1_Channel5_IRQHandler
 8003899  8003899        2     1                 DMA1_Channel6_IRQHandler
 8003899  8003899        2     1                 DMA1_Channel7_IRQHandler
 8003899  8003899        2     1                 ADC1_2_IRQHandler
 8003899  8003899        2     1                 USB_HP_CAN1_TX_IRQHandler
 8003899  8003899        2     1                 USB_LP_CAN1_RX0_IRQHandler
 8003899  8003899        2     1                 CAN1_RX1_IRQHandler
 8003899  8003899        2     1                 CAN1_SCE_IRQHandler
 8003899  8003899        2     1                 TIM1_BRK_IRQHandler
 8003899  8003899        2     1                 TIM1_TRG_COM_IRQHandler
 8003899  8003899        2     1                 TIM1_CC_IRQHandler
 8003899  8003899        2     1                 TIM2_IRQHandler
 8003899  8003899        2     1                 I2C1_EV_IRQHandler
 8003899  8003899        2     1                 I2C1_ER_IRQHandler
 8003899  8003899        2     1                 I2C2_EV_IRQHandler
 8003899  8003899        2     1                 I2C2_ER_IRQHandler
 8003899  8003899        2     1                 SPI1_IRQHandler
 8003899  8003899        2     1                 SPI2_IRQHandler
 8003899  8003899        2     1                 USART1_IRQHandler
 8003899  8003899        2     1                 USART3_IRQHandler
 8003899  8003899        2     1                 EXTI15_10_IRQHandler
 8003899  8003899        2     1                 RTC_Alarm_IRQHandler
 8003899  8003899        2     1                 USBWakeUp_IRQHandler
 800389c  800389c       6a     4         CMakeFiles/PowerControl_3OutVer_CMAKE.dir/Application/Button/Button.c.obj:(.text.Button_Init)
 800389c  800389c        0     1                 $t
 800389d  800389d       6a     1                 Button_Init
 8003908  8003908      25a     4         CMakeFiles/PowerControl_3OutVer_CMAKE.dir/Application/Button/Button.c.obj:(.text.HAL_GPIO_EXTI_Callback)
 8003908  8003908        0     1                 $t
 8003909  8003909      25a     1                 HAL_GPIO_EXTI_Callback
 8003b64  8003b64       4e     4         CMakeFiles/PowerControl_3OutVer_CMAKE.dir/Application/LED/LED.c.obj:(.text.LED_Init)
 8003b64  8003b64        0     1                 $t
 8003b65  8003b65       4e     1                 LED_Init
 8003bb4  8003bb4      2de     4         CMakeFiles/PowerControl_3OutVer_CMAKE.dir/Application/LED/LED.c.obj:(.text.LED_Switch)
 8003bb4  8003bb4        0     1                 $t
 8003bb5  8003bb5      2de     1                 LED_Switch
 8003bc6  8003bc6        0     1                 $d
 8003bcc  8003bcc        0     1                 $t
 8003bd8  8003bd8        0     1                 $d
 8003be4  8003be4        0     1                 $t
 8003c20  8003c20        0     1                 $d
 8003c28  8003c28        0     1                 $t
 8003c4c  8003c4c        0     1                 $d
 8003c52  8003c52        0     1                 $t
 8003cca  8003cca        0     1                 $d
 8003cd0  8003cd0        0     1                 $t
 8003d0c  8003d0c        0     1                 $d
 8003d10  8003d10        0     1                 $t
 8003e94  8003e94       76     4         CMakeFiles/PowerControl_3OutVer_CMAKE.dir/Application/INA3221/INA3221.c.obj:(.text.Init_Power_Read)
 8003e94  8003e94        0     1                 $t
 8003e95  8003e95       76     1                 Init_Power_Read
 8003f0c  8003f0c       e4     4         CMakeFiles/PowerControl_3OutVer_CMAKE.dir/Application/INA3221/INA3221.c.obj:(.text.INA3221_Init)
 8003f0c  8003f0c        0     1                 $t
 8003f0d  8003f0d       e4     1                 INA3221_Init
 8003ff0  8003ff0      168     4         CMakeFiles/PowerControl_3OutVer_CMAKE.dir/Application/INA3221/INA3221.c.obj:(.text.Power_Read_Loop)
 8003ff0  8003ff0        0     1                 $t
 8003ff1  8003ff1      168     1                 Power_Read_Loop
 8004018  8004018        0     1                 $d
 800401c  800401c        0     1                 $t
 8004158  8004158      18a     4         CMakeFiles/PowerControl_3OutVer_CMAKE.dir/Application/INA3221/INA3221.c.obj:(.text.Power_Voltage_Control_Loop)
 8004158  8004158        0     1                 $t
 8004159  8004159      18a     1                 Power_Voltage_Control_Loop
 80042e4  80042e4       fc     4         CMakeFiles/PowerControl_3OutVer_CMAKE.dir/Application/INA3221/INA3221.c.obj:(.text.Power_Current_Control_Loop)
 80042e4  80042e4        0     1                 $t
 80042e5  80042e5       fc     1                 Power_Current_Control_Loop
 80043e0  80043e0      1e8     4         CMakeFiles/PowerControl_3OutVer_CMAKE.dir/Application/INA3221/INA3221.c.obj:(.text.Median_Filter)
 80043e0  80043e0        0     1                 $t
 80043e1  80043e1      1e8     1                 Median_Filter
 80045c8  80045c8       26     4         CMakeFiles/PowerControl_3OutVer_CMAKE.dir/Application/Power/Power.c.obj:(.text.Init_Power_Control)
 80045c8  80045c8        0     1                 $t
 80045c9  80045c9       26     1                 Init_Power_Control
 80045f0  80045f0       38     4         CMakeFiles/PowerControl_3OutVer_CMAKE.dir/Application/Power/Power.c.obj:(.text.Power_Init)
 80045f0  80045f0        0     1                 $t
 80045f1  80045f1       38     1                 Power_Init
 8004628  8004628      140     4         CMakeFiles/PowerControl_3OutVer_CMAKE.dir/Application/Power/Power.c.obj:(.text.Power_Switch)
 8004628  8004628        0     1                 $t
 8004629  8004629      140     1                 Power_Switch
 8004768  8004768        6     4         CMakeFiles/PowerControl_3OutVer_CMAKE.dir/Application/Power/Power.c.obj:(.text.Power_Read_Channel_State)
 8004768  8004768        0     1                 $t
 8004769  8004769        6     1                 Power_Read_Channel_State
 8004770  8004770        c     4         CMakeFiles/PowerControl_3OutVer_CMAKE.dir/Application/Message/Message.c.obj:(.text.Send_Period_Init)
 8004770  8004770        0     1                 $t
 8004771  8004771        c     1                 Send_Period_Init
 800477c  800477c       32     4         CMakeFiles/PowerControl_3OutVer_CMAKE.dir/Application/Message/Message.c.obj:(.text.Send_CAN_Message)
 800477c  800477c        0     1                 $t
 800477d  800477d       32     1                 Send_CAN_Message
 80047b0  80047b0       56     4         CMakeFiles/PowerControl_3OutVer_CMAKE.dir/Application/Message/Message.c.obj:(.text.CAN_Connect_Init)
 80047b0  80047b0        0     1                 $t
 80047b1  80047b1       56     1                 CAN_Connect_Init
 8004808  8004808       1c     4         CMakeFiles/PowerControl_3OutVer_CMAKE.dir/Application/BUZZER/Buzzer.c.obj:(.text.Buzzer_Init)
 8004808  8004808        0     1                 $t
 8004809  8004809       1c     1                 Buzzer_Init
 8004824  8004824       d4     4         CMakeFiles/PowerControl_3OutVer_CMAKE.dir/Application/BUZZER/Buzzer.c.obj:(.text.Buzzer_Switch)
 8004824  8004824        0     1                 $t
 8004825  8004825       d4     1                 Buzzer_Switch
 80048f8  80048f8       16     4         CMakeFiles/PowerControl_3OutVer_CMAKE.dir/Application/Debug/Log.c.obj:(.text.Log_Init)
 80048f8  80048f8        0     1                 $t
 80048f9  80048f9       16     1                 Log_Init
 8004910  8004910       8e     4         CMakeFiles/PowerControl_3OutVer_CMAKE.dir/Application/Debug/Log.c.obj:(.text.Log_Check)
 8004910  8004910        0     1                 $t
 8004911  8004911       8e     1                 Log_Check
 800496a  800496a        0     1                 $d
 8004970  8004970        0     1                 $t
 80049a0  80049a0      136     4         CMakeFiles/PowerControl_3OutVer_CMAKE.dir/Application/Debug/Log.c.obj:(.text.Log_printf)
 80049a0  80049a0        0     1                 $t
 80049a1  80049a1      136     1                 Log_printf
 8004ad8  8004ad8       14     4         CMakeFiles/PowerControl_3OutVer_CMAKE.dir/Application/Debug/Log.c.obj:(.text.__io_putchar)
 8004ad8  8004ad8        0     1                 $t
 8004ad9  8004ad9       14     1                 __io_putchar
 8004aec  8004aec       3e     4         CMakeFiles/PowerControl_3OutVer_CMAKE.dir/Application/Debug/Log.c.obj:(.text.HAL_UARTEx_RxEventCallback)
 8004aec  8004aec        0     1                 $t
 8004aed  8004aed       3e     1                 HAL_UARTEx_RxEventCallback
 8004b2c  8004b2c      392     4         CMakeFiles/PowerControl_3OutVer_CMAKE.dir/Core/Src/CallBack.c.obj:(.text.HAL_TIM_PeriodElapsedCallback)
 8004b2c  8004b2c        0     1                 $t
 8004b2d  8004b2d      392     1                 HAL_TIM_PeriodElapsedCallback
 8004ebe  8004ebe      1d8     2         C:/Users/Cindy/AppData/Local/stm32cube/bundles/st-arm-clang/21.1.1+st.6/bin/../lib/clang-runtimes/arm-none-eabi/armv7m_soft_nofp_exn_rtti_unaligned_size/lib/libclang_rt.builtins.a(addsf3.c.obj):(.text.__addsf3)
 8004ebe  8004ebe        0     1                 $t
 8004ebf  8004ebf      1d8     1                 __addsf3
 8004ebf  8004ebf      1d8     1                 __aeabi_fadd
 8005098  8005098        c     4         C:/Users/Cindy/AppData/Local/stm32cube/bundles/st-arm-clang/21.1.1+st.6/bin/../lib/clang-runtimes/arm-none-eabi/armv7m_soft_nofp_exn_rtti_unaligned_size/lib/libclang_rt.builtins.a(fp_mode.c.obj):(.text.__fe_getround)
 8005098  8005098        0     1                 $t
 8005099  8005099        c     1                 __fe_getround
 80050a0  80050a0        0     1                 $d
 80050a4  80050a4        4     2         C:/Users/Cindy/AppData/Local/stm32cube/bundles/st-arm-clang/21.1.1+st.6/bin/../lib/clang-runtimes/arm-none-eabi/armv7m_soft_nofp_exn_rtti_unaligned_size/lib/libclang_rt.builtins.a(fp_mode.c.obj):(.text.__fe_raise_inexact)
 80050a4  80050a4        0     1                 $t
 80050a5  80050a5        4     1                 __fe_raise_inexact
 80050a8  80050a8       3c     2         C:/Users/Cindy/AppData/Local/stm32cube/bundles/st-arm-clang/21.1.1+st.6/bin/../lib/clang-runtimes/arm-none-eabi/armv7m_soft_nofp_exn_rtti_unaligned_size/lib/libclang_rt.builtins.a(fixsfsi.c.obj):(.text.__fixsfsi)
 80050a8  80050a8        0     1                 $t
 80050a9  80050a9       3c     1                 __fixsfsi
 80050a9  80050a9       3c     1                 __aeabi_f2iz
 80050e4  80050e4       4a     2         C:/Users/Cindy/AppData/Local/stm32cube/bundles/st-arm-clang/21.1.1+st.6/bin/../lib/clang-runtimes/arm-none-eabi/armv7m_soft_nofp_exn_rtti_unaligned_size/lib/libclang_rt.builtins.a(floatunsisf.c.obj):(.text.__floatunsisf)
 80050e4  80050e4        0     1                 $t
 80050e5  80050e5       4a     1                 __floatunsisf
 80050e5  80050e5       4a     1                 __aeabi_ui2f
 800512e  800512e        8     2         C:/Users/Cindy/AppData/Local/stm32cube/bundles/st-arm-clang/21.1.1+st.6/bin/../lib/clang-runtimes/arm-none-eabi/armv7m_soft_nofp_exn_rtti_unaligned_size/lib/libclang_rt.builtins.a(subsf3.c.obj):(.text.__subsf3)
 800512e  800512e        0     1                 $t
 800512f  800512f        8     1                 __subsf3
 800512f  800512f        8     1                 __aeabi_fsub
 8005136  8005136       38     2         C:/Users/Cindy/AppData/Local/stm32cube/bundles/st-arm-clang/21.1.1+st.6/bin/../lib/clang-runtimes/arm-none-eabi/armv7m_soft_nofp_exn_rtti_unaligned_size/lib/libclang_rt.builtins.a(fnan2.c.obj):(.text.__compiler_rt_fnan2)
 8005136  8005136        0     1                 $t
 8005137  8005137       38     1                 __compiler_rt_fnan2
 800516e  800516e       3c     2         C:/Users/Cindy/AppData/Local/stm32cube/bundles/st-arm-clang/21.1.1+st.6/bin/../lib/clang-runtimes/arm-none-eabi/armv7m_soft_nofp_exn_rtti_unaligned_size/lib/libclang_rt.builtins.a(fnorm2.c.obj):(.text.__compiler_rt_fnorm2)
 800516e  800516e        0     1                 $t
 800516f  800516f       3c     1                 __compiler_rt_fnorm2
 80051aa  80051aa       5c     2         C:/Users/Cindy/AppData/Local/stm32cube/bundles/st-arm-clang/21.1.1+st.6/bin/../lib/clang-runtimes/arm-none-eabi/armv7m_soft_nofp_exn_rtti_unaligned_size/lib/libclang_rt.builtins.a(funder.c.obj):(.text.__compiler_rt_funder)
 80051aa  80051aa        0     1                 $t
 80051ab  80051ab       5c     1                 __compiler_rt_funder
 8005206  8005206        8     2         C:/Users/Cindy/AppData/Local/stm32cube/bundles/st-arm-clang/21.1.1+st.6/bin/../lib/clang-runtimes/arm-none-eabi/armv7m_soft_nofp_exn_rtti_unaligned_size/lib/libc.a(bzero.c.o):(.text.bzero)
 8005206  8005206        0     1                 $t
 8005207  8005207        8     1                 bzero
 8005207  8005207        8     1                 __aeabi_memclr4
 8005207  8005207        8     1                 __aeabi_memclr8
 8005207  8005207        8     1                 __aeabi_memclr
 800520e  800520e        e     2         C:/Users/Cindy/AppData/Local/stm32cube/bundles/st-arm-clang/21.1.1+st.6/bin/../lib/clang-runtimes/arm-none-eabi/armv7m_soft_nofp_exn_rtti_unaligned_size/lib/libc.a(memset.c.o):(.text.memset)
 800520e  800520e        0     1                 $t
 800520f  800520f        e     1                 memset
 800521c  800521c       1c     4         C:/Users/Cindy/AppData/Local/stm32cube/bundles/st-arm-clang/21.1.1+st.6/bin/../lib/clang-runtimes/arm-none-eabi/armv7m_soft_nofp_exn_rtti_unaligned_size/lib/libc.a(libc_misc_init.c.o):(.text.__libc_init_array)
 800521c  800521c        0     1                 $t
 800521d  800521d       1c     1                 __libc_init_array
 8005230  8005230        0     1                 $d
 8005238  8005238       10     4         C:/Users/Cindy/AppData/Local/stm32cube/bundles/st-arm-clang/21.1.1+st.6/bin/../lib/clang-runtimes/arm-none-eabi/armv7m_soft_nofp_exn_rtti_unaligned_size/lib/libc.a(libc_picolib_machine_arm_read_tp.S.o):(.text._initial_set_tls)
 8005238  8005238        0     1                 $t
 8005239  8005239        6     1                 _initial_set_tls
 8005240  8005240        0     1                 $d
 8005248  8005248       14     4         C:/Users/Cindy/AppData/Local/stm32cube/bundles/st-arm-clang/21.1.1+st.6/bin/../lib/clang-runtimes/arm-none-eabi/armv7m_soft_nofp_exn_rtti_unaligned_size/lib/libc.a(libc_picolib_machine_arm_set_tls.c.o):(.text._set_tls)
 8005248  8005248        0     1                 $t
 8005249  8005249       14     1                 _set_tls
 8005254  8005254        0     1                 $d
 800525c  800525c       24     4         C:/Users/Cindy/AppData/Local/stm32cube/bundles/st-arm-clang/21.1.1+st.6/bin/../lib/clang-runtimes/arm-none-eabi/armv7m_soft_nofp_exn_rtti_unaligned_size/lib/libc.a(libc_tinystdio_printf.c.o):(.text.printf)
 800525c  800525c        0     1                 $t
 800525d  800525d       24     1                 printf
 800527c  800527c        0     1                 $d
 8005280  8005280       44     4         C:/Users/Cindy/AppData/Local/stm32cube/bundles/st-arm-clang/21.1.1+st.6/bin/../lib/clang-runtimes/arm-none-eabi/armv7m_soft_nofp_exn_rtti_unaligned_size/lib/libc.a(libc_tinystdio_puts.c.o):(.text.puts)
 8005280  8005280        0     1                 $t
 8005281  8005281       44     1                 puts
 80052c0  80052c0        0     1                 $d
 80052c4  80052c4       18     2         C:/Users/Cindy/AppData/Local/stm32cube/bundles/st-arm-clang/21.1.1+st.6/bin/../lib/clang-runtimes/arm-none-eabi/armv7m_soft_nofp_exn_rtti_unaligned_size/lib/libc.a(libc_string_strnlen.c.o):(.text.strnlen)
 80052c4  80052c4        0     1                 $t
 80052c5  80052c5       18     1                 strnlen
 80052dc  80052dc      4c4     4         C:/Users/Cindy/AppData/Local/stm32cube/bundles/st-arm-clang/21.1.1+st.6/bin/../lib/clang-runtimes/arm-none-eabi/armv7m_soft_nofp_exn_rtti_unaligned_size/lib/libc.a(libc_tinystdio_vfiprintf.c.o):(.text.__i_vfprintf)
 80052dc  80052dc        0     1                 $t
 80052dd  80052dd      4c4     1                 __i_vfprintf
 8005352  8005352        0     1                 $d
 800535c  800535c        0     1                 $t
 80054b4  80054b4        0     1                 $d
 80054bc  80054bc        0     1                 $t
 8005798  8005798        0     1                 $d
 80057a0  80057a0       28     2         C:/Users/Cindy/AppData/Local/stm32cube/bundles/st-arm-clang/21.1.1+st.6/bin/../lib/clang-runtimes/arm-none-eabi/armv7m_soft_nofp_exn_rtti_unaligned_size/lib/libc.a(libc_tinystdio_vfiprintf.c.o):(.text.__ultoa_invert)
 80057a0  80057a0        0     1                 $t
 80057a1  80057a1       28     1                 __ultoa_invert
 80057c8  80057c8        8     2         C:/Users/Cindy/AppData/Local/stm32cube/bundles/st-arm-clang/21.1.1+st.6/bin/../lib/clang-runtimes/arm-none-eabi/armv7m_soft_nofp_exn_rtti_unaligned_size/lib/libc.a(libc_tinystdio_vfiprintf.c.o):(.text.OUTLINED_FUNCTION_0)
 80057c8  80057c8        0     1                 $t
 80057c9  80057c9        8     1                 OUTLINED_FUNCTION_0
 80057d0  80057d0        0     1         . = ALIGN(4)
 80057d0  80057d0        0     1         _etext = .
 80057d0  80057d0       80     4 .rodata
 80057d0  80057d0        0     1         . = ALIGN(4)
 80057d0  80057d0       10     1         cmake/stm32cubemx/CMakeFiles/STM32_Drivers.dir/__/__/Core/Src/system_stm32f1xx.c.obj:(.rodata.AHBPrescTable)
 80057d0  80057d0       10     1                 AHBPrescTable
 80057e0  80057e0        8     1         cmake/stm32cubemx/CMakeFiles/STM32_Drivers.dir/__/__/Core/Src/system_stm32f1xx.c.obj:(.rodata.APBPrescTable)
 80057e0  80057e0        8     1                 APBPrescTable
 80057e8  80057e8       10     1         <internal>:(.rodata.cst16)
 80057f8  80057f8        2     1         cmake/stm32cubemx/CMakeFiles/STM32_Drivers.dir/__/__/Drivers/STM32F1xx_HAL_Driver/Src/stm32f1xx_hal_rcc.c.obj:(.rodata.HAL_RCC_GetSysClockFreq.aPredivFactorTable)
 80057f8  80057f8        2     1                 HAL_RCC_GetSysClockFreq.aPredivFactorTable
 80057fc  80057fc        4     4         CMakeFiles/PowerControl_3OutVer_CMAKE.dir/Core/Src/syscalls.c.obj:(.rodata.stdin)
 80057fc  80057fc        4     1                 stdin
 80057fc  80057fc        4     1                 stdout
 80057fc  80057fc        4     1                 stderr
 8005800  8005800        6     1         CMakeFiles/PowerControl_3OutVer_CMAKE.dir/Application/INA3221/INA3221.c.obj:(.rodata..L__const.Search_Channel_To_Read.Channel_Map)
 8005800  8005800        6     1                 .L__const.Search_Channel_To_Read.Channel_Map
 8005806  8005806       4a     1         <internal>:(.rodata.str1.1)
 8005850  8005850        0     1         . = ALIGN(4)
 8005850  8005850        0     1 .ARM.extab
 8005850  8005850        0     1         . = ALIGN(4)
 8005850  8005850        0     1         . = ALIGN(4)
 8005850  8005850       10     4 .ARM
 8005850  8005850        0     1         . = ALIGN(4)
 8005850  8005850        0     1         __exidx_start = .
 8005850  8005850       10     4         <internal>:(.ARM.exidx)
 8005860  8005860        0     1         __exidx_end = .
 8005860  8005860        0     1         . = ALIGN(4)
 8005860  8005860        4     4 .preinit_array
 8005860  8005860        0     1         . = ALIGN(4)
 8005860  8005860        4     4         C:/Users/Cindy/AppData/Local/stm32cube/bundles/st-arm-clang/21.1.1+st.6/bin/../lib/clang-runtimes/arm-none-eabi/armv7m_soft_nofp_exn_rtti_unaligned_size/lib/libc.a(libc_picolib_machine_arm_read_tp.S.o):(.preinit_array)
 8005864  8005864        0     1         . = ALIGN(4)
 8005864  8005864        0     1 .init_array
 8005864  8005864        0     1         . = ALIGN(4)
 8005864  8005864        0     1         . = ALIGN(4)
 8005864  8005864        0     1 .fini_array
 8005864  8005864        0     1         . = ALIGN(4)
 8005864  8005864        0     1         . = ALIGN(4)
 8005864  8005864        0     1 _sidata = LOADADDR(.data)
20000000  8005864       1c     4 .data
20000000  8005864        0     1         . = ALIGN(4)
20000000  8005864        0     1         _sdata = .
20000000  8005864        4     4         cmake/stm32cubemx/CMakeFiles/STM32_Drivers.dir/__/__/Core/Src/system_stm32f1xx.c.obj:(.data.SystemCoreClock)
20000000  8005864        4     1                 SystemCoreClock
20000004  8005868        4     4         cmake/stm32cubemx/CMakeFiles/STM32_Drivers.dir/__/__/Drivers/STM32F1xx_HAL_Driver/Src/stm32f1xx_hal.c.obj:(.data.uwTickPrio)
20000004  8005868        4     1                 uwTickPrio
20000008  800586c        1     1         cmake/stm32cubemx/CMakeFiles/STM32_Drivers.dir/__/__/Drivers/STM32F1xx_HAL_Driver/Src/stm32f1xx_hal.c.obj:(.data.uwTickFreq)
20000008  800586c        1     1                 uwTickFreq
2000000c  8005870       10     4         CMakeFiles/PowerControl_3OutVer_CMAKE.dir/Core/Src/syscalls.c.obj:(.data.__stdio)
2000000c  8005870       10     1                 __stdio
2000001c  8005880        0     1         . = ALIGN(4)
2000001c  8005880        0     4 .tdata
2000001c  8005880        0     1         . = ALIGN(4)
2000001c  8005880        0     1         _edata = .
2000001c  8005880        0     1 PROVIDE( __tdata_start = ADDR(.tdata) )
2000001c 2000001c        0     4 .tbss
2000001c 2000001c        0     1         _sbss = .
2000001c 2000001c        0     1         __bss_start__ = _sbss
2000001c 2000001c        0     1         . = ALIGN(4)
2000001c 2000001c        0     1 PROVIDE( __tls_base = __tdata_start )
2000001c 2000001c        0     1 PROVIDE( __tls_align = MAX(ALIGNOF(.tdata), ALIGNOF(.tbss)) )
2000001c 2000001c        0     1 PROVIDE( __arm32_tls_tcb_offset = MAX(8, __tls_align) )
2000001c 2000001c      3b0     4 .bss
2000001c 2000001c        4     4         cmake/stm32cubemx/CMakeFiles/STM32_Drivers.dir/__/__/Drivers/STM32F1xx_HAL_Driver/Src/stm32f1xx_hal.c.obj:(.bss.uwTick)
2000001c 2000001c        4     1                 uwTick
20000020 20000020       10     4         CMakeFiles/PowerControl_3OutVer_CMAKE.dir/Core/Src/main.c.obj:(.bss.power)
20000020 20000020       10     1                 power
20000030 20000030       4c     4         CMakeFiles/PowerControl_3OutVer_CMAKE.dir/Core/Src/main.c.obj:(.bss.power_read)
20000030 20000030       4c     1                 power_read
2000007c 2000007c        1     1         CMakeFiles/PowerControl_3OutVer_CMAKE.dir/Core/Src/main.c.obj:(.bss.Ina3221_State)
2000007c 2000007c        1     1                 Ina3221_State
20000080 20000080       28     4         CMakeFiles/PowerControl_3OutVer_CMAKE.dir/Core/Src/can.c.obj:(.bss.hcan)
20000080 20000080       28     1                 hcan
200000a8 200000a8       54     4         CMakeFiles/PowerControl_3OutVer_CMAKE.dir/Core/Src/i2c.c.obj:(.bss.hi2c1)
200000a8 200000a8       54     1                 hi2c1
200000fc 200000fc        c     4         CMakeFiles/PowerControl_3OutVer_CMAKE.dir/Core/Src/iwdg.c.obj:(.bss.hiwdg)
200000fc 200000fc        c     1                 hiwdg
20000108 20000108       48     4         CMakeFiles/PowerControl_3OutVer_CMAKE.dir/Core/Src/tim.c.obj:(.bss.htim1)
20000108 20000108       48     1                 htim1
20000150 20000150       48     4         CMakeFiles/PowerControl_3OutVer_CMAKE.dir/Core/Src/tim.c.obj:(.bss.htim2)
20000150 20000150       48     1                 htim2
20000198 20000198       48     4         CMakeFiles/PowerControl_3OutVer_CMAKE.dir/Core/Src/tim.c.obj:(.bss.htim3)
20000198 20000198       48     1                 htim3
200001e0 200001e0       48     4         CMakeFiles/PowerControl_3OutVer_CMAKE.dir/Core/Src/tim.c.obj:(.bss.htim4)
200001e0 200001e0       48     1                 htim4
20000228 20000228       48     4         CMakeFiles/PowerControl_3OutVer_CMAKE.dir/Core/Src/usart.c.obj:(.bss.huart2)
20000228 20000228       48     1                 huart2
20000270 20000270        1     1         CMakeFiles/PowerControl_3OutVer_CMAKE.dir/Application/Button/Button.c.obj:(.bss.button_1_state)
20000270 20000270        1     1                 button_1_state
20000272 20000272        2     2         CMakeFiles/PowerControl_3OutVer_CMAKE.dir/Application/Button/Button.c.obj:(.bss.button_1_counter)
20000272 20000272        2     1                 button_1_counter
20000274 20000274        1     1         CMakeFiles/PowerControl_3OutVer_CMAKE.dir/Application/Button/Button.c.obj:(.bss.button_1_counter_state)
20000274 20000274        1     1                 button_1_counter_state
20000275 20000275        1     1         CMakeFiles/PowerControl_3OutVer_CMAKE.dir/Application/Button/Button.c.obj:(.bss.button_2_state)
20000275 20000275        1     1                 button_2_state
20000276 20000276        2     2         CMakeFiles/PowerControl_3OutVer_CMAKE.dir/Application/Button/Button.c.obj:(.bss.button_2_counter)
20000276 20000276        2     1                 button_2_counter
20000278 20000278        1     1         CMakeFiles/PowerControl_3OutVer_CMAKE.dir/Application/Button/Button.c.obj:(.bss.button_2_counter_state)
20000278 20000278        1     1                 button_2_counter_state
20000279 20000279        1     1         CMakeFiles/PowerControl_3OutVer_CMAKE.dir/Application/Button/Button.c.obj:(.bss.button_3_state)
20000279 20000279        1     1                 button_3_state
2000027a 2000027a        2     2         CMakeFiles/PowerControl_3OutVer_CMAKE.dir/Application/Button/Button.c.obj:(.bss.button_3_counter)
2000027a 2000027a        2     1                 button_3_counter
2000027c 2000027c        1     1         CMakeFiles/PowerControl_3OutVer_CMAKE.dir/Application/Button/Button.c.obj:(.bss.button_3_counter_state)
2000027c 2000027c        1     1                 button_3_counter_state
20000280 20000280        4     4         CMakeFiles/PowerControl_3OutVer_CMAKE.dir/Application/LED/LED.c.obj:(.bss.flow_tick_1)
20000280 20000280        4     1                 flow_tick_1
20000284 20000284        1     1         CMakeFiles/PowerControl_3OutVer_CMAKE.dir/Application/LED/LED.c.obj:(.bss.flow_step_1)
20000284 20000284        1     1                 flow_step_1
20000288 20000288        4     4         CMakeFiles/PowerControl_3OutVer_CMAKE.dir/Application/LED/LED.c.obj:(.bss.flow_tick_2)
20000288 20000288        4     1                 flow_tick_2
2000028c 2000028c        1     1         CMakeFiles/PowerControl_3OutVer_CMAKE.dir/Application/LED/LED.c.obj:(.bss.flow_step_2)
2000028c 2000028c        1     1                 flow_step_2
20000290 20000290        4     4         CMakeFiles/PowerControl_3OutVer_CMAKE.dir/Application/LED/LED.c.obj:(.bss.flow_tick_3)
20000290 20000290        4     1                 flow_tick_3
20000294 20000294        1     1         CMakeFiles/PowerControl_3OutVer_CMAKE.dir/Application/LED/LED.c.obj:(.bss.flow_step_3)
20000294 20000294        1     1                 flow_step_3
20000295 20000295        1     1         CMakeFiles/PowerControl_3OutVer_CMAKE.dir/Application/INA3221/INA3221.c.obj:(.bss.ina3221_state)
20000295 20000295        1     1                 ina3221_state
20000298 20000298       84     4         CMakeFiles/PowerControl_3OutVer_CMAKE.dir/Application/INA3221/INA3221.c.obj:(.bss.Median_Filter.voltage_buffer)
20000298 20000298       84     1                 Median_Filter.voltage_buffer
2000031c 2000031c       84     4         CMakeFiles/PowerControl_3OutVer_CMAKE.dir/Application/INA3221/INA3221.c.obj:(.bss.Median_Filter.current_buffer)
2000031c 2000031c       84     1                 Median_Filter.current_buffer
200003a0 200003a0        1     1         CMakeFiles/PowerControl_3OutVer_CMAKE.dir/Application/INA3221/INA3221.c.obj:(.bss.Median_Filter.buffer_index)
200003a0 200003a0        1     1                 Median_Filter.buffer_index
200003a4 200003a4        c     4         CMakeFiles/PowerControl_3OutVer_CMAKE.dir/Application/INA3221/INA3221.c.obj:(.bss.Power_Voltage_Control_Loop.last_voltage_max)
200003a4 200003a4        c     1                 Power_Voltage_Control_Loop.last_voltage_max
200003b0 200003b0       14     4         CMakeFiles/PowerControl_3OutVer_CMAKE.dir/Application/Debug/Log.c.obj:(.bss.log_buffer)
200003b0 200003b0       14     1                 log_buffer
200003c4 200003c4        1     1         CMakeFiles/PowerControl_3OutVer_CMAKE.dir/Application/Debug/Log.c.obj:(.bss.Log_State)
200003c4 200003c4        1     1                 Log_State
200003c5 200003c5        1     1         CMakeFiles/PowerControl_3OutVer_CMAKE.dir/Application/Debug/Log.c.obj:(.bss.Log_Mutex_State)
200003c5 200003c5        1     1                 Log_Mutex_State
200003c6 200003c6        1     1         C:/Users/Cindy/AppData/Local/stm32cube/bundles/st-arm-clang/21.1.1+st.6/bin/../lib/clang-runtimes/arm-none-eabi/armv7m_soft_nofp_exn_rtti_unaligned_size/lib/libclang_rt.builtins.a(fp_mode.c.obj):(.bss.__arm_fe_default_rmode)
200003c6 200003c6        1     1                 __arm_fe_default_rmode
200003c8 200003c8        4     4         C:/Users/Cindy/AppData/Local/stm32cube/bundles/st-arm-clang/21.1.1+st.6/bin/../lib/clang-runtimes/arm-none-eabi/armv7m_soft_nofp_exn_rtti_unaligned_size/lib/libc.a(libc_picolib_machine_arm_tls.c.o):(.bss.__tls)
200003c8 200003c8        4     1                 __tls
200003cc 200003cc        0     1         . = ALIGN(4)
200003cc 200003cc        0     1         _ebss = .
200003cc 200003cc        0     1         __bss_end__ = _ebss
200003cc 200003cc      604     1 ._user_heap_stack
200003cc 200003cc        4     1         . = ALIGN(8)
200003d0 200003d0        0     1         PROVIDE ( _end = . )
200003d0 200003d0      200     1         . = . + _Min_Heap_Size
200005d0 200005d0      400     1         . = . + _Min_Stack_Size
200009d0 200009d0        0     1         . = ALIGN(8)
       0        0     825d     1 .debug_loclists
       0        0       7b     1         cmake/stm32cubemx/CMakeFiles/STM32_Drivers.dir/__/__/Core/Src/system_stm32f1xx.c.obj:(.debug_loclists)
      7b       7b      580     1         cmake/stm32cubemx/CMakeFiles/STM32_Drivers.dir/__/__/Drivers/STM32F1xx_HAL_Driver/Src/stm32f1xx_hal_can.c.obj:(.debug_loclists)
     5fb      5fb       85     1         cmake/stm32cubemx/CMakeFiles/STM32_Drivers.dir/__/__/Drivers/STM32F1xx_HAL_Driver/Src/stm32f1xx_hal.c.obj:(.debug_loclists)
     680      680      25f     1         cmake/stm32cubemx/CMakeFiles/STM32_Drivers.dir/__/__/Drivers/STM32F1xx_HAL_Driver/Src/stm32f1xx_hal_rcc.c.obj:(.debug_loclists)
     8df      8df      240     1         cmake/stm32cubemx/CMakeFiles/STM32_Drivers.dir/__/__/Drivers/STM32F1xx_HAL_Driver/Src/stm32f1xx_hal_rcc_ex.c.obj:(.debug_loclists)
     b1f      b1f      23d     1         cmake/stm32cubemx/CMakeFiles/STM32_Drivers.dir/__/__/Drivers/STM32F1xx_HAL_Driver/Src/stm32f1xx_hal_gpio.c.obj:(.debug_loclists)
     d5c      d5c      311     1         cmake/stm32cubemx/CMakeFiles/STM32_Drivers.dir/__/__/Drivers/STM32F1xx_HAL_Driver/Src/stm32f1xx_hal_dma.c.obj:(.debug_loclists)
    106d     106d      16b     1         cmake/stm32cubemx/CMakeFiles/STM32_Drivers.dir/__/__/Drivers/STM32F1xx_HAL_Driver/Src/stm32f1xx_hal_cortex.c.obj:(.debug_loclists)
    11d8     11d8       56     1         cmake/stm32cubemx/CMakeFiles/STM32_Drivers.dir/__/__/Drivers/STM32F1xx_HAL_Driver/Src/stm32f1xx_hal_pwr.c.obj:(.debug_loclists)
    122e     122e      1a2     1         cmake/stm32cubemx/CMakeFiles/STM32_Drivers.dir/__/__/Drivers/STM32F1xx_HAL_Driver/Src/stm32f1xx_hal_flash.c.obj:(.debug_loclists)
    13d0     13d0      36d     1         cmake/stm32cubemx/CMakeFiles/STM32_Drivers.dir/__/__/Drivers/STM32F1xx_HAL_Driver/Src/stm32f1xx_hal_flash_ex.c.obj:(.debug_loclists)
    173d     173d      1cc     1         cmake/stm32cubemx/CMakeFiles/STM32_Drivers.dir/__/__/Drivers/STM32F1xx_HAL_Driver/Src/stm32f1xx_hal_exti.c.obj:(.debug_loclists)
    1909     1909     1d3a     1         cmake/stm32cubemx/CMakeFiles/STM32_Drivers.dir/__/__/Drivers/STM32F1xx_HAL_Driver/Src/stm32f1xx_hal_i2c.c.obj:(.debug_loclists)
    3643     3643       42     1         cmake/stm32cubemx/CMakeFiles/STM32_Drivers.dir/__/__/Drivers/STM32F1xx_HAL_Driver/Src/stm32f1xx_hal_iwdg.c.obj:(.debug_loclists)
    3685     3685     2692     1         cmake/stm32cubemx/CMakeFiles/STM32_Drivers.dir/__/__/Drivers/STM32F1xx_HAL_Driver/Src/stm32f1xx_hal_tim.c.obj:(.debug_loclists)
    5d17     5d17      aee     1         cmake/stm32cubemx/CMakeFiles/STM32_Drivers.dir/__/__/Drivers/STM32F1xx_HAL_Driver/Src/stm32f1xx_hal_tim_ex.c.obj:(.debug_loclists)
    6805     6805      e30     1         cmake/stm32cubemx/CMakeFiles/STM32_Drivers.dir/__/__/Drivers/STM32F1xx_HAL_Driver/Src/stm32f1xx_hal_uart.c.obj:(.debug_loclists)
    7635     7635       5d     1         CMakeFiles/PowerControl_3OutVer_CMAKE.dir/Core/Src/main.c.obj:(.debug_loclists)
    7692     7692       56     1         CMakeFiles/PowerControl_3OutVer_CMAKE.dir/Core/Src/can.c.obj:(.debug_loclists)
    76e8     76e8       31     1         CMakeFiles/PowerControl_3OutVer_CMAKE.dir/Core/Src/i2c.c.obj:(.debug_loclists)
    7719     7719       86     1         CMakeFiles/PowerControl_3OutVer_CMAKE.dir/Core/Src/tim.c.obj:(.debug_loclists)
    779f     779f       32     1         CMakeFiles/PowerControl_3OutVer_CMAKE.dir/Core/Src/usart.c.obj:(.debug_loclists)
    77d1     77d1       1b     1         CMakeFiles/PowerControl_3OutVer_CMAKE.dir/Core/Src/stm32f1xx_hal_msp.c.obj:(.debug_loclists)
    77ec     77ec       25     1         CMakeFiles/PowerControl_3OutVer_CMAKE.dir/Core/Src/sysmem.c.obj:(.debug_loclists)
    7811     7811      25b     1         CMakeFiles/PowerControl_3OutVer_CMAKE.dir/Core/Src/syscalls.c.obj:(.debug_loclists)
    7a6c     7a6c       6a     1         CMakeFiles/PowerControl_3OutVer_CMAKE.dir/Application/Button/Button.c.obj:(.debug_loclists)
    7ad6     7ad6      188     1         CMakeFiles/PowerControl_3OutVer_CMAKE.dir/Application/LED/LED.c.obj:(.debug_loclists)
    7c5e     7c5e      346     1         CMakeFiles/PowerControl_3OutVer_CMAKE.dir/Application/INA3221/INA3221.c.obj:(.debug_loclists)
    7fa4     7fa4       79     1         CMakeFiles/PowerControl_3OutVer_CMAKE.dir/Application/Power/Power.c.obj:(.debug_loclists)
    801d     801d       9a     1         CMakeFiles/PowerControl_3OutVer_CMAKE.dir/Application/Message/Message.c.obj:(.debug_loclists)
    80b7     80b7       2b     1         CMakeFiles/PowerControl_3OutVer_CMAKE.dir/Application/BUZZER/Buzzer.c.obj:(.debug_loclists)
    80e2     80e2       8b     1         CMakeFiles/PowerControl_3OutVer_CMAKE.dir/Application/Debug/Log.c.obj:(.debug_loclists)
    816d     816d       f0     1         CMakeFiles/PowerControl_3OutVer_CMAKE.dir/Core/Src/CallBack.c.obj:(.debug_loclists)
       0        0     3990     1 .debug_abbrev
       0        0       f0     1         cmake/stm32cubemx/CMakeFiles/STM32_Drivers.dir/__/__/Core/Src/system_stm32f1xx.c.obj:(.debug_abbrev)
      f0       f0       bf     1         cmake/stm32cubemx/CMakeFiles/STM32_Drivers.dir/__/__/Drivers/STM32F1xx_HAL_Driver/Src/stm32f1xx_hal_gpio_ex.c.obj:(.debug_abbrev)
     1af      1af      1d3     1         cmake/stm32cubemx/CMakeFiles/STM32_Drivers.dir/__/__/Drivers/STM32F1xx_HAL_Driver/Src/stm32f1xx_hal_can.c.obj:(.debug_abbrev)
     382      382      177     1         cmake/stm32cubemx/CMakeFiles/STM32_Drivers.dir/__/__/Drivers/STM32F1xx_HAL_Driver/Src/stm32f1xx_hal.c.obj:(.debug_abbrev)
     4f9      4f9      247     1         cmake/stm32cubemx/CMakeFiles/STM32_Drivers.dir/__/__/Drivers/STM32F1xx_HAL_Driver/Src/stm32f1xx_hal_rcc.c.obj:(.debug_abbrev)
     740      740      164     1         cmake/stm32cubemx/CMakeFiles/STM32_Drivers.dir/__/__/Drivers/STM32F1xx_HAL_Driver/Src/stm32f1xx_hal_rcc_ex.c.obj:(.debug_abbrev)
     8a4      8a4      16a     1         cmake/stm32cubemx/CMakeFiles/STM32_Drivers.dir/__/__/Drivers/STM32F1xx_HAL_Driver/Src/stm32f1xx_hal_gpio.c.obj:(.debug_abbrev)
     a0e      a0e      1a9     1         cmake/stm32cubemx/CMakeFiles/STM32_Drivers.dir/__/__/Drivers/STM32F1xx_HAL_Driver/Src/stm32f1xx_hal_dma.c.obj:(.debug_abbrev)
     bb7      bb7      2b9     1         cmake/stm32cubemx/CMakeFiles/STM32_Drivers.dir/__/__/Drivers/STM32F1xx_HAL_Driver/Src/stm32f1xx_hal_cortex.c.obj:(.debug_abbrev)
     e70      e70      17a     1         cmake/stm32cubemx/CMakeFiles/STM32_Drivers.dir/__/__/Drivers/STM32F1xx_HAL_Driver/Src/stm32f1xx_hal_pwr.c.obj:(.debug_abbrev)
     fea      fea      1f9     1         cmake/stm32cubemx/CMakeFiles/STM32_Drivers.dir/__/__/Drivers/STM32F1xx_HAL_Driver/Src/stm32f1xx_hal_flash.c.obj:(.debug_abbrev)
    11e3     11e3      203     1         cmake/stm32cubemx/CMakeFiles/STM32_Drivers.dir/__/__/Drivers/STM32F1xx_HAL_Driver/Src/stm32f1xx_hal_flash_ex.c.obj:(.debug_abbrev)
    13e6     13e6      172     1         cmake/stm32cubemx/CMakeFiles/STM32_Drivers.dir/__/__/Drivers/STM32F1xx_HAL_Driver/Src/stm32f1xx_hal_exti.c.obj:(.debug_abbrev)
    1558     1558      269     1         cmake/stm32cubemx/CMakeFiles/STM32_Drivers.dir/__/__/Drivers/STM32F1xx_HAL_Driver/Src/stm32f1xx_hal_i2c.c.obj:(.debug_abbrev)
    17c1     17c1       d6     1         cmake/stm32cubemx/CMakeFiles/STM32_Drivers.dir/__/__/Drivers/STM32F1xx_HAL_Driver/Src/stm32f1xx_hal_iwdg.c.obj:(.debug_abbrev)
    1897     1897      2e0     1         cmake/stm32cubemx/CMakeFiles/STM32_Drivers.dir/__/__/Drivers/STM32F1xx_HAL_Driver/Src/stm32f1xx_hal_tim.c.obj:(.debug_abbrev)
    1b77     1b77      204     1         cmake/stm32cubemx/CMakeFiles/STM32_Drivers.dir/__/__/Drivers/STM32F1xx_HAL_Driver/Src/stm32f1xx_hal_tim_ex.c.obj:(.debug_abbrev)
    1d7b     1d7b      232     1         cmake/stm32cubemx/CMakeFiles/STM32_Drivers.dir/__/__/Drivers/STM32F1xx_HAL_Driver/Src/stm32f1xx_hal_uart.c.obj:(.debug_abbrev)
    1fad     1fad      1b6     1         CMakeFiles/PowerControl_3OutVer_CMAKE.dir/Core/Src/main.c.obj:(.debug_abbrev)
    2163     2163       d6     1         CMakeFiles/PowerControl_3OutVer_CMAKE.dir/Core/Src/gpio.c.obj:(.debug_abbrev)
    2239     2239      172     1         CMakeFiles/PowerControl_3OutVer_CMAKE.dir/Core/Src/can.c.obj:(.debug_abbrev)
    23ab     23ab      13f     1         CMakeFiles/PowerControl_3OutVer_CMAKE.dir/Core/Src/i2c.c.obj:(.debug_abbrev)
    24ea     24ea       db     1         CMakeFiles/PowerControl_3OutVer_CMAKE.dir/Core/Src/iwdg.c.obj:(.debug_abbrev)
    25c5     25c5      220     1         CMakeFiles/PowerControl_3OutVer_CMAKE.dir/Core/Src/tim.c.obj:(.debug_abbrev)
    27e5     27e5      14f     1         CMakeFiles/PowerControl_3OutVer_CMAKE.dir/Core/Src/usart.c.obj:(.debug_abbrev)
    2934     2934      16b     1         CMakeFiles/PowerControl_3OutVer_CMAKE.dir/Core/Src/stm32f1xx_it.c.obj:(.debug_abbrev)
    2a9f     2a9f       c1     1         CMakeFiles/PowerControl_3OutVer_CMAKE.dir/Core/Src/stm32f1xx_hal_msp.c.obj:(.debug_abbrev)
    2b60     2b60       99     1         CMakeFiles/PowerControl_3OutVer_CMAKE.dir/Core/Src/sysmem.c.obj:(.debug_abbrev)
    2bf9     2bf9      1c6     1         CMakeFiles/PowerControl_3OutVer_CMAKE.dir/Core/Src/syscalls.c.obj:(.debug_abbrev)
    2dbf     2dbf       1f     1         CMakeFiles/PowerControl_3OutVer_CMAKE.dir/startup_stm32f103xb.s.obj:(.debug_abbrev)
    2dde     2dde      192     1         CMakeFiles/PowerControl_3OutVer_CMAKE.dir/Application/Button/Button.c.obj:(.debug_abbrev)
    2f70     2f70       eb     1         CMakeFiles/PowerControl_3OutVer_CMAKE.dir/Application/LED/LED.c.obj:(.debug_abbrev)
    305b     305b      257     1         CMakeFiles/PowerControl_3OutVer_CMAKE.dir/Application/INA3221/INA3221.c.obj:(.debug_abbrev)
    32b2     32b2      105     1         CMakeFiles/PowerControl_3OutVer_CMAKE.dir/Application/Power/Power.c.obj:(.debug_abbrev)
    33b7     33b7      15b     1         CMakeFiles/PowerControl_3OutVer_CMAKE.dir/Application/Message/Message.c.obj:(.debug_abbrev)
    3512     3512      128     1         CMakeFiles/PowerControl_3OutVer_CMAKE.dir/Application/BUZZER/Buzzer.c.obj:(.debug_abbrev)
    363a     363a      1fa     1         CMakeFiles/PowerControl_3OutVer_CMAKE.dir/Application/Debug/Log.c.obj:(.debug_abbrev)
    3834     3834      15c     1         CMakeFiles/PowerControl_3OutVer_CMAKE.dir/Core/Src/CallBack.c.obj:(.debug_abbrev)
       0        0    117c9     1 .debug_info
       0        0      154     1         cmake/stm32cubemx/CMakeFiles/STM32_Drivers.dir/__/__/Core/Src/system_stm32f1xx.c.obj:(.debug_info)
     154      154       cd     1         cmake/stm32cubemx/CMakeFiles/STM32_Drivers.dir/__/__/Drivers/STM32F1xx_HAL_Driver/Src/stm32f1xx_hal_gpio_ex.c.obj:(.debug_info)
     221      221      a3e     1         cmake/stm32cubemx/CMakeFiles/STM32_Drivers.dir/__/__/Drivers/STM32F1xx_HAL_Driver/Src/stm32f1xx_hal_can.c.obj:(.debug_info)
     c5f      c5f      444     1         cmake/stm32cubemx/CMakeFiles/STM32_Drivers.dir/__/__/Drivers/STM32F1xx_HAL_Driver/Src/stm32f1xx_hal.c.obj:(.debug_info)
    10a3     10a3      5b8     1         cmake/stm32cubemx/CMakeFiles/STM32_Drivers.dir/__/__/Drivers/STM32F1xx_HAL_Driver/Src/stm32f1xx_hal_rcc.c.obj:(.debug_info)
    165b     165b      26e     1         cmake/stm32cubemx/CMakeFiles/STM32_Drivers.dir/__/__/Drivers/STM32F1xx_HAL_Driver/Src/stm32f1xx_hal_rcc_ex.c.obj:(.debug_info)
    18c9     18c9      3f6     1         cmake/stm32cubemx/CMakeFiles/STM32_Drivers.dir/__/__/Drivers/STM32F1xx_HAL_Driver/Src/stm32f1xx_hal_gpio.c.obj:(.debug_info)
    1cbf     1cbf      4c1     1         cmake/stm32cubemx/CMakeFiles/STM32_Drivers.dir/__/__/Drivers/STM32F1xx_HAL_Driver/Src/stm32f1xx_hal_dma.c.obj:(.debug_info)
    2180     2180      80d     1         cmake/stm32cubemx/CMakeFiles/STM32_Drivers.dir/__/__/Drivers/STM32F1xx_HAL_Driver/Src/stm32f1xx_hal_cortex.c.obj:(.debug_info)
    298d     298d      42a     1         cmake/stm32cubemx/CMakeFiles/STM32_Drivers.dir/__/__/Drivers/STM32F1xx_HAL_Driver/Src/stm32f1xx_hal_pwr.c.obj:(.debug_info)
    2db7     2db7      3b3     1         cmake/stm32cubemx/CMakeFiles/STM32_Drivers.dir/__/__/Drivers/STM32F1xx_HAL_Driver/Src/stm32f1xx_hal_flash.c.obj:(.debug_info)
    316a     316a      5ad     1         cmake/stm32cubemx/CMakeFiles/STM32_Drivers.dir/__/__/Drivers/STM32F1xx_HAL_Driver/Src/stm32f1xx_hal_flash_ex.c.obj:(.debug_info)
    3717     3717      35a     1         cmake/stm32cubemx/CMakeFiles/STM32_Drivers.dir/__/__/Drivers/STM32F1xx_HAL_Driver/Src/stm32f1xx_hal_exti.c.obj:(.debug_info)
    3a71     3a71     226c     1         cmake/stm32cubemx/CMakeFiles/STM32_Drivers.dir/__/__/Drivers/STM32F1xx_HAL_Driver/Src/stm32f1xx_hal_i2c.c.obj:(.debug_info)
    5cdd     5cdd      121     1         cmake/stm32cubemx/CMakeFiles/STM32_Drivers.dir/__/__/Drivers/STM32F1xx_HAL_Driver/Src/stm32f1xx_hal_iwdg.c.obj:(.debug_info)
    5dfe     5dfe     2a18     1         cmake/stm32cubemx/CMakeFiles/STM32_Drivers.dir/__/__/Drivers/STM32F1xx_HAL_Driver/Src/stm32f1xx_hal_tim.c.obj:(.debug_info)
    8816     8816      f98     1         cmake/stm32cubemx/CMakeFiles/STM32_Drivers.dir/__/__/Drivers/STM32F1xx_HAL_Driver/Src/stm32f1xx_hal_tim_ex.c.obj:(.debug_info)
    97ae     97ae     2393     1         cmake/stm32cubemx/CMakeFiles/STM32_Drivers.dir/__/__/Drivers/STM32F1xx_HAL_Driver/Src/stm32f1xx_hal_uart.c.obj:(.debug_info)
    bb41     bb41      5d6     1         CMakeFiles/PowerControl_3OutVer_CMAKE.dir/Core/Src/main.c.obj:(.debug_info)
    c117     c117      259     1         CMakeFiles/PowerControl_3OutVer_CMAKE.dir/Core/Src/gpio.c.obj:(.debug_info)
    c370     c370      503     1         CMakeFiles/PowerControl_3OutVer_CMAKE.dir/Core/Src/can.c.obj:(.debug_info)
    c873     c873      55d     1         CMakeFiles/PowerControl_3OutVer_CMAKE.dir/Core/Src/i2c.c.obj:(.debug_info)
    cdd0     cdd0       f1     1         CMakeFiles/PowerControl_3OutVer_CMAKE.dir/Core/Src/iwdg.c.obj:(.debug_info)
    cec1     cec1      86d     1         CMakeFiles/PowerControl_3OutVer_CMAKE.dir/Core/Src/tim.c.obj:(.debug_info)
    d72e     d72e      5de     1         CMakeFiles/PowerControl_3OutVer_CMAKE.dir/Core/Src/usart.c.obj:(.debug_info)
    dd0c     dd0c      6d8     1         CMakeFiles/PowerControl_3OutVer_CMAKE.dir/Core/Src/stm32f1xx_it.c.obj:(.debug_info)
    e3e4     e3e4      14f     1         CMakeFiles/PowerControl_3OutVer_CMAKE.dir/Core/Src/stm32f1xx_hal_msp.c.obj:(.debug_info)
    e533     e533       ae     1         CMakeFiles/PowerControl_3OutVer_CMAKE.dir/Core/Src/sysmem.c.obj:(.debug_info)
    e5e1     e5e1      573     1         CMakeFiles/PowerControl_3OutVer_CMAKE.dir/Core/Src/syscalls.c.obj:(.debug_info)
    eb54     eb54      197     1         CMakeFiles/PowerControl_3OutVer_CMAKE.dir/startup_stm32f103xb.s.obj:(.debug_info)
    eceb     eceb      63a     1         CMakeFiles/PowerControl_3OutVer_CMAKE.dir/Application/Button/Button.c.obj:(.debug_info)
    f325     f325      1f4     1         CMakeFiles/PowerControl_3OutVer_CMAKE.dir/Application/LED/LED.c.obj:(.debug_info)
    f519     f519      6de     1         CMakeFiles/PowerControl_3OutVer_CMAKE.dir/Application/INA3221/INA3221.c.obj:(.debug_info)
    fbf7     fbf7      25f     1         CMakeFiles/PowerControl_3OutVer_CMAKE.dir/Application/Power/Power.c.obj:(.debug_info)
    fe56     fe56      57c     1         CMakeFiles/PowerControl_3OutVer_CMAKE.dir/Application/Message/Message.c.obj:(.debug_info)
   103d2    103d2      48d     1         CMakeFiles/PowerControl_3OutVer_CMAKE.dir/Application/BUZZER/Buzzer.c.obj:(.debug_info)
   1085f    1085f      810     1         CMakeFiles/PowerControl_3OutVer_CMAKE.dir/Application/Debug/Log.c.obj:(.debug_info)
   1106f    1106f      75a     1         CMakeFiles/PowerControl_3OutVer_CMAKE.dir/Core/Src/CallBack.c.obj:(.debug_info)
       0        0     108f     1 .debug_rnglists
       0        0       18     1         cmake/stm32cubemx/CMakeFiles/STM32_Drivers.dir/__/__/Core/Src/system_stm32f1xx.c.obj:(.debug_rnglists)
      18       18       1a     1         cmake/stm32cubemx/CMakeFiles/STM32_Drivers.dir/__/__/Drivers/STM32F1xx_HAL_Driver/Src/stm32f1xx_hal_gpio_ex.c.obj:(.debug_rnglists)
      32       32       8f     1         cmake/stm32cubemx/CMakeFiles/STM32_Drivers.dir/__/__/Drivers/STM32F1xx_HAL_Driver/Src/stm32f1xx_hal_can.c.obj:(.debug_rnglists)
      c1       c1       5c     1         cmake/stm32cubemx/CMakeFiles/STM32_Drivers.dir/__/__/Drivers/STM32F1xx_HAL_Driver/Src/stm32f1xx_hal.c.obj:(.debug_rnglists)
     11d      11d       65     1         cmake/stm32cubemx/CMakeFiles/STM32_Drivers.dir/__/__/Drivers/STM32F1xx_HAL_Driver/Src/stm32f1xx_hal_rcc.c.obj:(.debug_rnglists)
     182      182       2c     1         cmake/stm32cubemx/CMakeFiles/STM32_Drivers.dir/__/__/Drivers/STM32F1xx_HAL_Driver/Src/stm32f1xx_hal_rcc_ex.c.obj:(.debug_rnglists)
     1ae      1ae       41     1         cmake/stm32cubemx/CMakeFiles/STM32_Drivers.dir/__/__/Drivers/STM32F1xx_HAL_Driver/Src/stm32f1xx_hal_gpio.c.obj:(.debug_rnglists)
     1ef      1ef       58     1         cmake/stm32cubemx/CMakeFiles/STM32_Drivers.dir/__/__/Drivers/STM32F1xx_HAL_Driver/Src/stm32f1xx_hal_dma.c.obj:(.debug_rnglists)
     247      247       75     1         cmake/stm32cubemx/CMakeFiles/STM32_Drivers.dir/__/__/Drivers/STM32F1xx_HAL_Driver/Src/stm32f1xx_hal_cortex.c.obj:(.debug_rnglists)
     2bc      2bc       48     1         cmake/stm32cubemx/CMakeFiles/STM32_Drivers.dir/__/__/Drivers/STM32F1xx_HAL_Driver/Src/stm32f1xx_hal_pwr.c.obj:(.debug_rnglists)
     304      304       5b     1         cmake/stm32cubemx/CMakeFiles/STM32_Drivers.dir/__/__/Drivers/STM32F1xx_HAL_Driver/Src/stm32f1xx_hal_flash.c.obj:(.debug_rnglists)
[...]
    219c     219c      274     1         CMakeFiles/PowerControl_3OutVer_CMAKE.dir/Core/Src/main.c.obj:(.debug_str_offsets)
    2410     2410      178     1         CMakeFiles/PowerControl_3OutVer_CMAKE.dir/Core/Src/gpio.c.obj:(.debug_str_offsets)
    2588     2588      1d4     1         CMakeFiles/PowerControl_3OutVer_CMAKE.dir/Core/Src/can.c.obj:(.debug_str_offsets)
    275c     275c      21c     1         CMakeFiles/PowerControl_3OutVer_CMAKE.dir/Core/Src/i2c.c.obj:(.debug_str_offsets)
    2978     2978       6c     1         CMakeFiles/PowerControl_3OutVer_CMAKE.dir/Core/Src/iwdg.c.obj:(.debug_str_offsets)
    29e4     29e4      388     1         CMakeFiles/PowerControl_3OutVer_CMAKE.dir/Core/Src/tim.c.obj:(.debug_str_offsets)
    2d6c     2d6c      2d4     1         CMakeFiles/PowerControl_3OutVer_CMAKE.dir/Core/Src/usart.c.obj:(.debug_str_offsets)
    3040     3040      294     1         CMakeFiles/PowerControl_3OutVer_CMAKE.dir/Core/Src/stm32f1xx_it.c.obj:(.debug_str_offsets)
    32d4     32d4       70     1         CMakeFiles/PowerControl_3OutVer_CMAKE.dir/Core/Src/stm32f1xx_hal_msp.c.obj:(.debug_str_offsets)
    3344     3344       4c     1         CMakeFiles/PowerControl_3OutVer_CMAKE.dir/Core/Src/sysmem.c.obj:(.debug_str_offsets)
    3390     3390      1d0     1         CMakeFiles/PowerControl_3OutVer_CMAKE.dir/Core/Src/syscalls.c.obj:(.debug_str_offsets)
    3560     3560      294     1         CMakeFiles/PowerControl_3OutVer_CMAKE.dir/Application/Button/Button.c.obj:(.debug_str_offsets)
    37f4     37f4       d0     1         CMakeFiles/PowerControl_3OutVer_CMAKE.dir/Application/LED/LED.c.obj:(.debug_str_offsets)
    38c4     38c4      21c     1         CMakeFiles/PowerControl_3OutVer_CMAKE.dir/Application/INA3221/INA3221.c.obj:(.debug_str_offsets)
    3ae0     3ae0      120     1         CMakeFiles/PowerControl_3OutVer_CMAKE.dir/Application/Power/Power.c.obj:(.debug_str_offsets)
    3c00     3c00      244     1         CMakeFiles/PowerControl_3OutVer_CMAKE.dir/Application/Message/Message.c.obj:(.debug_str_offsets)
    3e44     3e44      1d4     1         CMakeFiles/PowerControl_3OutVer_CMAKE.dir/Application/BUZZER/Buzzer.c.obj:(.debug_str_offsets)
    4018     4018      300     1         CMakeFiles/PowerControl_3OutVer_CMAKE.dir/Application/Debug/Log.c.obj:(.debug_str_offsets)
    4318     4318      308     1         CMakeFiles/PowerControl_3OutVer_CMAKE.dir/Core/Src/CallBack.c.obj:(.debug_str_offsets)
       0        0     6b84     1 .debug_str
       0        0     6b84     1         <internal>:(.debug_str)
       0        0     129c     1 .debug_addr
       0        0       1c     1         cmake/stm32cubemx/CMakeFiles/STM32_Drivers.dir/__/__/Core/Src/system_stm32f1xx.c.obj:(.debug_addr)
      1c       1c       14     1         cmake/stm32cubemx/CMakeFiles/STM32_Drivers.dir/__/__/Drivers/STM32F1xx_HAL_Driver/Src/stm32f1xx_hal_gpio_ex.c.obj:(.debug_addr)
      30       30       a0     1         cmake/stm32cubemx/CMakeFiles/STM32_Drivers.dir/__/__/Drivers/STM32F1xx_HAL_Driver/Src/stm32f1xx_hal_can.c.obj:(.debug_addr)
      d0       d0       78     1         cmake/stm32cubemx/CMakeFiles/STM32_Drivers.dir/__/__/Drivers/STM32F1xx_HAL_Driver/Src/stm32f1xx_hal.c.obj:(.debug_addr)
     148      148       54     1         cmake/stm32cubemx/CMakeFiles/STM32_Drivers.dir/__/__/Drivers/STM32F1xx_HAL_Driver/Src/stm32f1xx_hal_rcc.c.obj:(.debug_addr)
     19c      19c       20     1         cmake/stm32cubemx/CMakeFiles/STM32_Drivers.dir/__/__/Drivers/STM32F1xx_HAL_Driver/Src/stm32f1xx_hal_rcc_ex.c.obj:(.debug_addr)
     1bc      1bc       2c     1         cmake/stm32cubemx/CMakeFiles/STM32_Drivers.dir/__/__/Drivers/STM32F1xx_HAL_Driver/Src/stm32f1xx_hal_gpio.c.obj:(.debug_addr)
     1e8      1e8       3c     1         cmake/stm32cubemx/CMakeFiles/STM32_Drivers.dir/__/__/Drivers/STM32F1xx_HAL_Driver/Src/stm32f1xx_hal_dma.c.obj:(.debug_addr)
     224      224       6c     1         cmake/stm32cubemx/CMakeFiles/STM32_Drivers.dir/__/__/Drivers/STM32F1xx_HAL_Driver/Src/stm32f1xx_hal_cortex.c.obj:(.debug_addr)
     290      290       50     1         cmake/stm32cubemx/CMakeFiles/STM32_Drivers.dir/__/__/Drivers/STM32F1xx_HAL_Driver/Src/stm32f1xx_hal_pwr.c.obj:(.debug_addr)
     2e0      2e0       48     1         cmake/stm32cubemx/CMakeFiles/STM32_Drivers.dir/__/__/Drivers/STM32F1xx_HAL_Driver/Src/stm32f1xx_hal_flash.c.obj:(.debug_addr)
     328      328       58     1         cmake/stm32cubemx/CMakeFiles/STM32_Drivers.dir/__/__/Drivers/STM32F1xx_HAL_Driver/Src/stm32f1xx_hal_flash_ex.c.obj:(.debug_addr)
     380      380       30     1         cmake/stm32cubemx/CMakeFiles/STM32_Drivers.dir/__/__/Drivers/STM32F1xx_HAL_Driver/Src/stm32f1xx_hal_exti.c.obj:(.debug_addr)
     3b0      3b0      2e4     1         cmake/stm32cubemx/CMakeFiles/STM32_Drivers.dir/__/__/Drivers/STM32F1xx_HAL_Driver/Src/stm32f1xx_hal_i2c.c.obj:(.debug_addr)
     694      694       10     1         cmake/stm32cubemx/CMakeFiles/STM32_Drivers.dir/__/__/Drivers/STM32F1xx_HAL_Driver/Src/stm32f1xx_hal_iwdg.c.obj:(.debug_addr)
     6a4      6a4      2a4     1         cmake/stm32cubemx/CMakeFiles/STM32_Drivers.dir/__/__/Drivers/STM32F1xx_HAL_Driver/Src/stm32f1xx_hal_tim.c.obj:(.debug_addr)
     948      948       ec     1         cmake/stm32cubemx/CMakeFiles/STM32_Drivers.dir/__/__/Drivers/STM32F1xx_HAL_Driver/Src/stm32f1xx_hal_tim_ex.c.obj:(.debug_addr)
     a34      a34      4b8     1         cmake/stm32cubemx/CMakeFiles/STM32_Drivers.dir/__/__/Drivers/STM32F1xx_HAL_Driver/Src/stm32f1xx_hal_uart.c.obj:(.debug_addr)
     eec      eec       38     1         CMakeFiles/PowerControl_3OutVer_CMAKE.dir/Core/Src/main.c.obj:(.debug_addr)
     f24      f24       10     1         CMakeFiles/PowerControl_3OutVer_CMAKE.dir/Core/Src/gpio.c.obj:(.debug_addr)
     f34      f34       2c     1         CMakeFiles/PowerControl_3OutVer_CMAKE.dir/Core/Src/can.c.obj:(.debug_addr)
     f60      f60       24     1         CMakeFiles/PowerControl_3OutVer_CMAKE.dir/Core/Src/i2c.c.obj:(.debug_addr)
     f84      f84       14     1         CMakeFiles/PowerControl_3OutVer_CMAKE.dir/Core/Src/iwdg.c.obj:(.debug_addr)
     f98      f98       5c     1         CMakeFiles/PowerControl_3OutVer_CMAKE.dir/Core/Src/tim.c.obj:(.debug_addr)
     ff4      ff4       24     1         CMakeFiles/PowerControl_3OutVer_CMAKE.dir/Core/Src/usart.c.obj:(.debug_addr)
    1018     1018       64     1         CMakeFiles/PowerControl_3OutVer_CMAKE.dir/Core/Src/stm32f1xx_it.c.obj:(.debug_addr)
    107c     107c       18     1         CMakeFiles/PowerControl_3OutVer_CMAKE.dir/Core/Src/stm32f1xx_hal_msp.c.obj:(.debug_addr)
    1094     1094       10     1         CMakeFiles/PowerControl_3OutVer_CMAKE.dir/Core/Src/sysmem.c.obj:(.debug_addr)
    10a4     10a4       68     1         CMakeFiles/PowerControl_3OutVer_CMAKE.dir/Core/Src/syscalls.c.obj:(.debug_addr)
    110c     110c       3c     1         CMakeFiles/PowerControl_3OutVer_CMAKE.dir/Application/Button/Button.c.obj:(.debug_addr)
    1148     1148       50     1         CMakeFiles/PowerControl_3OutVer_CMAKE.dir/Application/LED/LED.c.obj:(.debug_addr)
    1198     1198       6c     1         CMakeFiles/PowerControl_3OutVer_CMAKE.dir/Application/INA3221/INA3221.c.obj:(.debug_addr)
    1204     1204       18     1         CMakeFiles/PowerControl_3OutVer_CMAKE.dir/Application/Power/Power.c.obj:(.debug_addr)
    121c     121c       18     1         CMakeFiles/PowerControl_3OutVer_CMAKE.dir/Application/Message/Message.c.obj:(.debug_addr)
    1234     1234       18     1         CMakeFiles/PowerControl_3OutVer_CMAKE.dir/Application/BUZZER/Buzzer.c.obj:(.debug_addr)
    124c     124c       40     1         CMakeFiles/PowerControl_3OutVer_CMAKE.dir/Application/Debug/Log.c.obj:(.debug_addr)
    128c     128c       10     1         CMakeFiles/PowerControl_3OutVer_CMAKE.dir/Core/Src/CallBack.c.obj:(.debug_addr)
       0        0       92     1 .comment
       0        0       92     1         <internal>:(.comment)
       0        0       45     1 .ARM.attributes
       0        0       45     1         <internal>:(.ARM.attributes)
       0        0     3190     4 .debug_frame
       0        0       3c     4         cmake/stm32cubemx/CMakeFiles/STM32_Drivers.dir/__/__/Core/Src/system_stm32f1xx.c.obj:(.debug_frame)
      3c       3c       44     4         cmake/stm32cubemx/CMakeFiles/STM32_Drivers.dir/__/__/Drivers/STM32F1xx_HAL_Driver/Src/stm32f1xx_hal_gpio_ex.c.obj:(.debug_frame)
      80       80      2d0     4         cmake/stm32cubemx/CMakeFiles/STM32_Drivers.dir/__/__/Drivers/STM32F1xx_HAL_Driver/Src/stm32f1xx_hal_can.c.obj:(.debug_frame)
     350      350      1d8     4         cmake/stm32cubemx/CMakeFiles/STM32_Drivers.dir/__/__/Drivers/STM32F1xx_HAL_Driver/Src/stm32f1xx_hal.c.obj:(.debug_frame)
     528      528      148     4         cmake/stm32cubemx/CMakeFiles/STM32_Drivers.dir/__/__/Drivers/STM32F1xx_HAL_Driver/Src/stm32f1xx_hal_rcc.c.obj:(.debug_frame)
     670      670       64     4         cmake/stm32cubemx/CMakeFiles/STM32_Drivers.dir/__/__/Drivers/STM32F1xx_HAL_Driver/Src/stm32f1xx_hal_rcc_ex.c.obj:(.debug_frame)
     6d4      6d4       c8     4         cmake/stm32cubemx/CMakeFiles/STM32_Drivers.dir/__/__/Drivers/STM32F1xx_HAL_Driver/Src/stm32f1xx_hal_gpio.c.obj:(.debug_frame)
     79c      79c      134     4         cmake/stm32cubemx/CMakeFiles/STM32_Drivers.dir/__/__/Drivers/STM32F1xx_HAL_Driver/Src/stm32f1xx_hal_dma.c.obj:(.debug_frame)
     8d0      8d0      12c     4         cmake/stm32cubemx/CMakeFiles/STM32_Drivers.dir/__/__/Drivers/STM32F1xx_HAL_Driver/Src/stm32f1xx_hal_cortex.c.obj:(.debug_frame)
     9fc      9fc      148     4         cmake/stm32cubemx/CMakeFiles/STM32_Drivers.dir/__/__/Drivers/STM32F1xx_HAL_Driver/Src/stm32f1xx_hal_pwr.c.obj:(.debug_frame)
     b44      b44      118     4         cmake/stm32cubemx/CMakeFiles/STM32_Drivers.dir/__/__/Drivers/STM32F1xx_HAL_Driver/Src/stm32f1xx_hal_flash.c.obj:(.debug_frame)
     c5c      c5c       bc     4         cmake/stm32cubemx/CMakeFiles/STM32_Drivers.dir/__/__/Drivers/STM32F1xx_HAL_Driver/Src/stm32f1xx_hal_flash_ex.c.obj:(.debug_frame)
     d18      d18       cc     4         cmake/stm32cubemx/CMakeFiles/STM32_Drivers.dir/__/__/Drivers/STM32F1xx_HAL_Driver/Src/stm32f1xx_hal_exti.c.obj:(.debug_frame)
     de4      de4      6fc     4         cmake/stm32cubemx/CMakeFiles/STM32_Drivers.dir/__/__/Drivers/STM32F1xx_HAL_Driver/Src/stm32f1xx_hal_i2c.c.obj:(.debug_frame)
    14e0     14e0       40     4         cmake/stm32cubemx/CMakeFiles/STM32_Drivers.dir/__/__/Drivers/STM32F1xx_HAL_Driver/Src/stm32f1xx_hal_iwdg.c.obj:(.debug_frame)
    1520     1520      9e4     4         cmake/stm32cubemx/CMakeFiles/STM32_Drivers.dir/__/__/Drivers/STM32F1xx_HAL_Driver/Src/stm32f1xx_hal_tim.c.obj:(.debug_frame)
    1f04     1f04      408     4         cmake/stm32cubemx/CMakeFiles/STM32_Drivers.dir/__/__/Drivers/STM32F1xx_HAL_Driver/Src/stm32f1xx_hal_tim_ex.c.obj:(.debug_frame)
    230c     230c      4ec     4         cmake/stm32cubemx/CMakeFiles/STM32_Drivers.dir/__/__/Drivers/STM32F1xx_HAL_Driver/Src/stm32f1xx_hal_uart.c.obj:(.debug_frame)
    27f8     27f8       58     4         CMakeFiles/PowerControl_3OutVer_CMAKE.dir/Core/Src/main.c.obj:(.debug_frame)
    2850     2850       3c     4         CMakeFiles/PowerControl_3OutVer_CMAKE.dir/Core/Src/gpio.c.obj:(.debug_frame)
    288c     288c       5c     4         CMakeFiles/PowerControl_3OutVer_CMAKE.dir/Core/Src/can.c.obj:(.debug_frame)
    28e8     28e8       64     4         CMakeFiles/PowerControl_3OutVer_CMAKE.dir/Core/Src/i2c.c.obj:(.debug_frame)
    294c     294c       2c     4         CMakeFiles/PowerControl_3OutVer_CMAKE.dir/Core/Src/iwdg.c.obj:(.debug_frame)
    2978     2978       f4     4         CMakeFiles/PowerControl_3OutVer_CMAKE.dir/Core/Src/tim.c.obj:(.debug_frame)
    2a6c     2a6c       64     4         CMakeFiles/PowerControl_3OutVer_CMAKE.dir/Core/Src/usart.c.obj:(.debug_frame)
    2ad0     2ad0      114     4         CMakeFiles/PowerControl_3OutVer_CMAKE.dir/Core/Src/stm32f1xx_it.c.obj:(.debug_frame)
    2be4     2be4       30     4         CMakeFiles/PowerControl_3OutVer_CMAKE.dir/Core/Src/stm32f1xx_hal_msp.c.obj:(.debug_frame)
    2c14     2c14       30     4         CMakeFiles/PowerControl_3OutVer_CMAKE.dir/Core/Src/sysmem.c.obj:(.debug_frame)
    2c44     2c44      1b4     4         CMakeFiles/PowerControl_3OutVer_CMAKE.dir/Core/Src/syscalls.c.obj:(.debug_frame)
    2df8     2df8       3c     4         CMakeFiles/PowerControl_3OutVer_CMAKE.dir/Application/Button/Button.c.obj:(.debug_frame)
    2e34     2e34       50     4         CMakeFiles/PowerControl_3OutVer_CMAKE.dir/Application/LED/LED.c.obj:(.debug_frame)
    2e84     2e84       f0     4         CMakeFiles/PowerControl_3OutVer_CMAKE.dir/Application/INA3221/INA3221.c.obj:(.debug_frame)
    2f74     2f74       74     4         CMakeFiles/PowerControl_3OutVer_CMAKE.dir/Application/Power/Power.c.obj:(.debug_frame)
    2fe8     2fe8       60     4         CMakeFiles/PowerControl_3OutVer_CMAKE.dir/Application/Message/Message.c.obj:(.debug_frame)
    3048     3048       40     4         CMakeFiles/PowerControl_3OutVer_CMAKE.dir/Application/BUZZER/Buzzer.c.obj:(.debug_frame)
    3088     3088       98     4         CMakeFiles/PowerControl_3OutVer_CMAKE.dir/Application/Debug/Log.c.obj:(.debug_frame)
    3120     3120       3c     4         CMakeFiles/PowerControl_3OutVer_CMAKE.dir/Core/Src/CallBack.c.obj:(.debug_frame)
    315c     315c       34     4         C:/Users/Cindy/AppData/Local/stm32cube/bundles/st-arm-clang/21.1.1+st.6/bin/../lib/clang-runtimes/arm-none-eabi/armv7m_soft_nofp_exn_rtti_unaligned_size/lib/libc.a(libc_picolib_machine_arm_read_tp.S.o):(.debug_frame)
       0        0    11362     1 .debug_line
       0        0      14e     1         cmake/stm32cubemx/CMakeFiles/STM32_Drivers.dir/__/__/Core/Src/system_stm32f1xx.c.obj:(.debug_line)
     14e      14e       ee     1         cmake/stm32cubemx/CMakeFiles/STM32_Drivers.dir/__/__/Drivers/STM32F1xx_HAL_Driver/Src/stm32f1xx_hal_gpio_ex.c.obj:(.debug_line)
     23c      23c      c15     1         cmake/stm32cubemx/CMakeFiles/STM32_Drivers.dir/__/__/Drivers/STM32F1xx_HAL_Driver/Src/stm32f1xx_hal_can.c.obj:(.debug_line)
     e51      e51      349     1         cmake/stm32cubemx/CMakeFiles/STM32_Drivers.dir/__/__/Drivers/STM32F1xx_HAL_Driver/Src/stm32f1xx_hal.c.obj:(.debug_line)
    119a     119a      93c     1         cmake/stm32cubemx/CMakeFiles/STM32_Drivers.dir/__/__/Drivers/STM32F1xx_HAL_Driver/Src/stm32f1xx_hal_rcc.c.obj:(.debug_line)
    1ad6     1ad6      329     1         cmake/stm32cubemx/CMakeFiles/STM32_Drivers.dir/__/__/Drivers/STM32F1xx_HAL_Driver/Src/stm32f1xx_hal_rcc_ex.c.obj:(.debug_line)
    1dff     1dff      3ab     1         cmake/stm32cubemx/CMakeFiles/STM32_Drivers.dir/__/__/Drivers/STM32F1xx_HAL_Driver/Src/stm32f1xx_hal_gpio.c.obj:(.debug_line)
    21aa     21aa      8a0     1         cmake/stm32cubemx/CMakeFiles/STM32_Drivers.dir/__/__/Drivers/STM32F1xx_HAL_Driver/Src/stm32f1xx_hal_dma.c.obj:(.debug_line)
    2a4a     2a4a      3cb     1         cmake/stm32cubemx/CMakeFiles/STM32_Drivers.dir/__/__/Drivers/STM32F1xx_HAL_Driver/Src/stm32f1xx_hal_cortex.c.obj:(.debug_line)
    2e15     2e15      2c9     1         cmake/stm32cubemx/CMakeFiles/STM32_Drivers.dir/__/__/Drivers/STM32F1xx_HAL_Driver/Src/stm32f1xx_hal_pwr.c.obj:(.debug_line)
    30de     30de      513     1         cmake/stm32cubemx/CMakeFiles/STM32_Drivers.dir/__/__/Drivers/STM32F1xx_HAL_Driver/Src/stm32f1xx_hal_flash.c.obj:(.debug_line)
    35f1     35f1      510     1         cmake/stm32cubemx/CMakeFiles/STM32_Drivers.dir/__/__/Drivers/STM32F1xx_HAL_Driver/Src/stm32f1xx_hal_flash_ex.c.obj:(.debug_line)
    3b01     3b01      3a9     1         cmake/stm32cubemx/CMakeFiles/STM32_Drivers.dir/__/__/Drivers/STM32F1xx_HAL_Driver/Src/stm32f1xx_hal_exti.c.obj:(.debug_line)
    3eaa     3eaa     3a2a     1         cmake/stm32cubemx/CMakeFiles/STM32_Drivers.dir/__/__/Drivers/STM32F1xx_HAL_Driver/Src/stm32f1xx_hal_i2c.c.obj:(.debug_line)
    78d4     78d4      164     1         cmake/stm32cubemx/CMakeFiles/STM32_Drivers.dir/__/__/Drivers/STM32F1xx_HAL_Driver/Src/stm32f1xx_hal_iwdg.c.obj:(.debug_line)
    7a38     7a38     356f     1         cmake/stm32cubemx/CMakeFiles/STM32_Drivers.dir/__/__/Drivers/STM32F1xx_HAL_Driver/Src/stm32f1xx_hal_tim.c.obj:(.debug_line)
    afa7     afa7     1182     1         cmake/stm32cubemx/CMakeFiles/STM32_Drivers.dir/__/__/Drivers/STM32F1xx_HAL_Driver/Src/stm32f1xx_hal_tim_ex.c.obj:(.debug_line)
    c129     c129     21ac     1         cmake/stm32cubemx/CMakeFiles/STM32_Drivers.dir/__/__/Drivers/STM32F1xx_HAL_Driver/Src/stm32f1xx_hal_uart.c.obj:(.debug_line)
    e2d5     e2d5      427     1         CMakeFiles/PowerControl_3OutVer_CMAKE.dir/Core/Src/main.c.obj:(.debug_line)
    e6fc     e6fc      119     1         CMakeFiles/PowerControl_3OutVer_CMAKE.dir/Core/Src/gpio.c.obj:(.debug_line)
    e815     e815      1db     1         CMakeFiles/PowerControl_3OutVer_CMAKE.dir/Core/Src/can.c.obj:(.debug_line)
    e9f0     e9f0      1bb     1         CMakeFiles/PowerControl_3OutVer_CMAKE.dir/Core/Src/i2c.c.obj:(.debug_line)
    ebab     ebab      10f     1         CMakeFiles/PowerControl_3OutVer_CMAKE.dir/Core/Src/iwdg.c.obj:(.debug_line)
    ecba     ecba      453     1         CMakeFiles/PowerControl_3OutVer_CMAKE.dir/Core/Src/tim.c.obj:(.debug_line)
    f10d     f10d      1e8     1         CMakeFiles/PowerControl_3OutVer_CMAKE.dir/Core/Src/usart.c.obj:(.debug_line)
    f2f5     f2f5      27f     1         CMakeFiles/PowerControl_3OutVer_CMAKE.dir/Core/Src/stm32f1xx_it.c.obj:(.debug_line)
    f574     f574       d4     1         CMakeFiles/PowerControl_3OutVer_CMAKE.dir/Core/Src/stm32f1xx_hal_msp.c.obj:(.debug_line)
    f648     f648       f7     1         CMakeFiles/PowerControl_3OutVer_CMAKE.dir/Core/Src/sysmem.c.obj:(.debug_line)
    f73f     f73f      357     1         CMakeFiles/PowerControl_3OutVer_CMAKE.dir/Core/Src/syscalls.c.obj:(.debug_line)
    fa96     fa96       6a     1         CMakeFiles/PowerControl_3OutVer_CMAKE.dir/startup_stm32f103xb.s.obj:(.debug_line)
    fb00     fb00      301     1         CMakeFiles/PowerControl_3OutVer_CMAKE.dir/Application/Button/Button.c.obj:(.debug_line)
    fe01     fe01      2a2     1         CMakeFiles/PowerControl_3OutVer_CMAKE.dir/Application/LED/LED.c.obj:(.debug_line)
   100a3    100a3      6ec     1         CMakeFiles/PowerControl_3OutVer_CMAKE.dir/Application/INA3221/INA3221.c.obj:(.debug_line)
   1078f    1078f      23b     1         CMakeFiles/PowerControl_3OutVer_CMAKE.dir/Application/Power/Power.c.obj:(.debug_line)
   109ca    109ca      18d     1         CMakeFiles/PowerControl_3OutVer_CMAKE.dir/Application/Message/Message.c.obj:(.debug_line)
   10b57    10b57      15f     1         CMakeFiles/PowerControl_3OutVer_CMAKE.dir/Application/BUZZER/Buzzer.c.obj:(.debug_line)
   10cb6    10cb6      2f3     1         CMakeFiles/PowerControl_3OutVer_CMAKE.dir/Application/Debug/Log.c.obj:(.debug_line)
   10fa9    10fa9      3b9     1         CMakeFiles/PowerControl_3OutVer_CMAKE.dir/Core/Src/CallBack.c.obj:(.debug_line)
       0        0     197e     1 .debug_line_str
       0        0     197e     1         <internal>:(.debug_line_str)
       0        0       28     1 .debug_aranges
       0        0       28     1         CMakeFiles/PowerControl_3OutVer_CMAKE.dir/startup_stm32f103xb.s.obj:(.debug_aranges)
       0        0     2260     4 .symtab
       0        0     2260     4         <internal>:(.symtab)
       0        0      14b     1 .shstrtab
       0        0      14b     1         <internal>:(.shstrtab)
       0        0     186e     1 .strtab
       0        0     186e     1         <internal>:(.strtab)
